09:03:40 **** Build of configuration Debug for project TP1 ****
make -j16 all 
arm-none-eabi-gcc "../Drivers/STM32L4xx_HAL_Driver/Src/stm32l4xx_hal.c" -mcpu=cortex-m4 -std=gnu11 -g3 -DDEBUG -DUSE_HAL_DRIVER -DSTM32L476xx -c -I../Core/Inc -I../Drivers/STM32L4xx_HAL_Driver/Inc -I../Drivers/STM32L4xx_HAL_Driver/Inc/Legacy -I../Drivers/CMSIS/Device/ST/STM32L4xx/Include -I../Drivers/CMSIS/Include -O0 -ffunction-sections -fdata-sections -Wall -fstack-usage -fcyclomatic-complexity -MMD -MP -MF"Drivers/STM32L4xx_HAL_Driver/Src/stm32l4xx_hal.d" -MT"Drivers/STM32L4xx_HAL_Driver/Src/stm32l4xx_hal.o" --specs=nano.specs -mfpu=fpv4-sp-d16 -mfloat-abi=hard -mthumb -o "Drivers/STM32L4xx_HAL_Driver/Src/stm32l4xx_hal.o"
arm-none-eabi-gcc "../Drivers/STM32L4xx_HAL_Driver/Src/stm32l4xx_hal_cortex.c" -mcpu=cortex-m4 -std=gnu11 -g3 -DDEBUG -DUSE_HAL_DRIVER -DSTM32L476xx -c -I../Core/Inc -I../Drivers/STM32L4xx_HAL_Driver/Inc -I../Drivers/STM32L4xx_HAL_Driver/Inc/Legacy -I../Drivers/CMSIS/Device/ST/STM32L4xx/Include -I../Drivers/CMSIS/Include -O0 -ffunction-sections -fdata-sections -Wall -fstack-usage -fcyclomatic-complexity -MMD -MP -MF"Drivers/STM32L4xx_HAL_Driver/Src/stm32l4xx_hal_cortex.d" -MT"Drivers/STM32L4xx_HAL_Driver/Src/stm32l4xx_hal_cortex.o" --specs=nano.specs -mfpu=fpv4-sp-d16 -mfloat-abi=hard -mthumb -o "Drivers/STM32L4xx_HAL_Driver/Src/stm32l4xx_hal_cortex.o"
arm-none-eabi-gcc "../Drivers/STM32L4xx_HAL_Driver/Src/stm32l4xx_hal_dma.c" -mcpu=cortex-m4 -std=gnu11 -g3 -DDEBUG -DUSE_HAL_DRIVER -DSTM32L476xx -c -I../Core/Inc -I../Drivers/STM32L4xx_HAL_Driver/Inc -I../Drivers/STM32L4xx_HAL_Driver/Inc/Legacy -I../Drivers/CMSIS/Device/ST/STM32L4xx/Include -I../Drivers/CMSIS/Include -O0 -ffunction-sections -fdata-sections -Wall -fstack-usage -fcyclomatic-complexity -MMD -MP -MF"Drivers/STM32L4xx_HAL_Driver/Src/stm32l4xx_hal_dma.d" -MT"Drivers/STM32L4xx_HAL_Driver/Src/stm32l4xx_hal_dma.o" --specs=nano.specs -mfpu=fpv4-sp-d16 -mfloat-abi=hard -mthumb -o "Drivers/STM32L4xx_HAL_Driver/Src/stm32l4xx_hal_dma.o"
arm-none-eabi-gcc "../Drivers/STM32L4xx_HAL_Driver/Src/stm32l4xx_hal_dma_ex.c" -mcpu=cortex-m4 -std=gnu11 -g3 -DDEBUG -DUSE_HAL_DRIVER -DSTM32L476xx -c -I../Core/Inc -I../Drivers/STM32L4xx_HAL_Driver/Inc -I../Drivers/STM32L4xx_HAL_Driver/Inc/Legacy -I../Drivers/CMSIS/Device/ST/STM32L4xx/Include -I../Drivers/CMSIS/Include -O0 -ffunction-sections -fdata-sections -Wall -fstack-usage -fcyclomatic-complexity -MMD -MP -MF"Drivers/STM32L4xx_HAL_Driver/Src/stm32l4xx_hal_dma_ex.d" -MT"Drivers/STM32L4xx_HAL_Driver/Src/stm32l4xx_hal_dma_ex.o" --specs=nano.specs -mfpu=fpv4-sp-d16 -mfloat-abi=hard -mthumb -o "Drivers/STM32L4xx_HAL_Driver/Src/stm32l4xx_hal_dma_ex.o"
arm-none-eabi-gcc "../Drivers/STM32L4xx_HAL_Driver/Src/stm32l4xx_hal_exti.c" -mcpu=cortex-m4 -std=gnu11 -g3 -DDEBUG -DUSE_HAL_DRIVER -DSTM32L476xx -c -I../Core/Inc -I../Drivers/STM32L4xx_HAL_Driver/Inc -I../Drivers/STM32L4xx_HAL_Driver/Inc/Legacy -I../Drivers/CMSIS/Device/ST/STM32L4xx/Include -I../Drivers/CMSIS/Include -O0 -ffunction-sections -fdata-sections -Wall -fstack-usage -fcyclomatic-complexity -MMD -MP -MF"Drivers/STM32L4xx_HAL_Driver/Src/stm32l4xx_hal_exti.d" -MT"Drivers/STM32L4xx_HAL_Driver/Src/stm32l4xx_hal_exti.o" --specs=nano.specs -mfpu=fpv4-sp-d16 -mfloat-abi=hard -mthumb -o "Drivers/STM32L4xx_HAL_Driver/Src/stm32l4xx_hal_exti.o"
arm-none-eabi-gcc "../Drivers/STM32L4xx_HAL_Driver/Src/stm32l4xx_hal_flash.c" -mcpu=cortex-m4 -std=gnu11 -g3 -DDEBUG -DUSE_HAL_DRIVER -DSTM32L476xx -c -I../Core/Inc -I../Drivers/STM32L4xx_HAL_Driver/Inc -I../Drivers/STM32L4xx_HAL_Driver/Inc/Legacy -I../Drivers/CMSIS/Device/ST/STM32L4xx/Include -I../Drivers/CMSIS/Include -O0 -ffunction-sections -fdata-sections -Wall -fstack-usage -fcyclomatic-complexity -MMD -MP -MF"Drivers/STM32L4xx_HAL_Driver/Src/stm32l4xx_hal_flash.d" -MT"Drivers/STM32L4xx_HAL_Driver/Src/stm32l4xx_hal_flash.o" --specs=nano.specs -mfpu=fpv4-sp-d16 -mfloat-abi=hard -mthumb -o "Drivers/STM32L4xx_HAL_Driver/Src/stm32l4xx_hal_flash.o"
arm-none-eabi-gcc "../Drivers/STM32L4xx_HAL_Driver/Src/stm32l4xx_hal_flash_ex.c" -mcpu=cortex-m4 -std=gnu11 -g3 -DDEBUG -DUSE_HAL_DRIVER -DSTM32L476xx -c -I../Core/Inc -I../Drivers/STM32L4xx_HAL_Driver/Inc -I../Drivers/STM32L4xx_HAL_Driver/Inc/Legacy -I../Drivers/CMSIS/Device/ST/STM32L4xx/Include -I../Drivers/CMSIS/Include -O0 -ffunction-sections -fdata-sections -Wall -fstack-usage -fcyclomatic-complexity -MMD -MP -MF"Drivers/STM32L4xx_HAL_Driver/Src/stm32l4xx_hal_flash_ex.d" -MT"Drivers/STM32L4xx_HAL_Driver/Src/stm32l4xx_hal_flash_ex.o" --specs=nano.specs -mfpu=fpv4-sp-d16 -mfloat-abi=hard -mthumb -o "Drivers/STM32L4xx_HAL_Driver/Src/stm32l4xx_hal_flash_ex.o"
arm-none-eabi-gcc "../Drivers/STM32L4xx_HAL_Driver/Src/stm32l4xx_hal_flash_ramfunc.c" -mcpu=cortex-m4 -std=gnu11 -g3 -DDEBUG -DUSE_HAL_DRIVER -DSTM32L476xx -c -I../Core/Inc -I../Drivers/STM32L4xx_HAL_Driver/Inc -I../Drivers/STM32L4xx_HAL_Driver/Inc/Legacy -I../Drivers/CMSIS/Device/ST/STM32L4xx/Include -I../Drivers/CMSIS/Include -O0 -ffunction-sections -fdata-sections -Wall -fstack-usage -fcyclomatic-complexity -MMD -MP -MF"Drivers/STM32L4xx_HAL_Driver/Src/stm32l4xx_hal_flash_ramfunc.d" -MT"Drivers/STM32L4xx_HAL_Driver/Src/stm32l4xx_hal_flash_ramfunc.o" --specs=nano.specs -mfpu=fpv4-sp-d16 -mfloat-abi=hard -mthumb -o "Drivers/STM32L4xx_HAL_Driver/Src/stm32l4xx_hal_flash_ramfunc.o"
arm-none-eabi-gcc "../Drivers/STM32L4xx_HAL_Driver/Src/stm32l4xx_hal_gpio.c" -mcpu=cortex-m4 -std=gnu11 -g3 -DDEBUG -DUSE_HAL_DRIVER -DSTM32L476xx -c -I../Core/Inc -I../Drivers/STM32L4xx_HAL_Driver/Inc -I../Drivers/STM32L4xx_HAL_Driver/Inc/Legacy -I../Drivers/CMSIS/Device/ST/STM32L4xx/Include -I../Drivers/CMSIS/Include -O0 -ffunction-sections -fdata-sections -Wall -fstack-usage -fcyclomatic-complexity -MMD -MP -MF"Drivers/STM32L4xx_HAL_Driver/Src/stm32l4xx_hal_gpio.d" -MT"Drivers/STM32L4xx_HAL_Driver/Src/stm32l4xx_hal_gpio.o" --specs=nano.specs -mfpu=fpv4-sp-d16 -mfloat-abi=hard -mthumb -o "Drivers/STM32L4xx_HAL_Driver/Src/stm32l4xx_hal_gpio.o"
arm-none-eabi-gcc "../Drivers/STM32L4xx_HAL_Driver/Src/stm32l4xx_hal_i2c.c" -mcpu=cortex-m4 -std=gnu11 -g3 -DDEBUG -DUSE_HAL_DRIVER -DSTM32L476xx -c -I../Core/Inc -I../Drivers/STM32L4xx_HAL_Driver/Inc -I../Drivers/STM32L4xx_HAL_Driver/Inc/Legacy -I../Drivers/CMSIS/Device/ST/STM32L4xx/Include -I../Drivers/CMSIS/Include -O0 -ffunction-sections -fdata-sections -Wall -fstack-usage -fcyclomatic-complexity -MMD -MP -MF"Drivers/STM32L4xx_HAL_Driver/Src/stm32l4xx_hal_i2c.d" -MT"Drivers/STM32L4xx_HAL_Driver/Src/stm32l4xx_hal_i2c.o" --specs=nano.specs -mfpu=fpv4-sp-d16 -mfloat-abi=hard -mthumb -o "Drivers/STM32L4xx_HAL_Driver/Src/stm32l4xx_hal_i2c.o"
arm-none-eabi-gcc "../Drivers/STM32L4xx_HAL_Driver/Src/stm32l4xx_hal_i2c_ex.c" -mcpu=cortex-m4 -std=gnu11 -g3 -DDEBUG -DUSE_HAL_DRIVER -DSTM32L476xx -c -I../Core/Inc -I../Drivers/STM32L4xx_HAL_Driver/Inc -I../Drivers/STM32L4xx_HAL_Driver/Inc/Legacy -I../Drivers/CMSIS/Device/ST/STM32L4xx/Include -I../Drivers/CMSIS/Include -O0 -ffunction-sections -fdata-sections -Wall -fstack-usage -fcyclomatic-complexity -MMD -MP -MF"Drivers/STM32L4xx_HAL_Driver/Src/stm32l4xx_hal_i2c_ex.d" -MT"Drivers/STM32L4xx_HAL_Driver/Src/stm32l4xx_hal_i2c_ex.o" --specs=nano.specs -mfpu=fpv4-sp-d16 -mfloat-abi=hard -mthumb -o "Drivers/STM32L4xx_HAL_Driver/Src/stm32l4xx_hal_i2c_ex.o"
arm-none-eabi-gcc "../Drivers/STM32L4xx_HAL_Driver/Src/stm32l4xx_hal_pwr.c" -mcpu=cortex-m4 -std=gnu11 -g3 -DDEBUG -DUSE_HAL_DRIVER -DSTM32L476xx -c -I../Core/Inc -I../Drivers/STM32L4xx_HAL_Driver/Inc -I../Drivers/STM32L4xx_HAL_Driver/Inc/Legacy -I../Drivers/CMSIS/Device/ST/STM32L4xx/Include -I../Drivers/CMSIS/Include -O0 -ffunction-sections -fdata-sections -Wall -fstack-usage -fcyclomatic-complexity -MMD -MP -MF"Drivers/STM32L4xx_HAL_Driver/Src/stm32l4xx_hal_pwr.d" -MT"Drivers/STM32L4xx_HAL_Driver/Src/stm32l4xx_hal_pwr.o" --specs=nano.specs -mfpu=fpv4-sp-d16 -mfloat-abi=hard -mthumb -o "Drivers/STM32L4xx_HAL_Driver/Src/stm32l4xx_hal_pwr.o"
arm-none-eabi-gcc "../Drivers/STM32L4xx_HAL_Driver/Src/stm32l4xx_hal_pwr_ex.c" -mcpu=cortex-m4 -std=gnu11 -g3 -DDEBUG -DUSE_HAL_DRIVER -DSTM32L476xx -c -I../Core/Inc -I../Drivers/STM32L4xx_HAL_Driver/Inc -I../Drivers/STM32L4xx_HAL_Driver/Inc/Legacy -I../Drivers/CMSIS/Device/ST/STM32L4xx/Include -I../Drivers/CMSIS/Include -O0 -ffunction-sections -fdata-sections -Wall -fstack-usage -fcyclomatic-complexity -MMD -MP -MF"Drivers/STM32L4xx_HAL_Driver/Src/stm32l4xx_hal_pwr_ex.d" -MT"Drivers/STM32L4xx_HAL_Driver/Src/stm32l4xx_hal_pwr_ex.o" --specs=nano.specs -mfpu=fpv4-sp-d16 -mfloat-abi=hard -mthumb -o "Drivers/STM32L4xx_HAL_Driver/Src/stm32l4xx_hal_pwr_ex.o"
arm-none-eabi-gcc "../Drivers/STM32L4xx_HAL_Driver/Src/stm32l4xx_hal_rcc.c" -mcpu=cortex-m4 -std=gnu11 -g3 -DDEBUG -DUSE_HAL_DRIVER -DSTM32L476xx -c -I../Core/Inc -I../Drivers/STM32L4xx_HAL_Driver/Inc -I../Drivers/STM32L4xx_HAL_Driver/Inc/Legacy -I../Drivers/CMSIS/Device/ST/STM32L4xx/Include -I../Drivers/CMSIS/Include -O0 -ffunction-sections -fdata-sections -Wall -fstack-usage -fcyclomatic-complexity -MMD -MP -MF"Drivers/STM32L4xx_HAL_Driver/Src/stm32l4xx_hal_rcc.d" -MT"Drivers/STM32L4xx_HAL_Driver/Src/stm32l4xx_hal_rcc.o" --specs=nano.specs -mfpu=fpv4-sp-d16 -mfloat-abi=hard -mthumb -o "Drivers/STM32L4xx_HAL_Driver/Src/stm32l4xx_hal_rcc.o"
arm-none-eabi-gcc "../Drivers/STM32L4xx_HAL_Driver/Src/stm32l4xx_hal_rcc_ex.c" -mcpu=cortex-m4 -std=gnu11 -g3 -DDEBUG -DUSE_HAL_DRIVER -DSTM32L476xx -c -I../Core/Inc -I../Drivers/STM32L4xx_HAL_Driver/Inc -I../Drivers/STM32L4xx_HAL_Driver/Inc/Legacy -I../Drivers/CMSIS/Device/ST/STM32L4xx/Include -I../Drivers/CMSIS/Include -O0 -ffunction-sections -fdata-sections -Wall -fstack-usage -fcyclomatic-complexity -MMD -MP -MF"Drivers/STM32L4xx_HAL_Driver/Src/stm32l4xx_hal_rcc_ex.d" -MT"Drivers/STM32L4xx_HAL_Driver/Src/stm32l4xx_hal_rcc_ex.o" --specs=nano.specs -mfpu=fpv4-sp-d16 -mfloat-abi=hard -mthumb -o "Drivers/STM32L4xx_HAL_Driver/Src/stm32l4xx_hal_rcc_ex.o"
arm-none-eabi-gcc "../Drivers/STM32L4xx_HAL_Driver/Src/stm32l4xx_hal_tim.c" -mcpu=cortex-m4 -std=gnu11 -g3 -DDEBUG -DUSE_HAL_DRIVER -DSTM32L476xx -c -I../Core/Inc -I../Drivers/STM32L4xx_HAL_Driver/Inc -I../Drivers/STM32L4xx_HAL_Driver/Inc/Legacy -I../Drivers/CMSIS/Device/ST/STM32L4xx/Include -I../Drivers/CMSIS/Include -O0 -ffunction-sections -fdata-sections -Wall -fstack-usage -fcyclomatic-complexity -MMD -MP -MF"Drivers/STM32L4xx_HAL_Driver/Src/stm32l4xx_hal_tim.d" -MT"Drivers/STM32L4xx_HAL_Driver/Src/stm32l4xx_hal_tim.o" --specs=nano.specs -mfpu=fpv4-sp-d16 -mfloat-abi=hard -mthumb -o "Drivers/STM32L4xx_HAL_Driver/Src/stm32l4xx_hal_tim.o"
arm-none-eabi-gcc "../Drivers/STM32L4xx_HAL_Driver/Src/stm32l4xx_hal_tim_ex.c" -mcpu=cortex-m4 -std=gnu11 -g3 -DDEBUG -DUSE_HAL_DRIVER -DSTM32L476xx -c -I../Core/Inc -I../Drivers/STM32L4xx_HAL_Driver/Inc -I../Drivers/STM32L4xx_HAL_Driver/Inc/Legacy -I../Drivers/CMSIS/Device/ST/STM32L4xx/Include -I../Drivers/CMSIS/Include -O0 -ffunction-sections -fdata-sections -Wall -fstack-usage -fcyclomatic-complexity -MMD -MP -MF"Drivers/STM32L4xx_HAL_Driver/Src/stm32l4xx_hal_tim_ex.d" -MT"Drivers/STM32L4xx_HAL_Driver/Src/stm32l4xx_hal_tim_ex.o" --specs=nano.specs -mfpu=fpv4-sp-d16 -mfloat-abi=hard -mthumb -o "Drivers/STM32L4xx_HAL_Driver/Src/stm32l4xx_hal_tim_ex.o"
arm-none-eabi-gcc -mcpu=cortex-m4 -g3 -DDEBUG -c -x assembler-with-cpp -MMD -MP -MF"Core/Startup/myasm.d" -MT"Core/Startup/myasm.o" --specs=nano.specs -mfpu=fpv4-sp-d16 -mfloat-abi=hard -mthumb -o "Core/Startup/myasm.o" "../Core/Startup/myasm.s"
arm-none-eabi-gcc -mcpu=cortex-m4 -g3 -DDEBUG -c -x assembler-with-cpp -MMD -MP -MF"Core/Startup/startup_stm32l476rgtx.d" -MT"Core/Startup/startup_stm32l476rgtx.o" --specs=nano.specs -mfpu=fpv4-sp-d16 -mfloat-abi=hard -mthumb -o "Core/Startup/startup_stm32l476rgtx.o" "../Core/Startup/startup_stm32l476rgtx.s"
arm-none-eabi-gcc "../Core/Src/main.c" -mcpu=cortex-m4 -std=gnu11 -g3 -DDEBUG -DUSE_HAL_DRIVER -DSTM32L476xx -c -I../Core/Inc -I../Drivers/STM32L4xx_HAL_Driver/Inc -I../Drivers/STM32L4xx_HAL_Driver/Inc/Legacy -I../Drivers/CMSIS/Device/ST/STM32L4xx/Include -I../Drivers/CMSIS/Include -O0 -ffunction-sections -fdata-sections -Wall -fstack-usage -fcyclomatic-complexity -MMD -MP -MF"Core/Src/main.d" -MT"Core/Src/main.o" --specs=nano.specs -mfpu=fpv4-sp-d16 -mfloat-abi=hard -mthumb -o "Core/Src/main.o"
arm-none-eabi-gcc "../Core/Src/stm32l4xx_hal_msp.c" -mcpu=cortex-m4 -std=gnu11 -g3 -DDEBUG -DUSE_HAL_DRIVER -DSTM32L476xx -c -I../Core/Inc -I../Drivers/STM32L4xx_HAL_Driver/Inc -I../Drivers/STM32L4xx_HAL_Driver/Inc/Legacy -I../Drivers/CMSIS/Device/ST/STM32L4xx/Include -I../Drivers/CMSIS/Include -O0 -ffunction-sections -fdata-sections -Wall -fstack-usage -fcyclomatic-complexity -MMD -MP -MF"Core/Src/stm32l4xx_hal_msp.d" -MT"Core/Src/stm32l4xx_hal_msp.o" --specs=nano.specs -mfpu=fpv4-sp-d16 -mfloat-abi=hard -mthumb -o "Core/Src/stm32l4xx_hal_msp.o"
arm-none-eabi-gcc "../Core/Src/stm32l4xx_it.c" -mcpu=cortex-m4 -std=gnu11 -g3 -DDEBUG -DUSE_HAL_DRIVER -DSTM32L476xx -c -I../Core/Inc -I../Drivers/STM32L4xx_HAL_Driver/Inc -I../Drivers/STM32L4xx_HAL_Driver/Inc/Legacy -I../Drivers/CMSIS/Device/ST/STM32L4xx/Include -I../Drivers/CMSIS/Include -O0 -ffunction-sections -fdata-sections -Wall -fstack-usage -fcyclomatic-complexity -MMD -MP -MF"Core/Src/stm32l4xx_it.d" -MT"Core/Src/stm32l4xx_it.o" --specs=nano.specs -mfpu=fpv4-sp-d16 -mfloat-abi=hard -mthumb -o "Core/Src/stm32l4xx_it.o"
arm-none-eabi-gcc "../Core/Src/syscalls.c" -mcpu=cortex-m4 -std=gnu11 -g3 -DDEBUG -DUSE_HAL_DRIVER -DSTM32L476xx -c -I../Core/Inc -I../Drivers/STM32L4xx_HAL_Driver/Inc -I../Drivers/STM32L4xx_HAL_Driver/Inc/Legacy -I../Drivers/CMSIS/Device/ST/STM32L4xx/Include -I../Drivers/CMSIS/Include -O0 -ffunction-sections -fdata-sections -Wall -fstack-usage -fcyclomatic-complexity -MMD -MP -MF"Core/Src/syscalls.d" -MT"Core/Src/syscalls.o" --specs=nano.specs -mfpu=fpv4-sp-d16 -mfloat-abi=hard -mthumb -o "Core/Src/syscalls.o"
arm-none-eabi-gcc "../Core/Src/sysmem.c" -mcpu=cortex-m4 -std=gnu11 -g3 -DDEBUG -DUSE_HAL_DRIVER -DSTM32L476xx -c -I../Core/Inc -I../Drivers/STM32L4xx_HAL_Driver/Inc -I../Drivers/STM32L4xx_HAL_Driver/Inc/Legacy -I../Drivers/CMSIS/Device/ST/STM32L4xx/Include -I../Drivers/CMSIS/Include -O0 -ffunction-sections -fdata-sections -Wall -fstack-usage -fcyclomatic-complexity -MMD -MP -MF"Core/Src/sysmem.d" -MT"Core/Src/sysmem.o" --specs=nano.specs -mfpu=fpv4-sp-d16 -mfloat-abi=hard -mthumb -o "Core/Src/sysmem.o"
arm-none-eabi-gcc "../Core/Src/system_stm32l4xx.c" -mcpu=cortex-m4 -std=gnu11 -g3 -DDEBUG -DUSE_HAL_DRIVER -DSTM32L476xx -c -I../Core/Inc -I../Drivers/STM32L4xx_HAL_Driver/Inc -I../Drivers/STM32L4xx_HAL_Driver/Inc/Legacy -I../Drivers/CMSIS/Device/ST/STM32L4xx/Include -I../Drivers/CMSIS/Include -O0 -ffunction-sections -fdata-sections -Wall -fstack-usage -fcyclomatic-complexity -MMD -MP -MF"Core/Src/system_stm32l4xx.d" -MT"Core/Src/system_stm32l4xx.o" --specs=nano.specs -mfpu=fpv4-sp-d16 -mfloat-abi=hard -mthumb -o "Core/Src/system_stm32l4xx.o"
arm-none-eabi-gcc -o "TP1.elf" @"objects.list"   -mcpu=cortex-m4 -T"C:\Users\franc\OneDrive - ENSEA\S6\uP\Cube Workspace S6\TP1\STM32L476RGTX_FLASH.ld" --specs=nosys.specs -Wl,-Map="TP1.map" -Wl,--gc-sections -static --specs=nano.specs -mfpu=fpv4-sp-d16 -mfloat-abi=hard -mthumb -Wl,--start-group -lc -lm -Wl,--end-group
Finished building target: TP1.elf
 
arm-none-eabi-size  TP1.elf 
arm-none-eabi-objdump -h -S TP1.elf  > "TP1.list"
   text	   data	    bss	    dec	    hex	filename
    964	      4	   1572	   2540	    9ec	TP1.elf
Finished building: default.size.stdout
 
Finished building: TP1.list
 
09:04:01 **** Incremental Build of configuration Debug for project TP1 ****
make -j16 all 
arm-none-eabi-size  TP1.elf 
   text	   data	    bss	    dec	    hex	filename
    964	      4	   1572	   2540	    9ec	TP1.elf
Finished building: default.size.stdout
 
09:05:40 **** Incremental Build of configuration Debug for project TP1 ****
make -j16 all 
arm-none-eabi-size  TP1.elf 
   text	   data	    bss	    dec	    hex	filename
    964	      4	   1572	   2540	    9ec	TP1.elf
Finished building: default.size.stdout
 
09:14:07 **** Incremental Build of configuration Debug for project TP1 ****
make -j16 all 
arm-none-eabi-size  TP1.elf 
   text	   data	    bss	    dec	    hex	filename
    964	      4	   1572	   2540	    9ec	TP1.elf
Finished building: default.size.stdout
 
09:15:34 **** Incremental Build of configuration Debug for project TP1 ****
make -j16 all 
arm-none-eabi-size  TP1.elf 
   text	   data	    bss	    dec	    hex	filename
    964	      4	   1572	   2540	    9ec	TP1.elf
Finished building: default.size.stdout
 
09:16:52 **** Incremental Build of configuration Debug for project TP1 ****
make -j16 all 
arm-none-eabi-size  TP1.elf 
   text	   data	    bss	    dec	    hex	filename
    964	      4	   1572	   2540	    9ec	TP1.elf
Finished building: default.size.stdout
 
09:16:59 **** Incremental Build of configuration Debug for project TP1 ****
make -j16 all 
arm-none-eabi-size  TP1.elf 
   text	   data	    bss	    dec	    hex	filename
    964	      4	   1572	   2540	    9ec	TP1.elf
Finished building: default.size.stdout
 
09:18:44 **** Incremental Build of configuration Debug for project TP1 ****
make -j16 all 
arm-none-eabi-size  TP1.elf 
   text	   data	    bss	    dec	    hex	filename
    964	      4	   1572	   2540	    9ec	TP1.elf
Finished building: default.size.stdout
 
09:24:00 **** Incremental Build of configuration Debug for project TP1 ****
make -j16 all 
arm-none-eabi-size  TP1.elf 
   text	   data	    bss	    dec	    hex	filename
    964	      4	   1572	   2540	    9ec	TP1.elf
Finished building: default.size.stdout
 
09:24:09 **** Incremental Build of configuration Debug for project TP1 ****
make -j16 all 
arm-none-eabi-size  TP1.elf 
   text	   data	    bss	    dec	    hex	filename
    964	      4	   1572	   2540	    9ec	TP1.elf
Finished building: default.size.stdout
 
09:25:15 **** Incremental Build of configuration Debug for project TP1 ****
make -j16 all 
arm-none-eabi-gcc -mcpu=cortex-m4 -g3 -DDEBUG -c -x assembler-with-cpp -MMD -MP -MF"Core/Startup/myasm.d" -MT"Core/Startup/myasm.o" --specs=nano.specs -mfpu=fpv4-sp-d16 -mfloat-abi=hard -mthumb -o "Core/Startup/myasm.o" "../Core/Startup/myasm.s"
arm-none-eabi-gcc -o "TP1.elf" @"objects.list"   -mcpu=cortex-m4 -T"C:\Users\franc\OneDrive - ENSEA\S6\uP\Cube Workspace S6\TP1\STM32L476RGTX_FLASH.ld" --specs=nosys.specs -Wl,-Map="TP1.map" -Wl,--gc-sections -static --specs=nano.specs -mfpu=fpv4-sp-d16 -mfloat-abi=hard -mthumb -Wl,--start-group -lc -lm -Wl,--end-group
Finished building target: TP1.elf
 
arm-none-eabi-size  TP1.elf 
arm-none-eabi-objdump -h -S TP1.elf  > "TP1.list"
   text	   data	    bss	    dec	    hex	filename
    968	      4	   1572	   2544	    9f0	TP1.elf
Finished building: default.size.stdout
 
Finished building: TP1.list
 
09:38:33 **** Incremental Build of configuration Debug for project TP1 ****
make -j16 all 
arm-none-eabi-size  TP1.elf 
   text	   data	    bss	    dec	    hex	filename
    968	      4	   1572	   2544	    9f0	TP1.elf
Finished building: default.size.stdout
 
09:40:53 **** Incremental Build of configuration Debug for project TP1 ****
make -j16 all 
arm-none-eabi-size  TP1.elf 
   text	   data	    bss	    dec	    hex	filename
    968	      4	   1572	   2544	    9f0	TP1.elf
Finished building: default.size.stdout
 
09:44:37 **** Incremental Build of configuration Debug for project TP1 ****
make -j16 all 
arm-none-eabi-size  TP1.elf 
   text	   data	    bss	    dec	    hex	filename
    968	      4	   1572	   2544	    9f0	TP1.elf
Finished building: default.size.stdout
 
09:44:51 **** Incremental Build of configuration Debug for project TP1 ****
make -j16 all 
arm-none-eabi-size  TP1.elf 
   text	   data	    bss	    dec	    hex	filename
    968	      4	   1572	   2544	    9f0	TP1.elf
Finished building: default.size.stdout
 
09:53:26 **** Incremental Build of configuration Debug for project TP1 ****
make -j16 all 
arm-none-eabi-gcc -mcpu=cortex-m4 -g3 -DDEBUG -c -x assembler-with-cpp -MMD -MP -MF"Core/Startup/myasm.d" -MT"Core/Startup/myasm.o" --specs=nano.specs -mfpu=fpv4-sp-d16 -mfloat-abi=hard -mthumb -o "Core/Startup/myasm.o" "../Core/Startup/myasm.s"
arm-none-eabi-gcc -o "TP1.elf" @"objects.list"   -mcpu=cortex-m4 -T"C:\Users\franc\OneDrive - ENSEA\S6\uP\Cube Workspace S6\TP1\STM32L476RGTX_FLASH.ld" --specs=nosys.specs -Wl,-Map="TP1.map" -Wl,--gc-sections -static --specs=nano.specs -mfpu=fpv4-sp-d16 -mfloat-abi=hard -mthumb -Wl,--start-group -lc -lm -Wl,--end-group
Finished building target: TP1.elf
 
arm-none-eabi-size  TP1.elf 
arm-none-eabi-objdump -h -S TP1.elf  > "TP1.list"
   text	   data	    bss	    dec	    hex	filename
    968	      4	   1572	   2544	    9f0	TP1.elf
Finished building: default.size.stdout
 
Finished building: TP1.list
 
09:55:08 **** Incremental Build of configuration Debug for project TP1 ****
make -j16 all 
arm-none-eabi-size  TP1.elf 
   text	   data	    bss	    dec	    hex	filename
    968	      4	   1572	   2544	    9f0	TP1.elf
Finished building: default.size.stdout
 
10:13:51 **** Incremental Build of configuration Debug for project TP1 ****
make -j16 all 
arm-none-eabi-gcc -mcpu=cortex-m4 -g3 -DDEBUG -c -x assembler-with-cpp -MMD -MP -MF"Core/Startup/myasm.d" -MT"Core/Startup/myasm.o" --specs=nano.specs -mfpu=fpv4-sp-d16 -mfloat-abi=hard -mthumb -o "Core/Startup/myasm.o" "../Core/Startup/myasm.s"
arm-none-eabi-gcc -o "TP1.elf" @"objects.list"   -mcpu=cortex-m4 -T"C:\Users\franc\OneDrive - ENSEA\S6\uP\Cube Workspace S6\TP1\STM32L476RGTX_FLASH.ld" --specs=nosys.specs -Wl,-Map="TP1.map" -Wl,--gc-sections -static --specs=nano.specs -mfpu=fpv4-sp-d16 -mfloat-abi=hard -mthumb -Wl,--start-group -lc -lm -Wl,--end-group
Finished building target: TP1.elf
 
arm-none-eabi-size  TP1.elf 
arm-none-eabi-objdump -h -S TP1.elf  > "TP1.list"
   text	   data	    bss	    dec	    hex	filename
    968	      4	   1572	   2544	    9f0	TP1.elf
Finished building: default.size.stdout
 
Finished building: TP1.list
 
10:16:44 **** Incremental Build of configuration Debug for project TP1 ****
make -j16 all 
arm-none-eabi-gcc -mcpu=cortex-m4 -g3 -DDEBUG -c -x assembler-with-cpp -MMD -MP -MF"Core/Startup/myasm.d" -MT"Core/Startup/myasm.o" --specs=nano.specs -mfpu=fpv4-sp-d16 -mfloat-abi=hard -mthumb -o "Core/Startup/myasm.o" "../Core/Startup/myasm.s"
arm-none-eabi-gcc -o "TP1.elf" @"objects.list"   -mcpu=cortex-m4 -T"C:\Users\franc\OneDrive - ENSEA\S6\uP\Cube Workspace S6\TP1\STM32L476RGTX_FLASH.ld" --specs=nosys.specs -Wl,-Map="TP1.map" -Wl,--gc-sections -static --specs=nano.specs -mfpu=fpv4-sp-d16 -mfloat-abi=hard -mthumb -Wl,--start-group -lc -lm -Wl,--end-group
Finished building target: TP1.elf
 
arm-none-eabi-size  TP1.elf 
arm-none-eabi-objdump -h -S TP1.elf  > "TP1.list"
   text	   data	    bss	    dec	    hex	filename
    968	      4	   1572	   2544	    9f0	TP1.elf
Finished building: default.size.stdout
 
Finished building: TP1.list
 
10:23:37 **** Incremental Build of configuration Debug for project TP1 ****
make -j16 all 
arm-none-eabi-gcc -mcpu=cortex-m4 -g3 -DDEBUG -c -x assembler-with-cpp -MMD -MP -MF"Core/Startup/myasm.d" -MT"Core/Startup/myasm.o" --specs=nano.specs -mfpu=fpv4-sp-d16 -mfloat-abi=hard -mthumb -o "Core/Startup/myasm.o" "../Core/Startup/myasm.s"
arm-none-eabi-gcc -o "TP1.elf" @"objects.list"   -mcpu=cortex-m4 -T"C:\Users\franc\OneDrive - ENSEA\S6\uP\Cube Workspace S6\TP1\STM32L476RGTX_FLASH.ld" --specs=nosys.specs -Wl,-Map="TP1.map" -Wl,--gc-sections -static --specs=nano.specs -mfpu=fpv4-sp-d16 -mfloat-abi=hard -mthumb -Wl,--start-group -lc -lm -Wl,--end-group
Finished building target: TP1.elf
 
arm-none-eabi-size  TP1.elf 
arm-none-eabi-objdump -h -S TP1.elf  > "TP1.list"
   text	   data	    bss	    dec	    hex	filename
    968	      4	   1572	   2544	    9f0	TP1.elf
Finished building: default.size.stdout
 
Finished building: TP1.list
 
10:24:02 **** Incremental Build of configuration Debug for project TP1 ****
make -j16 all 
arm-none-eabi-size  TP1.elf 
   text	   data	    bss	    dec	    hex	filename
    968	      4	   1572	   2544	    9f0	TP1.elf
Finished building: default.size.stdout
 
11:11:03 **** Incremental Build of configuration Debug for project TP1 ****
make -j16 all 
arm-none-eabi-gcc -mcpu=cortex-m4 -g3 -DDEBUG -c -x assembler-with-cpp -MMD -MP -MF"Core/Startup/myasm.d" -MT"Core/Startup/myasm.o" --specs=nano.specs -mfpu=fpv4-sp-d16 -mfloat-abi=hard -mthumb -o "Core/Startup/myasm.o" "../Core/Startup/myasm.s"
arm-none-eabi-gcc -o "TP1.elf" @"objects.list"   -mcpu=cortex-m4 -T"C:\Users\franc\OneDrive - ENSEA\S6\uP\Cube Workspace S6\TP1\STM32L476RGTX_FLASH.ld" --specs=nosys.specs -Wl,-Map="TP1.map" -Wl,--gc-sections -static --specs=nano.specs -mfpu=fpv4-sp-d16 -mfloat-abi=hard -mthumb -Wl,--start-group -lc -lm -Wl,--end-group
Finished building target: TP1.elf
 
arm-none-eabi-size  TP1.elf 
arm-none-eabi-objdump -h -S TP1.elf  > "TP1.list"
   text	   data	    bss	    dec	    hex	filename
    968	      4	   1572	   2544	    9f0	TP1.elf
Finished building: default.size.stdout
 
Finished building: TP1.list
 
11:14:20 **** Incremental Build of configuration Debug for project TP1 ****
make -j16 all 
arm-none-eabi-size  TP1.elf 
   text	   data	    bss	    dec	    hex	filename
    968	      4	   1572	   2544	    9f0	TP1.elf
Finished building: default.size.stdout
 
12:01:00 **** Incremental Build of configuration Debug for project TP1 ****
make -j16 all 
arm-none-eabi-size  TP1.elf 
   text	   data	    bss	    dec	    hex	filename
    968	      4	   1572	   2544	    9f0	TP1.elf
Finished building: default.size.stdout
 
12:01:18 **** Incremental Build of configuration Debug for project TP1 ****
make -j16 all 
arm-none-eabi-size  TP1.elf 
   text	   data	    bss	    dec	    hex	filename
    968	      4	   1572	   2544	    9f0	TP1.elf
Finished building: default.size.stdout
 
16:42:46 **** Incremental Build of configuration Debug for project TP1 ****
make -j16 all 
arm-none-eabi-size  TP1.elf 
   text	   data	    bss	    dec	    hex	filename
    968	      4	   1572	   2544	    9f0	TP1.elf
Finished building: default.size.stdout
 
16:55:22 **** Incremental Build of configuration Debug for project TP1 ****
make -j16 all 
arm-none-eabi-size  TP1.elf 
   text	   data	    bss	    dec	    hex	filename
    968	      4	   1572	   2544	    9f0	TP1.elf
Finished building: default.size.stdout
 
16:58:51 **** Incremental Build of configuration Debug for project TP1 ****
make -j16 all 
arm-none-eabi-size  TP1.elf 
   text	   data	    bss	    dec	    hex	filename
    968	      4	   1572	   2544	    9f0	TP1.elf
Finished building: default.size.stdout
 
17:09:33 **** Incremental Build of configuration Debug for project TP1 ****
make -j16 all 
arm-none-eabi-size  TP1.elf 
   text	   data	    bss	    dec	    hex	filename
    968	      4	   1572	   2544	    9f0	TP1.elf
Finished building: default.size.stdout
 
18:03:07 **** Incremental Build of configuration Debug for project TP1 ****
make -j16 all 
arm-none-eabi-gcc -mcpu=cortex-m4 -g3 -DDEBUG -c -x assembler-with-cpp -MMD -MP -MF"Core/Startup/myasm.d" -MT"Core/Startup/myasm.o" --specs=nano.specs -mfpu=fpv4-sp-d16 -mfloat-abi=hard -mthumb -o "Core/Startup/myasm.o" "../Core/Startup/myasm.s"
arm-none-eabi-gcc -o "TP1.elf" @"objects.list"   -mcpu=cortex-m4 -T"C:\Users\franc\OneDrive - ENSEA\S6\uP\Cube Workspace S6\TP1\STM32L476RGTX_FLASH.ld" --specs=nosys.specs -Wl,-Map="TP1.map" -Wl,--gc-sections -static --specs=nano.specs -mfpu=fpv4-sp-d16 -mfloat-abi=hard -mthumb -Wl,--start-group -lc -lm -Wl,--end-group
Finished building target: TP1.elf
 
arm-none-eabi-size  TP1.elf 
arm-none-eabi-objdump -h -S TP1.elf  > "TP1.list"
   text	   data	    bss	    dec	    hex	filename
    968	      4	   1572	   2544	    9f0	TP1.elf
Finished building: default.size.stdout
 
Finished building: TP1.list
 
18:03:41 **** Incremental Build of configuration Debug for project TP1 ****
make -j16 all 
arm-none-eabi-size  TP1.elf 
   text	   data	    bss	    dec	    hex	filename
    968	      4	   1572	   2544	    9f0	TP1.elf
Finished building: default.size.stdout
 
18:04:16 **** Incremental Build of configuration Debug for project TP1 ****
make -j16 all 
arm-none-eabi-size  TP1.elf 
   text	   data	    bss	    dec	    hex	filename
    968	      4	   1572	   2544	    9f0	TP1.elf
Finished building: default.size.stdout
 
18:04:45 **** Incremental Build of configuration Debug for project TP1 ****
make -j16 all 
arm-none-eabi-size  TP1.elf 
   text	   data	    bss	    dec	    hex	filename
    968	      4	   1572	   2544	    9f0	TP1.elf
Finished building: default.size.stdout
 
18:05:35 **** Incremental Build of configuration Debug for project TP1 ****
make -j16 all 
arm-none-eabi-gcc -mcpu=cortex-m4 -g3 -DDEBUG -c -x assembler-with-cpp -MMD -MP -MF"Core/Startup/myasm.d" -MT"Core/Startup/myasm.o" --specs=nano.specs -mfpu=fpv4-sp-d16 -mfloat-abi=hard -mthumb -o "Core/Startup/myasm.o" "../Core/Startup/myasm.s"
arm-none-eabi-gcc -o "TP1.elf" @"objects.list"   -mcpu=cortex-m4 -T"C:\Users\franc\OneDrive - ENSEA\S6\uP\Cube Workspace S6\TP1\STM32L476RGTX_FLASH.ld" --specs=nosys.specs -Wl,-Map="TP1.map" -Wl,--gc-sections -static --specs=nano.specs -mfpu=fpv4-sp-d16 -mfloat-abi=hard -mthumb -Wl,--start-group -lc -lm -Wl,--end-group
Finished building target: TP1.elf
 
arm-none-eabi-size  TP1.elf 
arm-none-eabi-objdump -h -S TP1.elf  > "TP1.list"
   text	   data	    bss	    dec	    hex	filename
    968	      4	   1572	   2544	    9f0	TP1.elf
Finished building: default.size.stdout
 
Finished building: TP1.list
 
18:40:06 **** Incremental Build of configuration Debug for project TP1 ****
make -j16 all 
arm-none-eabi-gcc -mcpu=cortex-m4 -g3 -DDEBUG -c -x assembler-with-cpp -MMD -MP -MF"Core/Startup/myasm.d" -MT"Core/Startup/myasm.o" --specs=nano.specs -mfpu=fpv4-sp-d16 -mfloat-abi=hard -mthumb -o "Core/Startup/myasm.o" "../Core/Startup/myasm.s"
arm-none-eabi-gcc -o "TP1.elf" @"objects.list"   -mcpu=cortex-m4 -T"C:\Users\franc\OneDrive - ENSEA\S6\uP\Cube Workspace S6\TP1\STM32L476RGTX_FLASH.ld" --specs=nosys.specs -Wl,-Map="TP1.map" -Wl,--gc-sections -static --specs=nano.specs -mfpu=fpv4-sp-d16 -mfloat-abi=hard -mthumb -Wl,--start-group -lc -lm -Wl,--end-group
Finished building target: TP1.elf
 
arm-none-eabi-size  TP1.elf 
arm-none-eabi-objdump -h -S TP1.elf  > "TP1.list"
   text	   data	    bss	    dec	    hex	filename
    968	      4	   1572	   2544	    9f0	TP1.elf
Finished building: default.size.stdout
 
Finished building: TP1.list
 
18:41:20 **** Incremental Build of configuration Debug for project TP1 ****
make -j16 all 
arm-none-eabi-size  TP1.elf 
   text	   data	    bss	    dec	    hex	filename
    968	      4	   1572	   2544	    9f0	TP1.elf
Finished building: default.size.stdout
 
00:06:42 **** Build of configuration Debug for project TP2_TP3 ****
make -j16 all 
arm-none-eabi-gcc "../Drivers/STM32L4xx_HAL_Driver/Src/stm32l4xx_hal.c" -mcpu=cortex-m4 -std=gnu11 -g3 -DDEBUG -DUSE_HAL_DRIVER -DSTM32L476xx -c -I../Core/Inc -I../Drivers/STM32L4xx_HAL_Driver/Inc -I../Drivers/STM32L4xx_HAL_Driver/Inc/Legacy -I../Drivers/CMSIS/Device/ST/STM32L4xx/Include -I../Drivers/CMSIS/Include -O0 -ffunction-sections -fdata-sections -Wall -fstack-usage -fcyclomatic-complexity -MMD -MP -MF"Drivers/STM32L4xx_HAL_Driver/Src/stm32l4xx_hal.d" -MT"Drivers/STM32L4xx_HAL_Driver/Src/stm32l4xx_hal.o" --specs=nano.specs -mfpu=fpv4-sp-d16 -mfloat-abi=hard -mthumb -o "Drivers/STM32L4xx_HAL_Driver/Src/stm32l4xx_hal.o"
arm-none-eabi-gcc "../Drivers/STM32L4xx_HAL_Driver/Src/stm32l4xx_hal_cortex.c" -mcpu=cortex-m4 -std=gnu11 -g3 -DDEBUG -DUSE_HAL_DRIVER -DSTM32L476xx -c -I../Core/Inc -I../Drivers/STM32L4xx_HAL_Driver/Inc -I../Drivers/STM32L4xx_HAL_Driver/Inc/Legacy -I../Drivers/CMSIS/Device/ST/STM32L4xx/Include -I../Drivers/CMSIS/Include -O0 -ffunction-sections -fdata-sections -Wall -fstack-usage -fcyclomatic-complexity -MMD -MP -MF"Drivers/STM32L4xx_HAL_Driver/Src/stm32l4xx_hal_cortex.d" -MT"Drivers/STM32L4xx_HAL_Driver/Src/stm32l4xx_hal_cortex.o" --specs=nano.specs -mfpu=fpv4-sp-d16 -mfloat-abi=hard -mthumb -o "Drivers/STM32L4xx_HAL_Driver/Src/stm32l4xx_hal_cortex.o"
arm-none-eabi-gcc "../Drivers/STM32L4xx_HAL_Driver/Src/stm32l4xx_hal_dma.c" -mcpu=cortex-m4 -std=gnu11 -g3 -DDEBUG -DUSE_HAL_DRIVER -DSTM32L476xx -c -I../Core/Inc -I../Drivers/STM32L4xx_HAL_Driver/Inc -I../Drivers/STM32L4xx_HAL_Driver/Inc/Legacy -I../Drivers/CMSIS/Device/ST/STM32L4xx/Include -I../Drivers/CMSIS/Include -O0 -ffunction-sections -fdata-sections -Wall -fstack-usage -fcyclomatic-complexity -MMD -MP -MF"Drivers/STM32L4xx_HAL_Driver/Src/stm32l4xx_hal_dma.d" -MT"Drivers/STM32L4xx_HAL_Driver/Src/stm32l4xx_hal_dma.o" --specs=nano.specs -mfpu=fpv4-sp-d16 -mfloat-abi=hard -mthumb -o "Drivers/STM32L4xx_HAL_Driver/Src/stm32l4xx_hal_dma.o"
arm-none-eabi-gcc "../Drivers/STM32L4xx_HAL_Driver/Src/stm32l4xx_hal_dma_ex.c" -mcpu=cortex-m4 -std=gnu11 -g3 -DDEBUG -DUSE_HAL_DRIVER -DSTM32L476xx -c -I../Core/Inc -I../Drivers/STM32L4xx_HAL_Driver/Inc -I../Drivers/STM32L4xx_HAL_Driver/Inc/Legacy -I../Drivers/CMSIS/Device/ST/STM32L4xx/Include -I../Drivers/CMSIS/Include -O0 -ffunction-sections -fdata-sections -Wall -fstack-usage -fcyclomatic-complexity -MMD -MP -MF"Drivers/STM32L4xx_HAL_Driver/Src/stm32l4xx_hal_dma_ex.d" -MT"Drivers/STM32L4xx_HAL_Driver/Src/stm32l4xx_hal_dma_ex.o" --specs=nano.specs -mfpu=fpv4-sp-d16 -mfloat-abi=hard -mthumb -o "Drivers/STM32L4xx_HAL_Driver/Src/stm32l4xx_hal_dma_ex.o"
arm-none-eabi-gcc "../Drivers/STM32L4xx_HAL_Driver/Src/stm32l4xx_hal_exti.c" -mcpu=cortex-m4 -std=gnu11 -g3 -DDEBUG -DUSE_HAL_DRIVER -DSTM32L476xx -c -I../Core/Inc -I../Drivers/STM32L4xx_HAL_Driver/Inc -I../Drivers/STM32L4xx_HAL_Driver/Inc/Legacy -I../Drivers/CMSIS/Device/ST/STM32L4xx/Include -I../Drivers/CMSIS/Include -O0 -ffunction-sections -fdata-sections -Wall -fstack-usage -fcyclomatic-complexity -MMD -MP -MF"Drivers/STM32L4xx_HAL_Driver/Src/stm32l4xx_hal_exti.d" -MT"Drivers/STM32L4xx_HAL_Driver/Src/stm32l4xx_hal_exti.o" --specs=nano.specs -mfpu=fpv4-sp-d16 -mfloat-abi=hard -mthumb -o "Drivers/STM32L4xx_HAL_Driver/Src/stm32l4xx_hal_exti.o"
arm-none-eabi-gcc "../Drivers/STM32L4xx_HAL_Driver/Src/stm32l4xx_hal_flash.c" -mcpu=cortex-m4 -std=gnu11 -g3 -DDEBUG -DUSE_HAL_DRIVER -DSTM32L476xx -c -I../Core/Inc -I../Drivers/STM32L4xx_HAL_Driver/Inc -I../Drivers/STM32L4xx_HAL_Driver/Inc/Legacy -I../Drivers/CMSIS/Device/ST/STM32L4xx/Include -I../Drivers/CMSIS/Include -O0 -ffunction-sections -fdata-sections -Wall -fstack-usage -fcyclomatic-complexity -MMD -MP -MF"Drivers/STM32L4xx_HAL_Driver/Src/stm32l4xx_hal_flash.d" -MT"Drivers/STM32L4xx_HAL_Driver/Src/stm32l4xx_hal_flash.o" --specs=nano.specs -mfpu=fpv4-sp-d16 -mfloat-abi=hard -mthumb -o "Drivers/STM32L4xx_HAL_Driver/Src/stm32l4xx_hal_flash.o"
arm-none-eabi-gcc "../Drivers/STM32L4xx_HAL_Driver/Src/stm32l4xx_hal_flash_ex.c" -mcpu=cortex-m4 -std=gnu11 -g3 -DDEBUG -DUSE_HAL_DRIVER -DSTM32L476xx -c -I../Core/Inc -I../Drivers/STM32L4xx_HAL_Driver/Inc -I../Drivers/STM32L4xx_HAL_Driver/Inc/Legacy -I../Drivers/CMSIS/Device/ST/STM32L4xx/Include -I../Drivers/CMSIS/Include -O0 -ffunction-sections -fdata-sections -Wall -fstack-usage -fcyclomatic-complexity -MMD -MP -MF"Drivers/STM32L4xx_HAL_Driver/Src/stm32l4xx_hal_flash_ex.d" -MT"Drivers/STM32L4xx_HAL_Driver/Src/stm32l4xx_hal_flash_ex.o" --specs=nano.specs -mfpu=fpv4-sp-d16 -mfloat-abi=hard -mthumb -o "Drivers/STM32L4xx_HAL_Driver/Src/stm32l4xx_hal_flash_ex.o"
arm-none-eabi-gcc "../Drivers/STM32L4xx_HAL_Driver/Src/stm32l4xx_hal_flash_ramfunc.c" -mcpu=cortex-m4 -std=gnu11 -g3 -DDEBUG -DUSE_HAL_DRIVER -DSTM32L476xx -c -I../Core/Inc -I../Drivers/STM32L4xx_HAL_Driver/Inc -I../Drivers/STM32L4xx_HAL_Driver/Inc/Legacy -I../Drivers/CMSIS/Device/ST/STM32L4xx/Include -I../Drivers/CMSIS/Include -O0 -ffunction-sections -fdata-sections -Wall -fstack-usage -fcyclomatic-complexity -MMD -MP -MF"Drivers/STM32L4xx_HAL_Driver/Src/stm32l4xx_hal_flash_ramfunc.d" -MT"Drivers/STM32L4xx_HAL_Driver/Src/stm32l4xx_hal_flash_ramfunc.o" --specs=nano.specs -mfpu=fpv4-sp-d16 -mfloat-abi=hard -mthumb -o "Drivers/STM32L4xx_HAL_Driver/Src/stm32l4xx_hal_flash_ramfunc.o"
arm-none-eabi-gcc "../Drivers/STM32L4xx_HAL_Driver/Src/stm32l4xx_hal_gpio.c" -mcpu=cortex-m4 -std=gnu11 -g3 -DDEBUG -DUSE_HAL_DRIVER -DSTM32L476xx -c -I../Core/Inc -I../Drivers/STM32L4xx_HAL_Driver/Inc -I../Drivers/STM32L4xx_HAL_Driver/Inc/Legacy -I../Drivers/CMSIS/Device/ST/STM32L4xx/Include -I../Drivers/CMSIS/Include -O0 -ffunction-sections -fdata-sections -Wall -fstack-usage -fcyclomatic-complexity -MMD -MP -MF"Drivers/STM32L4xx_HAL_Driver/Src/stm32l4xx_hal_gpio.d" -MT"Drivers/STM32L4xx_HAL_Driver/Src/stm32l4xx_hal_gpio.o" --specs=nano.specs -mfpu=fpv4-sp-d16 -mfloat-abi=hard -mthumb -o "Drivers/STM32L4xx_HAL_Driver/Src/stm32l4xx_hal_gpio.o"
arm-none-eabi-gcc "../Drivers/STM32L4xx_HAL_Driver/Src/stm32l4xx_hal_i2c.c" -mcpu=cortex-m4 -std=gnu11 -g3 -DDEBUG -DUSE_HAL_DRIVER -DSTM32L476xx -c -I../Core/Inc -I../Drivers/STM32L4xx_HAL_Driver/Inc -I../Drivers/STM32L4xx_HAL_Driver/Inc/Legacy -I../Drivers/CMSIS/Device/ST/STM32L4xx/Include -I../Drivers/CMSIS/Include -O0 -ffunction-sections -fdata-sections -Wall -fstack-usage -fcyclomatic-complexity -MMD -MP -MF"Drivers/STM32L4xx_HAL_Driver/Src/stm32l4xx_hal_i2c.d" -MT"Drivers/STM32L4xx_HAL_Driver/Src/stm32l4xx_hal_i2c.o" --specs=nano.specs -mfpu=fpv4-sp-d16 -mfloat-abi=hard -mthumb -o "Drivers/STM32L4xx_HAL_Driver/Src/stm32l4xx_hal_i2c.o"
arm-none-eabi-gcc "../Drivers/STM32L4xx_HAL_Driver/Src/stm32l4xx_hal_i2c_ex.c" -mcpu=cortex-m4 -std=gnu11 -g3 -DDEBUG -DUSE_HAL_DRIVER -DSTM32L476xx -c -I../Core/Inc -I../Drivers/STM32L4xx_HAL_Driver/Inc -I../Drivers/STM32L4xx_HAL_Driver/Inc/Legacy -I../Drivers/CMSIS/Device/ST/STM32L4xx/Include -I../Drivers/CMSIS/Include -O0 -ffunction-sections -fdata-sections -Wall -fstack-usage -fcyclomatic-complexity -MMD -MP -MF"Drivers/STM32L4xx_HAL_Driver/Src/stm32l4xx_hal_i2c_ex.d" -MT"Drivers/STM32L4xx_HAL_Driver/Src/stm32l4xx_hal_i2c_ex.o" --specs=nano.specs -mfpu=fpv4-sp-d16 -mfloat-abi=hard -mthumb -o "Drivers/STM32L4xx_HAL_Driver/Src/stm32l4xx_hal_i2c_ex.o"
arm-none-eabi-gcc "../Drivers/STM32L4xx_HAL_Driver/Src/stm32l4xx_hal_pwr.c" -mcpu=cortex-m4 -std=gnu11 -g3 -DDEBUG -DUSE_HAL_DRIVER -DSTM32L476xx -c -I../Core/Inc -I../Drivers/STM32L4xx_HAL_Driver/Inc -I../Drivers/STM32L4xx_HAL_Driver/Inc/Legacy -I../Drivers/CMSIS/Device/ST/STM32L4xx/Include -I../Drivers/CMSIS/Include -O0 -ffunction-sections -fdata-sections -Wall -fstack-usage -fcyclomatic-complexity -MMD -MP -MF"Drivers/STM32L4xx_HAL_Driver/Src/stm32l4xx_hal_pwr.d" -MT"Drivers/STM32L4xx_HAL_Driver/Src/stm32l4xx_hal_pwr.o" --specs=nano.specs -mfpu=fpv4-sp-d16 -mfloat-abi=hard -mthumb -o "Drivers/STM32L4xx_HAL_Driver/Src/stm32l4xx_hal_pwr.o"
arm-none-eabi-gcc "../Drivers/STM32L4xx_HAL_Driver/Src/stm32l4xx_hal_pwr_ex.c" -mcpu=cortex-m4 -std=gnu11 -g3 -DDEBUG -DUSE_HAL_DRIVER -DSTM32L476xx -c -I../Core/Inc -I../Drivers/STM32L4xx_HAL_Driver/Inc -I../Drivers/STM32L4xx_HAL_Driver/Inc/Legacy -I../Drivers/CMSIS/Device/ST/STM32L4xx/Include -I../Drivers/CMSIS/Include -O0 -ffunction-sections -fdata-sections -Wall -fstack-usage -fcyclomatic-complexity -MMD -MP -MF"Drivers/STM32L4xx_HAL_Driver/Src/stm32l4xx_hal_pwr_ex.d" -MT"Drivers/STM32L4xx_HAL_Driver/Src/stm32l4xx_hal_pwr_ex.o" --specs=nano.specs -mfpu=fpv4-sp-d16 -mfloat-abi=hard -mthumb -o "Drivers/STM32L4xx_HAL_Driver/Src/stm32l4xx_hal_pwr_ex.o"
arm-none-eabi-gcc "../Drivers/STM32L4xx_HAL_Driver/Src/stm32l4xx_hal_rcc.c" -mcpu=cortex-m4 -std=gnu11 -g3 -DDEBUG -DUSE_HAL_DRIVER -DSTM32L476xx -c -I../Core/Inc -I../Drivers/STM32L4xx_HAL_Driver/Inc -I../Drivers/STM32L4xx_HAL_Driver/Inc/Legacy -I../Drivers/CMSIS/Device/ST/STM32L4xx/Include -I../Drivers/CMSIS/Include -O0 -ffunction-sections -fdata-sections -Wall -fstack-usage -fcyclomatic-complexity -MMD -MP -MF"Drivers/STM32L4xx_HAL_Driver/Src/stm32l4xx_hal_rcc.d" -MT"Drivers/STM32L4xx_HAL_Driver/Src/stm32l4xx_hal_rcc.o" --specs=nano.specs -mfpu=fpv4-sp-d16 -mfloat-abi=hard -mthumb -o "Drivers/STM32L4xx_HAL_Driver/Src/stm32l4xx_hal_rcc.o"
arm-none-eabi-gcc "../Drivers/STM32L4xx_HAL_Driver/Src/stm32l4xx_hal_rcc_ex.c" -mcpu=cortex-m4 -std=gnu11 -g3 -DDEBUG -DUSE_HAL_DRIVER -DSTM32L476xx -c -I../Core/Inc -I../Drivers/STM32L4xx_HAL_Driver/Inc -I../Drivers/STM32L4xx_HAL_Driver/Inc/Legacy -I../Drivers/CMSIS/Device/ST/STM32L4xx/Include -I../Drivers/CMSIS/Include -O0 -ffunction-sections -fdata-sections -Wall -fstack-usage -fcyclomatic-complexity -MMD -MP -MF"Drivers/STM32L4xx_HAL_Driver/Src/stm32l4xx_hal_rcc_ex.d" -MT"Drivers/STM32L4xx_HAL_Driver/Src/stm32l4xx_hal_rcc_ex.o" --specs=nano.specs -mfpu=fpv4-sp-d16 -mfloat-abi=hard -mthumb -o "Drivers/STM32L4xx_HAL_Driver/Src/stm32l4xx_hal_rcc_ex.o"
arm-none-eabi-gcc "../Drivers/STM32L4xx_HAL_Driver/Src/stm32l4xx_hal_tim.c" -mcpu=cortex-m4 -std=gnu11 -g3 -DDEBUG -DUSE_HAL_DRIVER -DSTM32L476xx -c -I../Core/Inc -I../Drivers/STM32L4xx_HAL_Driver/Inc -I../Drivers/STM32L4xx_HAL_Driver/Inc/Legacy -I../Drivers/CMSIS/Device/ST/STM32L4xx/Include -I../Drivers/CMSIS/Include -O0 -ffunction-sections -fdata-sections -Wall -fstack-usage -fcyclomatic-complexity -MMD -MP -MF"Drivers/STM32L4xx_HAL_Driver/Src/stm32l4xx_hal_tim.d" -MT"Drivers/STM32L4xx_HAL_Driver/Src/stm32l4xx_hal_tim.o" --specs=nano.specs -mfpu=fpv4-sp-d16 -mfloat-abi=hard -mthumb -o "Drivers/STM32L4xx_HAL_Driver/Src/stm32l4xx_hal_tim.o"
arm-none-eabi-gcc "../Drivers/STM32L4xx_HAL_Driver/Src/stm32l4xx_hal_tim_ex.c" -mcpu=cortex-m4 -std=gnu11 -g3 -DDEBUG -DUSE_HAL_DRIVER -DSTM32L476xx -c -I../Core/Inc -I../Drivers/STM32L4xx_HAL_Driver/Inc -I../Drivers/STM32L4xx_HAL_Driver/Inc/Legacy -I../Drivers/CMSIS/Device/ST/STM32L4xx/Include -I../Drivers/CMSIS/Include -O0 -ffunction-sections -fdata-sections -Wall -fstack-usage -fcyclomatic-complexity -MMD -MP -MF"Drivers/STM32L4xx_HAL_Driver/Src/stm32l4xx_hal_tim_ex.d" -MT"Drivers/STM32L4xx_HAL_Driver/Src/stm32l4xx_hal_tim_ex.o" --specs=nano.specs -mfpu=fpv4-sp-d16 -mfloat-abi=hard -mthumb -o "Drivers/STM32L4xx_HAL_Driver/Src/stm32l4xx_hal_tim_ex.o"
arm-none-eabi-gcc -mcpu=cortex-m4 -g3 -DDEBUG -c -x assembler-with-cpp -MMD -MP -MF"Core/Startup/LED.d" -MT"Core/Startup/LED.o" --specs=nano.specs -mfpu=fpv4-sp-d16 -mfloat-abi=hard -mthumb -o "Core/Startup/LED.o" "../Core/Startup/LED.s"
arm-none-eabi-gcc -mcpu=cortex-m4 -g3 -DDEBUG -c -x assembler-with-cpp -MMD -MP -MF"Core/Startup/myasm.d" -MT"Core/Startup/myasm.o" --specs=nano.specs -mfpu=fpv4-sp-d16 -mfloat-abi=hard -mthumb -o "Core/Startup/myasm.o" "../Core/Startup/myasm.s"
arm-none-eabi-gcc -mcpu=cortex-m4 -g3 -DDEBUG -c -x assembler-with-cpp -MMD -MP -MF"Core/Startup/startup_stm32l476rgtx.d" -MT"Core/Startup/startup_stm32l476rgtx.o" --specs=nano.specs -mfpu=fpv4-sp-d16 -mfloat-abi=hard -mthumb -o "Core/Startup/startup_stm32l476rgtx.o" "../Core/Startup/startup_stm32l476rgtx.s"
arm-none-eabi-gcc "../Core/Src/LED.c" -mcpu=cortex-m4 -std=gnu11 -g3 -DDEBUG -DUSE_HAL_DRIVER -DSTM32L476xx -c -I../Core/Inc -I../Drivers/STM32L4xx_HAL_Driver/Inc -I../Drivers/STM32L4xx_HAL_Driver/Inc/Legacy -I../Drivers/CMSIS/Device/ST/STM32L4xx/Include -I../Drivers/CMSIS/Include -O0 -ffunction-sections -fdata-sections -Wall -fstack-usage -fcyclomatic-complexity -MMD -MP -MF"Core/Src/LED.d" -MT"Core/Src/LED.o" --specs=nano.specs -mfpu=fpv4-sp-d16 -mfloat-abi=hard -mthumb -o "Core/Src/LED.o"
arm-none-eabi-gcc "../Core/Src/main.c" -mcpu=cortex-m4 -std=gnu11 -g3 -DDEBUG -DUSE_HAL_DRIVER -DSTM32L476xx -c -I../Core/Inc -I../Drivers/STM32L4xx_HAL_Driver/Inc -I../Drivers/STM32L4xx_HAL_Driver/Inc/Legacy -I../Drivers/CMSIS/Device/ST/STM32L4xx/Include -I../Drivers/CMSIS/Include -O0 -ffunction-sections -fdata-sections -Wall -fstack-usage -fcyclomatic-complexity -MMD -MP -MF"Core/Src/main.d" -MT"Core/Src/main.o" --specs=nano.specs -mfpu=fpv4-sp-d16 -mfloat-abi=hard -mthumb -o "Core/Src/main.o"
arm-none-eabi-gcc "../Core/Src/stm32l4xx_hal_msp.c" -mcpu=cortex-m4 -std=gnu11 -g3 -DDEBUG -DUSE_HAL_DRIVER -DSTM32L476xx -c -I../Core/Inc -I../Drivers/STM32L4xx_HAL_Driver/Inc -I../Drivers/STM32L4xx_HAL_Driver/Inc/Legacy -I../Drivers/CMSIS/Device/ST/STM32L4xx/Include -I../Drivers/CMSIS/Include -O0 -ffunction-sections -fdata-sections -Wall -fstack-usage -fcyclomatic-complexity -MMD -MP -MF"Core/Src/stm32l4xx_hal_msp.d" -MT"Core/Src/stm32l4xx_hal_msp.o" --specs=nano.specs -mfpu=fpv4-sp-d16 -mfloat-abi=hard -mthumb -o "Core/Src/stm32l4xx_hal_msp.o"
arm-none-eabi-gcc "../Core/Src/stm32l4xx_it.c" -mcpu=cortex-m4 -std=gnu11 -g3 -DDEBUG -DUSE_HAL_DRIVER -DSTM32L476xx -c -I../Core/Inc -I../Drivers/STM32L4xx_HAL_Driver/Inc -I../Drivers/STM32L4xx_HAL_Driver/Inc/Legacy -I../Drivers/CMSIS/Device/ST/STM32L4xx/Include -I../Drivers/CMSIS/Include -O0 -ffunction-sections -fdata-sections -Wall -fstack-usage -fcyclomatic-complexity -MMD -MP -MF"Core/Src/stm32l4xx_it.d" -MT"Core/Src/stm32l4xx_it.o" --specs=nano.specs -mfpu=fpv4-sp-d16 -mfloat-abi=hard -mthumb -o "Core/Src/stm32l4xx_it.o"
arm-none-eabi-gcc "../Core/Src/syscalls.c" -mcpu=cortex-m4 -std=gnu11 -g3 -DDEBUG -DUSE_HAL_DRIVER -DSTM32L476xx -c -I../Core/Inc -I../Drivers/STM32L4xx_HAL_Driver/Inc -I../Drivers/STM32L4xx_HAL_Driver/Inc/Legacy -I../Drivers/CMSIS/Device/ST/STM32L4xx/Include -I../Drivers/CMSIS/Include -O0 -ffunction-sections -fdata-sections -Wall -fstack-usage -fcyclomatic-complexity -MMD -MP -MF"Core/Src/syscalls.d" -MT"Core/Src/syscalls.o" --specs=nano.specs -mfpu=fpv4-sp-d16 -mfloat-abi=hard -mthumb -o "Core/Src/syscalls.o"
arm-none-eabi-gcc "../Core/Src/sysmem.c" -mcpu=cortex-m4 -std=gnu11 -g3 -DDEBUG -DUSE_HAL_DRIVER -DSTM32L476xx -c -I../Core/Inc -I../Drivers/STM32L4xx_HAL_Driver/Inc -I../Drivers/STM32L4xx_HAL_Driver/Inc/Legacy -I../Drivers/CMSIS/Device/ST/STM32L4xx/Include -I../Drivers/CMSIS/Include -O0 -ffunction-sections -fdata-sections -Wall -fstack-usage -fcyclomatic-complexity -MMD -MP -MF"Core/Src/sysmem.d" -MT"Core/Src/sysmem.o" --specs=nano.specs -mfpu=fpv4-sp-d16 -mfloat-abi=hard -mthumb -o "Core/Src/sysmem.o"
arm-none-eabi-gcc "../Core/Src/system_stm32l4xx.c" -mcpu=cortex-m4 -std=gnu11 -g3 -DDEBUG -DUSE_HAL_DRIVER -DSTM32L476xx -c -I../Core/Inc -I../Drivers/STM32L4xx_HAL_Driver/Inc -I../Drivers/STM32L4xx_HAL_Driver/Inc/Legacy -I../Drivers/CMSIS/Device/ST/STM32L4xx/Include -I../Drivers/CMSIS/Include -O0 -ffunction-sections -fdata-sections -Wall -fstack-usage -fcyclomatic-complexity -MMD -MP -MF"Core/Src/system_stm32l4xx.d" -MT"Core/Src/system_stm32l4xx.o" --specs=nano.specs -mfpu=fpv4-sp-d16 -mfloat-abi=hard -mthumb -o "Core/Src/system_stm32l4xx.o"
arm-none-eabi-gcc -o "TP2_TP3.elf" @"objects.list"   -mcpu=cortex-m4 -T"C:\Users\franc\OneDrive - ENSEA\S6\uP\Cube Workspace S6\TP2_TP3\STM32L476RGTX_FLASH.ld" --specs=nosys.specs -Wl,-Map="TP2_TP3.map" -Wl,--gc-sections -static --specs=nano.specs -mfpu=fpv4-sp-d16 -mfloat-abi=hard -mthumb -Wl,--start-group -lc -lm -Wl,--end-group
Finished building target: TP2_TP3.elf
 
arm-none-eabi-size  TP2_TP3.elf 
arm-none-eabi-objdump -h -S TP2_TP3.elf  > "TP2_TP3.list"
   text	   data	    bss	    dec	    hex	filename
    988	      4	   1572	   2564	    a04	TP2_TP3.elf
Finished building: default.size.stdout
 
Finished building: TP2_TP3.list
 
00:07:15 **** Incremental Build of configuration Debug for project TP2_TP3 ****
make -j16 all 
arm-none-eabi-size  TP2_TP3.elf 
   text	   data	    bss	    dec	    hex	filename
    988	      4	   1572	   2564	    a04	TP2_TP3.elf
Finished building: default.size.stdout
 
00:09:17 **** Incremental Build of configuration Debug for project TP2_TP3 ****
make -j16 all 
arm-none-eabi-size  TP2_TP3.elf 
   text	   data	    bss	    dec	    hex	filename
    988	      4	   1572	   2564	    a04	TP2_TP3.elf
Finished building: default.size.stdout
 
00:13:19 **** Incremental Build of configuration Debug for project TP2_TP3 ****
make -j16 all 
arm-none-eabi-size  TP2_TP3.elf 
   text	   data	    bss	    dec	    hex	filename
    988	      4	   1572	   2564	    a04	TP2_TP3.elf
Finished building: default.size.stdout
 
00:34:32 **** Incremental Build of configuration Debug for project TP2_TP3 ****
make -j16 all 
arm-none-eabi-size  TP2_TP3.elf 
   text	   data	    bss	    dec	    hex	filename
    988	      4	   1572	   2564	    a04	TP2_TP3.elf
Finished building: default.size.stdout
 
08:38:19 **** Incremental Build of configuration Debug for project TP2_TP3 ****
make -j16 all 
arm-none-eabi-gcc -mcpu=cortex-m4 -g3 -DDEBUG -c -x assembler-with-cpp -MMD -MP -MF"Core/Startup/LED.d" -MT"Core/Startup/LED.o" --specs=nano.specs -mfpu=fpv4-sp-d16 -mfloat-abi=hard -mthumb -o "Core/Startup/LED.o" "../Core/Startup/LED.s"
arm-none-eabi-gcc -mcpu=cortex-m4 -g3 -DDEBUG -c -x assembler-with-cpp -MMD -MP -MF"Core/Startup/myasm.d" -MT"Core/Startup/myasm.o" --specs=nano.specs -mfpu=fpv4-sp-d16 -mfloat-abi=hard -mthumb -o "Core/Startup/myasm.o" "../Core/Startup/myasm.s"
arm-none-eabi-gcc -o "TP2_TP3.elf" @"objects.list"   -mcpu=cortex-m4 -T"C:\Users\franc\OneDrive - ENSEA\S6\uP\Cube Workspace S6\TP2_TP3\STM32L476RGTX_FLASH.ld" --specs=nosys.specs -Wl,-Map="TP2_TP3.map" -Wl,--gc-sections -static --specs=nano.specs -mfpu=fpv4-sp-d16 -mfloat-abi=hard -mthumb -Wl,--start-group -lc -lm -Wl,--end-group
Finished building target: TP2_TP3.elf
 
arm-none-eabi-size  TP2_TP3.elf 
arm-none-eabi-objdump -h -S TP2_TP3.elf  > "TP2_TP3.list"
   text	   data	    bss	    dec	    hex	filename
   1008	      4	   1572	   2584	    a18	TP2_TP3.elf
Finished building: default.size.stdout
 
Finished building: TP2_TP3.list
 
08:42:48 **** Incremental Build of configuration Debug for project TP2_TP3 ****
make -j16 all 
arm-none-eabi-size  TP2_TP3.elf 
   text	   data	    bss	    dec	    hex	filename
   1008	      4	   1572	   2584	    a18	TP2_TP3.elf
Finished building: default.size.stdout
 
08:47:15 **** Incremental Build of configuration Debug for project TP2_TP3 ****
make -j16 all 
arm-none-eabi-gcc -mcpu=cortex-m4 -g3 -DDEBUG -c -x assembler-with-cpp -MMD -MP -MF"Core/Startup/LED.d" -MT"Core/Startup/LED.o" --specs=nano.specs -mfpu=fpv4-sp-d16 -mfloat-abi=hard -mthumb -o "Core/Startup/LED.o" "../Core/Startup/LED.s"
arm-none-eabi-gcc -mcpu=cortex-m4 -g3 -DDEBUG -c -x assembler-with-cpp -MMD -MP -MF"Core/Startup/myasm.d" -MT"Core/Startup/myasm.o" --specs=nano.specs -mfpu=fpv4-sp-d16 -mfloat-abi=hard -mthumb -o "Core/Startup/myasm.o" "../Core/Startup/myasm.s"
arm-none-eabi-gcc -o "TP2_TP3.elf" @"objects.list"   -mcpu=cortex-m4 -T"C:\Users\franc\OneDrive - ENSEA\S6\uP\Cube Workspace S6\TP2_TP3\STM32L476RGTX_FLASH.ld" --specs=nosys.specs -Wl,-Map="TP2_TP3.map" -Wl,--gc-sections -static --specs=nano.specs -mfpu=fpv4-sp-d16 -mfloat-abi=hard -mthumb -Wl,--start-group -lc -lm -Wl,--end-group
Finished building target: TP2_TP3.elf
 
arm-none-eabi-size  TP2_TP3.elf 
arm-none-eabi-objdump -h -S TP2_TP3.elf  > "TP2_TP3.list"
   text	   data	    bss	    dec	    hex	filename
   1012	      4	   1572	   2588	    a1c	TP2_TP3.elf
Finished building: default.size.stdout
 
Finished building: TP2_TP3.list
 
08:49:15 **** Incremental Build of configuration Debug for project TP2_TP3 ****
make -j16 all 
arm-none-eabi-size  TP2_TP3.elf 
   text	   data	    bss	    dec	    hex	filename
   1012	      4	   1572	   2588	    a1c	TP2_TP3.elf
Finished building: default.size.stdout
 
08:50:22 **** Incremental Build of configuration Debug for project TP2_TP3 ****
make -j16 all 
arm-none-eabi-gcc -mcpu=cortex-m4 -g3 -DDEBUG -c -x assembler-with-cpp -MMD -MP -MF"Core/Startup/LED.d" -MT"Core/Startup/LED.o" --specs=nano.specs -mfpu=fpv4-sp-d16 -mfloat-abi=hard -mthumb -o "Core/Startup/LED.o" "../Core/Startup/LED.s"
arm-none-eabi-gcc -o "TP2_TP3.elf" @"objects.list"   -mcpu=cortex-m4 -T"C:\Users\franc\OneDrive - ENSEA\S6\uP\Cube Workspace S6\TP2_TP3\STM32L476RGTX_FLASH.ld" --specs=nosys.specs -Wl,-Map="TP2_TP3.map" -Wl,--gc-sections -static --specs=nano.specs -mfpu=fpv4-sp-d16 -mfloat-abi=hard -mthumb -Wl,--start-group -lc -lm -Wl,--end-group
Finished building target: TP2_TP3.elf
 
arm-none-eabi-size  TP2_TP3.elf 
arm-none-eabi-objdump -h -S TP2_TP3.elf  > "TP2_TP3.list"
   text	   data	    bss	    dec	    hex	filename
   1012	      4	   1572	   2588	    a1c	TP2_TP3.elf
Finished building: default.size.stdout
 
Finished building: TP2_TP3.list
 
09:00:15 **** Incremental Build of configuration Debug for project TP2_TP3 ****
make -j16 all 
arm-none-eabi-gcc -mcpu=cortex-m4 -g3 -DDEBUG -c -x assembler-with-cpp -MMD -MP -MF"Core/Startup/LED.d" -MT"Core/Startup/LED.o" --specs=nano.specs -mfpu=fpv4-sp-d16 -mfloat-abi=hard -mthumb -o "Core/Startup/LED.o" "../Core/Startup/LED.s"
arm-none-eabi-gcc -o "TP2_TP3.elf" @"objects.list"   -mcpu=cortex-m4 -T"C:\Users\franc\OneDrive - ENSEA\S6\uP\Cube Workspace S6\TP2_TP3\STM32L476RGTX_FLASH.ld" --specs=nosys.specs -Wl,-Map="TP2_TP3.map" -Wl,--gc-sections -static --specs=nano.specs -mfpu=fpv4-sp-d16 -mfloat-abi=hard -mthumb -Wl,--start-group -lc -lm -Wl,--end-group
Finished building target: TP2_TP3.elf
 
arm-none-eabi-size  TP2_TP3.elf 
arm-none-eabi-objdump -h -S TP2_TP3.elf  > "TP2_TP3.list"
   text	   data	    bss	    dec	    hex	filename
   1012	      4	   1572	   2588	    a1c	TP2_TP3.elf
Finished building: default.size.stdout
 
Finished building: TP2_TP3.list
 
09:00:50 **** Incremental Build of configuration Debug for project TP2_TP3 ****
make -j16 all 
arm-none-eabi-size  TP2_TP3.elf 
   text	   data	    bss	    dec	    hex	filename
   1012	      4	   1572	   2588	    a1c	TP2_TP3.elf
Finished building: default.size.stdout
 
09:03:20 **** Incremental Build of configuration Debug for project TP2_TP3 ****
make -j16 all 
arm-none-eabi-size  TP2_TP3.elf 
   text	   data	    bss	    dec	    hex	filename
   1012	      4	   1572	   2588	    a1c	TP2_TP3.elf
Finished building: default.size.stdout
 
09:07:09 **** Incremental Build of configuration Debug for project TP2_TP3 ****
make -j16 all 
arm-none-eabi-gcc -mcpu=cortex-m4 -g3 -DDEBUG -c -x assembler-with-cpp -MMD -MP -MF"Core/Startup/LED.d" -MT"Core/Startup/LED.o" --specs=nano.specs -mfpu=fpv4-sp-d16 -mfloat-abi=hard -mthumb -o "Core/Startup/LED.o" "../Core/Startup/LED.s"
arm-none-eabi-gcc -o "TP2_TP3.elf" @"objects.list"   -mcpu=cortex-m4 -T"C:\Users\franc\OneDrive - ENSEA\S6\uP\Cube Workspace S6\TP2_TP3\STM32L476RGTX_FLASH.ld" --specs=nosys.specs -Wl,-Map="TP2_TP3.map" -Wl,--gc-sections -static --specs=nano.specs -mfpu=fpv4-sp-d16 -mfloat-abi=hard -mthumb -Wl,--start-group -lc -lm -Wl,--end-group
C:/ST/STM32CubeIDE_1.19.0/STM32CubeIDE/plugins/com.st.stm32cube.ide.mcu.externaltools.gnu-tools-for-stm32.13.3.rel1.win32_1.0.0.202411081344/tools/bin/../lib/gcc/arm-none-eabi/13.3.1/../../../../arm-none-eabi/bin/ld.exe: ./Core/Startup/LED.o: in function `LED_Config':
C:/Users/franc/OneDrive - ENSEA/S6/uP/Cube Workspace S6/TP2_TP3/Debug/../Core/Startup/LED.s:60:(.text+0x32): undefined reference to `LED_On'
collect2.exe: error: ld returned 1 exit status
make: *** [makefile:64: TP2_TP3.elf] Error 1
"make -j16 all" terminated with exit code 2. Build might be incomplete.
09:07:21 **** Incremental Build of configuration Debug for project TP2_TP3 ****
make -j16 all 
arm-none-eabi-gcc -o "TP2_TP3.elf" @"objects.list"   -mcpu=cortex-m4 -T"C:\Users\franc\OneDrive - ENSEA\S6\uP\Cube Workspace S6\TP2_TP3\STM32L476RGTX_FLASH.ld" --specs=nosys.specs -Wl,-Map="TP2_TP3.map" -Wl,--gc-sections -static --specs=nano.specs -mfpu=fpv4-sp-d16 -mfloat-abi=hard -mthumb -Wl,--start-group -lc -lm -Wl,--end-group
C:/ST/STM32CubeIDE_1.19.0/STM32CubeIDE/plugins/com.st.stm32cube.ide.mcu.externaltools.gnu-tools-for-stm32.13.3.rel1.win32_1.0.0.202411081344/tools/bin/../lib/gcc/arm-none-eabi/13.3.1/../../../../arm-none-eabi/bin/ld.exe: ./Core/Startup/LED.o: in function `LED_Config':
C:/Users/franc/OneDrive - ENSEA/S6/uP/Cube Workspace S6/TP2_TP3/Debug/../Core/Startup/LED.s:60:(.text+0x32): undefined reference to `LED_On'
collect2.exe: error: ld returned 1 exit status
make: *** [makefile:64: TP2_TP3.elf] Error 1
"make -j16 all" terminated with exit code 2. Build might be incomplete.
09:07:36 **** Incremental Build of configuration Debug for project TP2_TP3 ****
make -j16 all 
arm-none-eabi-gcc -mcpu=cortex-m4 -g3 -DDEBUG -c -x assembler-with-cpp -MMD -MP -MF"Core/Startup/LED.d" -MT"Core/Startup/LED.o" --specs=nano.specs -mfpu=fpv4-sp-d16 -mfloat-abi=hard -mthumb -o "Core/Startup/LED.o" "../Core/Startup/LED.s"
arm-none-eabi-gcc -o "TP2_TP3.elf" @"objects.list"   -mcpu=cortex-m4 -T"C:\Users\franc\OneDrive - ENSEA\S6\uP\Cube Workspace S6\TP2_TP3\STM32L476RGTX_FLASH.ld" --specs=nosys.specs -Wl,-Map="TP2_TP3.map" -Wl,--gc-sections -static --specs=nano.specs -mfpu=fpv4-sp-d16 -mfloat-abi=hard -mthumb -Wl,--start-group -lc -lm -Wl,--end-group
Finished building target: TP2_TP3.elf
 
arm-none-eabi-size  TP2_TP3.elf 
arm-none-eabi-objdump -h -S TP2_TP3.elf  > "TP2_TP3.list"
   text	   data	    bss	    dec	    hex	filename
   1032	      4	   1572	   2608	    a30	TP2_TP3.elf
Finished building: default.size.stdout
 
Finished building: TP2_TP3.list
 
09:08:01 **** Incremental Build of configuration Debug for project TP2_TP3 ****
make -j16 all 
arm-none-eabi-size  TP2_TP3.elf 
   text	   data	    bss	    dec	    hex	filename
   1032	      4	   1572	   2608	    a30	TP2_TP3.elf
Finished building: default.size.stdout
 
09:10:56 **** Incremental Build of configuration Debug for project TP2_TP3 ****
make -j16 all 
arm-none-eabi-gcc -mcpu=cortex-m4 -g3 -DDEBUG -c -x assembler-with-cpp -MMD -MP -MF"Core/Startup/LED.d" -MT"Core/Startup/LED.o" --specs=nano.specs -mfpu=fpv4-sp-d16 -mfloat-abi=hard -mthumb -o "Core/Startup/LED.o" "../Core/Startup/LED.s"
arm-none-eabi-gcc -o "TP2_TP3.elf" @"objects.list"   -mcpu=cortex-m4 -T"C:\Users\franc\OneDrive - ENSEA\S6\uP\Cube Workspace S6\TP2_TP3\STM32L476RGTX_FLASH.ld" --specs=nosys.specs -Wl,-Map="TP2_TP3.map" -Wl,--gc-sections -static --specs=nano.specs -mfpu=fpv4-sp-d16 -mfloat-abi=hard -mthumb -Wl,--start-group -lc -lm -Wl,--end-group
Finished building target: TP2_TP3.elf
 
arm-none-eabi-size  TP2_TP3.elf 
arm-none-eabi-objdump -h -S TP2_TP3.elf  > "TP2_TP3.list"
   text	   data	    bss	    dec	    hex	filename
   1032	      4	   1572	   2608	    a30	TP2_TP3.elf
Finished building: default.size.stdout
 
Finished building: TP2_TP3.list
 
09:11:16 **** Incremental Build of configuration Debug for project TP2_TP3 ****
make -j16 all 
arm-none-eabi-size  TP2_TP3.elf 
   text	   data	    bss	    dec	    hex	filename
   1032	      4	   1572	   2608	    a30	TP2_TP3.elf
Finished building: default.size.stdout
 
09:19:47 **** Incremental Build of configuration Debug for project TP2_TP3 ****
make -j16 all 
arm-none-eabi-gcc -mcpu=cortex-m4 -g3 -DDEBUG -c -x assembler-with-cpp -MMD -MP -MF"Core/Startup/LED.d" -MT"Core/Startup/LED.o" --specs=nano.specs -mfpu=fpv4-sp-d16 -mfloat-abi=hard -mthumb -o "Core/Startup/LED.o" "../Core/Startup/LED.s"
arm-none-eabi-gcc -o "TP2_TP3.elf" @"objects.list"   -mcpu=cortex-m4 -T"C:\Users\franc\OneDrive - ENSEA\S6\uP\Cube Workspace S6\TP2_TP3\STM32L476RGTX_FLASH.ld" --specs=nosys.specs -Wl,-Map="TP2_TP3.map" -Wl,--gc-sections -static --specs=nano.specs -mfpu=fpv4-sp-d16 -mfloat-abi=hard -mthumb -Wl,--start-group -lc -lm -Wl,--end-group
Finished building target: TP2_TP3.elf
 
arm-none-eabi-size  TP2_TP3.elf 
arm-none-eabi-objdump -h -S TP2_TP3.elf  > "TP2_TP3.list"
   text	   data	    bss	    dec	    hex	filename
   1032	      4	   1572	   2608	    a30	TP2_TP3.elf
Finished building: default.size.stdout
 
Finished building: TP2_TP3.list
 
09:42:52 **** Incremental Build of configuration Debug for project TP2_TP3 ****
make -j16 all 
arm-none-eabi-gcc -mcpu=cortex-m4 -g3 -DDEBUG -c -x assembler-with-cpp -MMD -MP -MF"Core/Startup/LED.d" -MT"Core/Startup/LED.o" --specs=nano.specs -mfpu=fpv4-sp-d16 -mfloat-abi=hard -mthumb -o "Core/Startup/LED.o" "../Core/Startup/LED.s"
arm-none-eabi-gcc -o "TP2_TP3.elf" @"objects.list"   -mcpu=cortex-m4 -T"C:\Users\franc\OneDrive - ENSEA\S6\uP\Cube Workspace S6\TP2_TP3\STM32L476RGTX_FLASH.ld" --specs=nosys.specs -Wl,-Map="TP2_TP3.map" -Wl,--gc-sections -static --specs=nano.specs -mfpu=fpv4-sp-d16 -mfloat-abi=hard -mthumb -Wl,--start-group -lc -lm -Wl,--end-group
C:/ST/STM32CubeIDE_1.19.0/STM32CubeIDE/plugins/com.st.stm32cube.ide.mcu.externaltools.gnu-tools-for-stm32.13.3.rel1.win32_1.0.0.202411081344/tools/bin/../lib/gcc/arm-none-eabi/13.3.1/../../../../arm-none-eabi/bin/ld.exe: ./Core/Startup/LED.o: in function `LED_DriveGreen':
C:/Users/franc/OneDrive - ENSEA/S6/uP/Cube Workspace S6/TP2_TP3/Debug/../Core/Startup/LED.s:60:(.text+0x36): undefined reference to `LED_Off'
collect2.exe: error: ld returned 1 exit status
make: *** [makefile:64: TP2_TP3.elf] Error 1
"make -j16 all" terminated with exit code 2. Build might be incomplete.
09:46:34 **** Incremental Build of configuration Debug for project TP2_TP3 ****
make -j16 all 
arm-none-eabi-gcc -mcpu=cortex-m4 -g3 -DDEBUG -c -x assembler-with-cpp -MMD -MP -MF"Core/Startup/LED.d" -MT"Core/Startup/LED.o" --specs=nano.specs -mfpu=fpv4-sp-d16 -mfloat-abi=hard -mthumb -o "Core/Startup/LED.o" "../Core/Startup/LED.s"
arm-none-eabi-gcc -o "TP2_TP3.elf" @"objects.list"   -mcpu=cortex-m4 -T"C:\Users\franc\OneDrive - ENSEA\S6\uP\Cube Workspace S6\TP2_TP3\STM32L476RGTX_FLASH.ld" --specs=nosys.specs -Wl,-Map="TP2_TP3.map" -Wl,--gc-sections -static --specs=nano.specs -mfpu=fpv4-sp-d16 -mfloat-abi=hard -mthumb -Wl,--start-group -lc -lm -Wl,--end-group
Finished building target: TP2_TP3.elf
 
arm-none-eabi-size  TP2_TP3.elf 
arm-none-eabi-objdump -h -S TP2_TP3.elf  > "TP2_TP3.list"
   text	   data	    bss	    dec	    hex	filename
   1076	      4	   1572	   2652	    a5c	TP2_TP3.elf
Finished building: default.size.stdout
 
Finished building: TP2_TP3.list
 
09:47:20 **** Incremental Build of configuration Debug for project TP2_TP3 ****
make -j16 all 
arm-none-eabi-size  TP2_TP3.elf 
   text	   data	    bss	    dec	    hex	filename
   1076	      4	   1572	   2652	    a5c	TP2_TP3.elf
Finished building: default.size.stdout
 
09:47:25 **** Incremental Build of configuration Debug for project TP2_TP3 ****
make -j16 all 
arm-none-eabi-size  TP2_TP3.elf 
   text	   data	    bss	    dec	    hex	filename
   1076	      4	   1572	   2652	    a5c	TP2_TP3.elf
Finished building: default.size.stdout
 
09:47:54 **** Incremental Build of configuration Debug for project TP2_TP3 ****
make -j16 all 
arm-none-eabi-size  TP2_TP3.elf 
   text	   data	    bss	    dec	    hex	filename
   1076	      4	   1572	   2652	    a5c	TP2_TP3.elf
Finished building: default.size.stdout
 
09:48:39 **** Incremental Build of configuration Debug for project TP2_TP3 ****
make -j16 all 
arm-none-eabi-size  TP2_TP3.elf 
   text	   data	    bss	    dec	    hex	filename
   1076	      4	   1572	   2652	    a5c	TP2_TP3.elf
Finished building: default.size.stdout
 
09:50:18 **** Incremental Build of configuration Debug for project TP2_TP3 ****
make -j16 all 
arm-none-eabi-size  TP2_TP3.elf 
   text	   data	    bss	    dec	    hex	filename
   1076	      4	   1572	   2652	    a5c	TP2_TP3.elf
Finished building: default.size.stdout
 
09:52:27 **** Incremental Build of configuration Debug for project TP2_TP3 ****
make -j16 all 
arm-none-eabi-size  TP2_TP3.elf 
   text	   data	    bss	    dec	    hex	filename
   1076	      4	   1572	   2652	    a5c	TP2_TP3.elf
Finished building: default.size.stdout
 
09:53:56 **** Incremental Build of configuration Debug for project TP2_TP3 ****
make -j16 all 
arm-none-eabi-gcc -mcpu=cortex-m4 -g3 -DDEBUG -c -x assembler-with-cpp -MMD -MP -MF"Core/Startup/LED.d" -MT"Core/Startup/LED.o" --specs=nano.specs -mfpu=fpv4-sp-d16 -mfloat-abi=hard -mthumb -o "Core/Startup/LED.o" "../Core/Startup/LED.s"
arm-none-eabi-gcc -o "TP2_TP3.elf" @"objects.list"   -mcpu=cortex-m4 -T"C:\Users\franc\OneDrive - ENSEA\S6\uP\Cube Workspace S6\TP2_TP3\STM32L476RGTX_FLASH.ld" --specs=nosys.specs -Wl,-Map="TP2_TP3.map" -Wl,--gc-sections -static --specs=nano.specs -mfpu=fpv4-sp-d16 -mfloat-abi=hard -mthumb -Wl,--start-group -lc -lm -Wl,--end-group
Finished building target: TP2_TP3.elf
 
arm-none-eabi-size  TP2_TP3.elf 
arm-none-eabi-objdump -h -S TP2_TP3.elf  > "TP2_TP3.list"
   text	   data	    bss	    dec	    hex	filename
   1076	      4	   1572	   2652	    a5c	TP2_TP3.elf
Finished building: default.size.stdout
 
Finished building: TP2_TP3.list
 
09:54:11 **** Incremental Build of configuration Debug for project TP2_TP3 ****
make -j16 all 
arm-none-eabi-size  TP2_TP3.elf 
   text	   data	    bss	    dec	    hex	filename
   1076	      4	   1572	   2652	    a5c	TP2_TP3.elf
Finished building: default.size.stdout
 
10:20:18 **** Incremental Build of configuration Debug for project TP2_TP3 ****
make -j16 all 
arm-none-eabi-gcc -mcpu=cortex-m4 -g3 -DDEBUG -c -x assembler-with-cpp -MMD -MP -MF"Core/Startup/LED.d" -MT"Core/Startup/LED.o" --specs=nano.specs -mfpu=fpv4-sp-d16 -mfloat-abi=hard -mthumb -o "Core/Startup/LED.o" "../Core/Startup/LED.s"
arm-none-eabi-gcc -o "TP2_TP3.elf" @"objects.list"   -mcpu=cortex-m4 -T"C:\Users\franc\OneDrive - ENSEA\S6\uP\Cube Workspace S6\TP2_TP3\STM32L476RGTX_FLASH.ld" --specs=nosys.specs -Wl,-Map="TP2_TP3.map" -Wl,--gc-sections -static --specs=nano.specs -mfpu=fpv4-sp-d16 -mfloat-abi=hard -mthumb -Wl,--start-group -lc -lm -Wl,--end-group
Finished building target: TP2_TP3.elf
 
arm-none-eabi-size  TP2_TP3.elf 
arm-none-eabi-objdump -h -S TP2_TP3.elf  > "TP2_TP3.list"
   text	   data	    bss	    dec	    hex	filename
   1072	      4	   1572	   2648	    a58	TP2_TP3.elf
Finished building: default.size.stdout
 
Finished building: TP2_TP3.list
 
10:25:15 **** Incremental Build of configuration Debug for project TP2_TP3 ****
make -j16 all 
arm-none-eabi-gcc -mcpu=cortex-m4 -g3 -DDEBUG -c -x assembler-with-cpp -MMD -MP -MF"Core/Startup/LED.d" -MT"Core/Startup/LED.o" --specs=nano.specs -mfpu=fpv4-sp-d16 -mfloat-abi=hard -mthumb -o "Core/Startup/LED.o" "../Core/Startup/LED.s"
arm-none-eabi-gcc -o "TP2_TP3.elf" @"objects.list"   -mcpu=cortex-m4 -T"C:\Users\franc\OneDrive - ENSEA\S6\uP\Cube Workspace S6\TP2_TP3\STM32L476RGTX_FLASH.ld" --specs=nosys.specs -Wl,-Map="TP2_TP3.map" -Wl,--gc-sections -static --specs=nano.specs -mfpu=fpv4-sp-d16 -mfloat-abi=hard -mthumb -Wl,--start-group -lc -lm -Wl,--end-group
Finished building target: TP2_TP3.elf
 
arm-none-eabi-size  TP2_TP3.elf 
arm-none-eabi-objdump -h -S TP2_TP3.elf  > "TP2_TP3.list"
   text	   data	    bss	    dec	    hex	filename
   1072	      4	   1572	   2648	    a58	TP2_TP3.elf
Finished building: default.size.stdout
 
Finished building: TP2_TP3.list
 
11:05:43 **** Incremental Build of configuration Debug for project TP2_TP3 ****
make -j16 all 
arm-none-eabi-gcc -mcpu=cortex-m4 -g3 -DDEBUG -c -x assembler-with-cpp -MMD -MP -MF"Core/Startup/LED.d" -MT"Core/Startup/LED.o" --specs=nano.specs -mfpu=fpv4-sp-d16 -mfloat-abi=hard -mthumb -o "Core/Startup/LED.o" "../Core/Startup/LED.s"
arm-none-eabi-gcc "../Core/Src/LED.c" -mcpu=cortex-m4 -std=gnu11 -g3 -DDEBUG -DUSE_HAL_DRIVER -DSTM32L476xx -c -I../Core/Inc -I../Drivers/STM32L4xx_HAL_Driver/Inc -I../Drivers/STM32L4xx_HAL_Driver/Inc/Legacy -I../Drivers/CMSIS/Device/ST/STM32L4xx/Include -I../Drivers/CMSIS/Include -O0 -ffunction-sections -fdata-sections -Wall -fstack-usage -fcyclomatic-complexity -MMD -MP -MF"Core/Src/LED.d" -MT"Core/Src/LED.o" --specs=nano.specs -mfpu=fpv4-sp-d16 -mfloat-abi=hard -mthumb -o "Core/Src/LED.o"
arm-none-eabi-gcc "../Core/Src/main.c" -mcpu=cortex-m4 -std=gnu11 -g3 -DDEBUG -DUSE_HAL_DRIVER -DSTM32L476xx -c -I../Core/Inc -I../Drivers/STM32L4xx_HAL_Driver/Inc -I../Drivers/STM32L4xx_HAL_Driver/Inc/Legacy -I../Drivers/CMSIS/Device/ST/STM32L4xx/Include -I../Drivers/CMSIS/Include -O0 -ffunction-sections -fdata-sections -Wall -fstack-usage -fcyclomatic-complexity -MMD -MP -MF"Core/Src/main.d" -MT"Core/Src/main.o" --specs=nano.specs -mfpu=fpv4-sp-d16 -mfloat-abi=hard -mthumb -o "Core/Src/main.o"
arm-none-eabi-gcc "../Core/Src/stm32l4xx_hal_msp.c" -mcpu=cortex-m4 -std=gnu11 -g3 -DDEBUG -DUSE_HAL_DRIVER -DSTM32L476xx -c -I../Core/Inc -I../Drivers/STM32L4xx_HAL_Driver/Inc -I../Drivers/STM32L4xx_HAL_Driver/Inc/Legacy -I../Drivers/CMSIS/Device/ST/STM32L4xx/Include -I../Drivers/CMSIS/Include -O0 -ffunction-sections -fdata-sections -Wall -fstack-usage -fcyclomatic-complexity -MMD -MP -MF"Core/Src/stm32l4xx_hal_msp.d" -MT"Core/Src/stm32l4xx_hal_msp.o" --specs=nano.specs -mfpu=fpv4-sp-d16 -mfloat-abi=hard -mthumb -o "Core/Src/stm32l4xx_hal_msp.o"
arm-none-eabi-gcc "../Core/Src/stm32l4xx_it.c" -mcpu=cortex-m4 -std=gnu11 -g3 -DDEBUG -DUSE_HAL_DRIVER -DSTM32L476xx -c -I../Core/Inc -I../Drivers/STM32L4xx_HAL_Driver/Inc -I../Drivers/STM32L4xx_HAL_Driver/Inc/Legacy -I../Drivers/CMSIS/Device/ST/STM32L4xx/Include -I../Drivers/CMSIS/Include -O0 -ffunction-sections -fdata-sections -Wall -fstack-usage -fcyclomatic-complexity -MMD -MP -MF"Core/Src/stm32l4xx_it.d" -MT"Core/Src/stm32l4xx_it.o" --specs=nano.specs -mfpu=fpv4-sp-d16 -mfloat-abi=hard -mthumb -o "Core/Src/stm32l4xx_it.o"
arm-none-eabi-gcc "../Core/Src/syscalls.c" -mcpu=cortex-m4 -std=gnu11 -g3 -DDEBUG -DUSE_HAL_DRIVER -DSTM32L476xx -c -I../Core/Inc -I../Drivers/STM32L4xx_HAL_Driver/Inc -I../Drivers/STM32L4xx_HAL_Driver/Inc/Legacy -I../Drivers/CMSIS/Device/ST/STM32L4xx/Include -I../Drivers/CMSIS/Include -O0 -ffunction-sections -fdata-sections -Wall -fstack-usage -fcyclomatic-complexity -MMD -MP -MF"Core/Src/syscalls.d" -MT"Core/Src/syscalls.o" --specs=nano.specs -mfpu=fpv4-sp-d16 -mfloat-abi=hard -mthumb -o "Core/Src/syscalls.o"
arm-none-eabi-gcc "../Core/Src/sysmem.c" -mcpu=cortex-m4 -std=gnu11 -g3 -DDEBUG -DUSE_HAL_DRIVER -DSTM32L476xx -c -I../Core/Inc -I../Drivers/STM32L4xx_HAL_Driver/Inc -I../Drivers/STM32L4xx_HAL_Driver/Inc/Legacy -I../Drivers/CMSIS/Device/ST/STM32L4xx/Include -I../Drivers/CMSIS/Include -O0 -ffunction-sections -fdata-sections -Wall -fstack-usage -fcyclomatic-complexity -MMD -MP -MF"Core/Src/sysmem.d" -MT"Core/Src/sysmem.o" --specs=nano.specs -mfpu=fpv4-sp-d16 -mfloat-abi=hard -mthumb -o "Core/Src/sysmem.o"
arm-none-eabi-gcc "../Core/Src/system_stm32l4xx.c" -mcpu=cortex-m4 -std=gnu11 -g3 -DDEBUG -DUSE_HAL_DRIVER -DSTM32L476xx -c -I../Core/Inc -I../Drivers/STM32L4xx_HAL_Driver/Inc -I../Drivers/STM32L4xx_HAL_Driver/Inc/Legacy -I../Drivers/CMSIS/Device/ST/STM32L4xx/Include -I../Drivers/CMSIS/Include -O0 -ffunction-sections -fdata-sections -Wall -fstack-usage -fcyclomatic-complexity -MMD -MP -MF"Core/Src/system_stm32l4xx.d" -MT"Core/Src/system_stm32l4xx.o" --specs=nano.specs -mfpu=fpv4-sp-d16 -mfloat-abi=hard -mthumb -o "Core/Src/system_stm32l4xx.o"
arm-none-eabi-gcc "../Core/Src/utils.c" -mcpu=cortex-m4 -std=gnu11 -g3 -DDEBUG -DUSE_HAL_DRIVER -DSTM32L476xx -c -I../Core/Inc -I../Drivers/STM32L4xx_HAL_Driver/Inc -I../Drivers/STM32L4xx_HAL_Driver/Inc/Legacy -I../Drivers/CMSIS/Device/ST/STM32L4xx/Include -I../Drivers/CMSIS/Include -O0 -ffunction-sections -fdata-sections -Wall -fstack-usage -fcyclomatic-complexity -MMD -MP -MF"Core/Src/utils.d" -MT"Core/Src/utils.o" --specs=nano.specs -mfpu=fpv4-sp-d16 -mfloat-abi=hard -mthumb -o "Core/Src/utils.o"
../Core/Src/utils.c: In function 'loop':
../Core/Src/utils.c:22:9: warning: implicit declaration of function 'LED_DriveGreen' [-Wimplicit-function-declaration]
   22 |         LED_DriveGreen(GreenLED_state);
      |         ^~~~~~~~~~~~~~
arm-none-eabi-gcc -o "TP2_TP3.elf" @"objects.list"   -mcpu=cortex-m4 -T"C:\Users\franc\OneDrive - ENSEA\S6\uP\Cube Workspace S6\TP2_TP3\STM32L476RGTX_FLASH.ld" --specs=nosys.specs -Wl,-Map="TP2_TP3.map" -Wl,--gc-sections -static --specs=nano.specs -mfpu=fpv4-sp-d16 -mfloat-abi=hard -mthumb -Wl,--start-group -lc -lm -Wl,--end-group
Finished building target: TP2_TP3.elf
 
arm-none-eabi-size  TP2_TP3.elf 
arm-none-eabi-objdump -h -S TP2_TP3.elf  > "TP2_TP3.list"
   text	   data	    bss	    dec	    hex	filename
   1072	      4	   1572	   2648	    a58	TP2_TP3.elf
Finished building: default.size.stdout
 
Finished building: TP2_TP3.list
 
11:07:01 **** Incremental Build of configuration Debug for project TP2_TP3 ****
make -j16 all 
arm-none-eabi-gcc "../Core/Src/utils.c" -mcpu=cortex-m4 -std=gnu11 -g3 -DDEBUG -DUSE_HAL_DRIVER -DSTM32L476xx -c -I../Core/Inc -I../Drivers/STM32L4xx_HAL_Driver/Inc -I../Drivers/STM32L4xx_HAL_Driver/Inc/Legacy -I../Drivers/CMSIS/Device/ST/STM32L4xx/Include -I../Drivers/CMSIS/Include -O0 -ffunction-sections -fdata-sections -Wall -fstack-usage -fcyclomatic-complexity -MMD -MP -MF"Core/Src/utils.d" -MT"Core/Src/utils.o" --specs=nano.specs -mfpu=fpv4-sp-d16 -mfloat-abi=hard -mthumb -o "Core/Src/utils.o"
../Core/Src/utils.c: In function 'loop':
../Core/Src/utils.c:23:9: error: too many arguments to function 'LED_DriveGreen'
   23 |         LED_DriveGreen(GreenLED_state);
      |         ^~~~~~~~~~~~~~
In file included from ../Core/Src/utils.c:14:
../Core/Inc/LED.h:18:6: note: declared here
   18 | void LED_DriveGreen(void);
      |      ^~~~~~~~~~~~~~
make: *** [Core/Src/subdir.mk:40: Core/Src/utils.o] Error 1
"make -j16 all" terminated with exit code 2. Build might be incomplete.
11:08:31 **** Incremental Build of configuration Debug for project TP2_TP3 ****
make -j16 all 
arm-none-eabi-gcc "../Core/Src/utils.c" -mcpu=cortex-m4 -std=gnu11 -g3 -DDEBUG -DUSE_HAL_DRIVER -DSTM32L476xx -c -I../Core/Inc -I../Drivers/STM32L4xx_HAL_Driver/Inc -I../Drivers/STM32L4xx_HAL_Driver/Inc/Legacy -I../Drivers/CMSIS/Device/ST/STM32L4xx/Include -I../Drivers/CMSIS/Include -O0 -ffunction-sections -fdata-sections -Wall -fstack-usage -fcyclomatic-complexity -MMD -MP -MF"Core/Src/utils.d" -MT"Core/Src/utils.o" --specs=nano.specs -mfpu=fpv4-sp-d16 -mfloat-abi=hard -mthumb -o "Core/Src/utils.o"
arm-none-eabi-gcc -o "TP2_TP3.elf" @"objects.list"   -mcpu=cortex-m4 -T"C:\Users\franc\OneDrive - ENSEA\S6\uP\Cube Workspace S6\TP2_TP3\STM32L476RGTX_FLASH.ld" --specs=nosys.specs -Wl,-Map="TP2_TP3.map" -Wl,--gc-sections -static --specs=nano.specs -mfpu=fpv4-sp-d16 -mfloat-abi=hard -mthumb -Wl,--start-group -lc -lm -Wl,--end-group
Finished building target: TP2_TP3.elf
 
arm-none-eabi-size  TP2_TP3.elf 
arm-none-eabi-objdump -h -S TP2_TP3.elf  > "TP2_TP3.list"
   text	   data	    bss	    dec	    hex	filename
   1072	      4	   1572	   2648	    a58	TP2_TP3.elf
Finished building: default.size.stdout
 
Finished building: TP2_TP3.list
 
11:09:05 **** Incremental Build of configuration Debug for project TP2_TP3 ****
make -j16 all 
arm-none-eabi-gcc -mcpu=cortex-m4 -g3 -DDEBUG -c -x assembler-with-cpp -MMD -MP -MF"Core/Startup/myasm.d" -MT"Core/Startup/myasm.o" --specs=nano.specs -mfpu=fpv4-sp-d16 -mfloat-abi=hard -mthumb -o "Core/Startup/myasm.o" "../Core/Startup/myasm.s"
arm-none-eabi-gcc -o "TP2_TP3.elf" @"objects.list"   -mcpu=cortex-m4 -T"C:\Users\franc\OneDrive - ENSEA\S6\uP\Cube Workspace S6\TP2_TP3\STM32L476RGTX_FLASH.ld" --specs=nosys.specs -Wl,-Map="TP2_TP3.map" -Wl,--gc-sections -static --specs=nano.specs -mfpu=fpv4-sp-d16 -mfloat-abi=hard -mthumb -Wl,--start-group -lc -lm -Wl,--end-group
Finished building target: TP2_TP3.elf
 
arm-none-eabi-size  TP2_TP3.elf 
arm-none-eabi-objdump -h -S TP2_TP3.elf  > "TP2_TP3.list"
   text	   data	    bss	    dec	    hex	filename
    964	      4	   1572	   2540	    9ec	TP2_TP3.elf
Finished building: default.size.stdout
 
Finished building: TP2_TP3.list
 
11:10:25 **** Incremental Build of configuration Debug for project TP2_TP3 ****
make -j16 all 
arm-none-eabi-gcc -mcpu=cortex-m4 -g3 -DDEBUG -c -x assembler-with-cpp -MMD -MP -MF"Core/Startup/myasm.d" -MT"Core/Startup/myasm.o" --specs=nano.specs -mfpu=fpv4-sp-d16 -mfloat-abi=hard -mthumb -o "Core/Startup/myasm.o" "../Core/Startup/myasm.s"
arm-none-eabi-gcc -o "TP2_TP3.elf" @"objects.list"   -mcpu=cortex-m4 -T"C:\Users\franc\OneDrive - ENSEA\S6\uP\Cube Workspace S6\TP2_TP3\STM32L476RGTX_FLASH.ld" --specs=nosys.specs -Wl,-Map="TP2_TP3.map" -Wl,--gc-sections -static --specs=nano.specs -mfpu=fpv4-sp-d16 -mfloat-abi=hard -mthumb -Wl,--start-group -lc -lm -Wl,--end-group
Finished building target: TP2_TP3.elf
 
arm-none-eabi-size  TP2_TP3.elf 
arm-none-eabi-objdump -h -S TP2_TP3.elf  > "TP2_TP3.list"
   text	   data	    bss	    dec	    hex	filename
   5436	     12	   1572	   7020	   1b6c	TP2_TP3.elf
Finished building: default.size.stdout
 
Finished building: TP2_TP3.list
 
11:42:56 **** Incremental Build of configuration Debug for project TP2_TP3 ****
make -j16 all 
arm-none-eabi-gcc -mcpu=cortex-m4 -g3 -DDEBUG -c -x assembler-with-cpp -MMD -MP -MF"Core/Startup/LED.d" -MT"Core/Startup/LED.o" --specs=nano.specs -mfpu=fpv4-sp-d16 -mfloat-abi=hard -mthumb -o "Core/Startup/LED.o" "../Core/Startup/LED.s"
arm-none-eabi-gcc -mcpu=cortex-m4 -g3 -DDEBUG -c -x assembler-with-cpp -MMD -MP -MF"Core/Startup/myasm.d" -MT"Core/Startup/myasm.o" --specs=nano.specs -mfpu=fpv4-sp-d16 -mfloat-abi=hard -mthumb -o "Core/Startup/myasm.o" "../Core/Startup/myasm.s"
arm-none-eabi-gcc -mcpu=cortex-m4 -g3 -DDEBUG -c -x assembler-with-cpp -MMD -MP -MF"Core/Startup/startup_stm32l476rgtx.d" -MT"Core/Startup/startup_stm32l476rgtx.o" --specs=nano.specs -mfpu=fpv4-sp-d16 -mfloat-abi=hard -mthumb -o "Core/Startup/startup_stm32l476rgtx.o" "../Core/Startup/startup_stm32l476rgtx.s"
arm-none-eabi-gcc -mcpu=cortex-m4 -g3 -DDEBUG -c -x assembler-with-cpp -MMD -MP -MF"Core/Startup/utils.d" -MT"Core/Startup/utils.o" --specs=nano.specs -mfpu=fpv4-sp-d16 -mfloat-abi=hard -mthumb -o "Core/Startup/utils.o" "../Core/Startup/utils.s"
arm-none-eabi-gcc "../Core/Src/utils.c" -mcpu=cortex-m4 -std=gnu11 -g3 -DDEBUG -DUSE_HAL_DRIVER -DSTM32L476xx -c -I../Core/Inc -I../Drivers/STM32L4xx_HAL_Driver/Inc -I../Drivers/STM32L4xx_HAL_Driver/Inc/Legacy -I../Drivers/CMSIS/Device/ST/STM32L4xx/Include -I../Drivers/CMSIS/Include -O0 -ffunction-sections -fdata-sections -Wall -fstack-usage -fcyclomatic-complexity -MMD -MP -MF"Core/Src/utils.d" -MT"Core/Src/utils.o" --specs=nano.specs -mfpu=fpv4-sp-d16 -mfloat-abi=hard -mthumb -o "Core/Src/utils.o"
arm-none-eabi-gcc -o "TP2_TP3.elf" @"objects.list"   -mcpu=cortex-m4 -T"C:\Users\franc\OneDrive - ENSEA\S6\uP\Cube Workspace S6\TP2_TP3\STM32L476RGTX_FLASH.ld" --specs=nosys.specs -Wl,-Map="TP2_TP3.map" -Wl,--gc-sections -static --specs=nano.specs -mfpu=fpv4-sp-d16 -mfloat-abi=hard -mthumb -Wl,--start-group -lc -lm -Wl,--end-group
Finished building target: TP2_TP3.elf
 
arm-none-eabi-size  TP2_TP3.elf 
arm-none-eabi-objdump -h -S TP2_TP3.elf  > "TP2_TP3.list"
   text	   data	    bss	    dec	    hex	filename
   1140	      4	   1572	   2716	    a9c	TP2_TP3.elf
Finished building: default.size.stdout
 
Finished building: TP2_TP3.list
 
11:44:24 **** Incremental Build of configuration Debug for project TP2_TP3 ****
make -j16 all 
arm-none-eabi-gcc "../Core/Src/utils.c" -mcpu=cortex-m4 -std=gnu11 -g3 -DDEBUG -DUSE_HAL_DRIVER -DSTM32L476xx -c -I../Core/Inc -I../Drivers/STM32L4xx_HAL_Driver/Inc -I../Drivers/STM32L4xx_HAL_Driver/Inc/Legacy -I../Drivers/CMSIS/Device/ST/STM32L4xx/Include -I../Drivers/CMSIS/Include -O0 -ffunction-sections -fdata-sections -Wall -fstack-usage -fcyclomatic-complexity -MMD -MP -MF"Core/Src/utils.d" -MT"Core/Src/utils.o" --specs=nano.specs -mfpu=fpv4-sp-d16 -mfloat-abi=hard -mthumb -o "Core/Src/utils.o"
arm-none-eabi-gcc -o "TP2_TP3.elf" @"objects.list"   -mcpu=cortex-m4 -T"C:\Users\franc\OneDrive - ENSEA\S6\uP\Cube Workspace S6\TP2_TP3\STM32L476RGTX_FLASH.ld" --specs=nosys.specs -Wl,-Map="TP2_TP3.map" -Wl,--gc-sections -static --specs=nano.specs -mfpu=fpv4-sp-d16 -mfloat-abi=hard -mthumb -Wl,--start-group -lc -lm -Wl,--end-group
Finished building target: TP2_TP3.elf
 
arm-none-eabi-size  TP2_TP3.elf 
arm-none-eabi-objdump -h -S TP2_TP3.elf  > "TP2_TP3.list"
   text	   data	    bss	    dec	    hex	filename
   1140	      4	   1572	   2716	    a9c	TP2_TP3.elf
Finished building: default.size.stdout
 
Finished building: TP2_TP3.list
 
11:51:05 **** Incremental Build of configuration Debug for project TP2_TP3 ****
make -j16 all 
arm-none-eabi-gcc -mcpu=cortex-m4 -g3 -DDEBUG -c -x assembler-with-cpp -MMD -MP -MF"Core/Startup/LED.d" -MT"Core/Startup/LED.o" --specs=nano.specs -mfpu=fpv4-sp-d16 -mfloat-abi=hard -mthumb -o "Core/Startup/LED.o" "../Core/Startup/LED.s"
[...]
C:/ST/STM32CubeIDE_1.19.0/STM32CubeIDE/plugins/com.st.stm32cube.ide.mcu.externaltools.gnu-tools-for-stm32.13.3.rel1.win32_1.0.0.202411081344/tools/bin/../lib/gcc/arm-none-eabi/13.3.1/../../../../arm-none-eabi/bin/ld.exe: ./Core/Startup/algo.o: in function `Boucle_waitN':
C:/Users/franc/OneDrive - ENSEA/S6/uP/Cube Workspace S6/TP4_TP5/Debug/../Core/Startup/algo.s:33:(.text+0x1a): undefined reference to `Boucle'
collect2.exe: error: ld returned 1 exit status
make: *** [makefile:64: TP4_TP5.elf] Error 1
"make -j16 all" terminated with exit code 2. Build might be incomplete.
10:53:38 **** Incremental Build of configuration Debug for project TP4_TP5 ****
make -j16 all 
arm-none-eabi-gcc -mcpu=cortex-m4 -g3 -DDEBUG -c -x assembler-with-cpp -MMD -MP -MF"Core/Startup/algo.d" -MT"Core/Startup/algo.o" --specs=nano.specs -mfpu=fpv4-sp-d16 -mfloat-abi=hard -mthumb -o "Core/Startup/algo.o" "../Core/Startup/algo.s"
arm-none-eabi-gcc -o "TP4_TP5.elf" @"objects.list"   -mcpu=cortex-m4 -T"C:\Users\franc\OneDrive - ENSEA\S6\uP\Cube Workspace S6\TP4_TP5\STM32L476RGTX_FLASH.ld" --specs=nosys.specs -Wl,-Map="TP4_TP5.map" -Wl,--gc-sections -static --specs=nano.specs -mfpu=fpv4-sp-d16 -mfloat-abi=hard -mthumb -Wl,--start-group -lc -lm -Wl,--end-group
Finished building target: TP4_TP5.elf
 
arm-none-eabi-size  TP4_TP5.elf 
arm-none-eabi-objdump -h -S TP4_TP5.elf  > "TP4_TP5.list"
   text	   data	    bss	    dec	    hex	filename
  17504	    104	   2040	  19648	   4cc0	TP4_TP5.elf
Finished building: default.size.stdout
 
Finished building: TP4_TP5.list
 
10:53:54 **** Incremental Build of configuration Debug for project TP4_TP5 ****
make -j16 all 
arm-none-eabi-size  TP4_TP5.elf 
   text	   data	    bss	    dec	    hex	filename
  17504	    104	   2040	  19648	   4cc0	TP4_TP5.elf
Finished building: default.size.stdout
 
10:56:43 **** Incremental Build of configuration Debug for project TP4_TP5 ****
make -j16 all 
arm-none-eabi-gcc "../Core/Src/main.c" -mcpu=cortex-m4 -std=gnu11 -g3 -DDEBUG -DUSE_HAL_DRIVER -DSTM32L476xx -c -I../Core/Inc -I../Drivers/STM32L4xx_HAL_Driver/Inc -I../Drivers/STM32L4xx_HAL_Driver/Inc/Legacy -I../Drivers/CMSIS/Device/ST/STM32L4xx/Include -I../Drivers/CMSIS/Include -O0 -ffunction-sections -fdata-sections -Wall -fstack-usage -fcyclomatic-complexity -MMD -MP -MF"Core/Src/main.d" -MT"Core/Src/main.o" --specs=nano.specs -mfpu=fpv4-sp-d16 -mfloat-abi=hard -mthumb -o "Core/Src/main.o"
arm-none-eabi-gcc -o "TP4_TP5.elf" @"objects.list"   -mcpu=cortex-m4 -T"C:\Users\franc\OneDrive - ENSEA\S6\uP\Cube Workspace S6\TP4_TP5\STM32L476RGTX_FLASH.ld" --specs=nosys.specs -Wl,-Map="TP4_TP5.map" -Wl,--gc-sections -static --specs=nano.specs -mfpu=fpv4-sp-d16 -mfloat-abi=hard -mthumb -Wl,--start-group -lc -lm -Wl,--end-group
Finished building target: TP4_TP5.elf
 
arm-none-eabi-size  TP4_TP5.elf 
arm-none-eabi-objdump -h -S TP4_TP5.elf  > "TP4_TP5.list"
   text	   data	    bss	    dec	    hex	filename
  17552	    104	   2040	  19696	   4cf0	TP4_TP5.elf
Finished building: default.size.stdout
 
Finished building: TP4_TP5.list
 
10:56:57 **** Incremental Build of configuration Debug for project TP4_TP5 ****
make -j16 all 
arm-none-eabi-gcc "../Core/Src/main.c" -mcpu=cortex-m4 -std=gnu11 -g3 -DDEBUG -DUSE_HAL_DRIVER -DSTM32L476xx -c -I../Core/Inc -I../Drivers/STM32L4xx_HAL_Driver/Inc -I../Drivers/STM32L4xx_HAL_Driver/Inc/Legacy -I../Drivers/CMSIS/Device/ST/STM32L4xx/Include -I../Drivers/CMSIS/Include -O0 -ffunction-sections -fdata-sections -Wall -fstack-usage -fcyclomatic-complexity -MMD -MP -MF"Core/Src/main.d" -MT"Core/Src/main.o" --specs=nano.specs -mfpu=fpv4-sp-d16 -mfloat-abi=hard -mthumb -o "Core/Src/main.o"
arm-none-eabi-gcc -o "TP4_TP5.elf" @"objects.list"   -mcpu=cortex-m4 -T"C:\Users\franc\OneDrive - ENSEA\S6\uP\Cube Workspace S6\TP4_TP5\STM32L476RGTX_FLASH.ld" --specs=nosys.specs -Wl,-Map="TP4_TP5.map" -Wl,--gc-sections -static --specs=nano.specs -mfpu=fpv4-sp-d16 -mfloat-abi=hard -mthumb -Wl,--start-group -lc -lm -Wl,--end-group
Finished building target: TP4_TP5.elf
 
arm-none-eabi-size  TP4_TP5.elf 
arm-none-eabi-objdump -h -S TP4_TP5.elf  > "TP4_TP5.list"
   text	   data	    bss	    dec	    hex	filename
  17556	    104	   2040	  19700	   4cf4	TP4_TP5.elf
Finished building: default.size.stdout
 
Finished building: TP4_TP5.list
 
10:57:34 **** Incremental Build of configuration Debug for project TP4_TP5 ****
make -j16 all 
arm-none-eabi-size  TP4_TP5.elf 
   text	   data	    bss	    dec	    hex	filename
  17556	    104	   2040	  19700	   4cf4	TP4_TP5.elf
Finished building: default.size.stdout
 
10:58:24 **** Incremental Build of configuration Debug for project TP4_TP5 ****
make -j16 all 
arm-none-eabi-gcc "../Core/Src/main.c" -mcpu=cortex-m4 -std=gnu11 -g3 -DDEBUG -DUSE_HAL_DRIVER -DSTM32L476xx -c -I../Core/Inc -I../Drivers/STM32L4xx_HAL_Driver/Inc -I../Drivers/STM32L4xx_HAL_Driver/Inc/Legacy -I../Drivers/CMSIS/Device/ST/STM32L4xx/Include -I../Drivers/CMSIS/Include -O0 -ffunction-sections -fdata-sections -Wall -fstack-usage -fcyclomatic-complexity -MMD -MP -MF"Core/Src/main.d" -MT"Core/Src/main.o" --specs=nano.specs -mfpu=fpv4-sp-d16 -mfloat-abi=hard -mthumb -o "Core/Src/main.o"
../Core/Src/main.c: In function 'main':
../Core/Src/main.c:108:41: error: expected ';' before 'int'
  108 |   printf("\n\r\n\r\n\r - - - - - -\n\r")
      |                                         ^
      |                                         ;
  109 |   int cnt_bfr = TIM2->CNT;
      |   ~~~                                    
../Core/Src/main.c:110:37: error: 'cnt_bfr' undeclared (first use in this function)
  110 |   printf("Counter before : %d\n\r", cnt_bfr);
      |                                     ^~~~~~~
../Core/Src/main.c:110:37: note: each undeclared identifier is reported only once for each function it appears in
make: *** [Core/Src/subdir.mk:37: Core/Src/main.o] Error 1
"make -j16 all" terminated with exit code 2. Build might be incomplete.
10:58:41 **** Incremental Build of configuration Debug for project TP4_TP5 ****
make -j16 all 
arm-none-eabi-gcc "../Core/Src/main.c" -mcpu=cortex-m4 -std=gnu11 -g3 -DDEBUG -DUSE_HAL_DRIVER -DSTM32L476xx -c -I../Core/Inc -I../Drivers/STM32L4xx_HAL_Driver/Inc -I../Drivers/STM32L4xx_HAL_Driver/Inc/Legacy -I../Drivers/CMSIS/Device/ST/STM32L4xx/Include -I../Drivers/CMSIS/Include -O0 -ffunction-sections -fdata-sections -Wall -fstack-usage -fcyclomatic-complexity -MMD -MP -MF"Core/Src/main.d" -MT"Core/Src/main.o" --specs=nano.specs -mfpu=fpv4-sp-d16 -mfloat-abi=hard -mthumb -o "Core/Src/main.o"
arm-none-eabi-gcc -o "TP4_TP5.elf" @"objects.list"   -mcpu=cortex-m4 -T"C:\Users\franc\OneDrive - ENSEA\S6\uP\Cube Workspace S6\TP4_TP5\STM32L476RGTX_FLASH.ld" --specs=nosys.specs -Wl,-Map="TP4_TP5.map" -Wl,--gc-sections -static --specs=nano.specs -mfpu=fpv4-sp-d16 -mfloat-abi=hard -mthumb -Wl,--start-group -lc -lm -Wl,--end-group
Finished building target: TP4_TP5.elf
 
arm-none-eabi-size  TP4_TP5.elf 
arm-none-eabi-objdump -h -S TP4_TP5.elf  > "TP4_TP5.list"
   text	   data	    bss	    dec	    hex	filename
  17588	    104	   2040	  19732	   4d14	TP4_TP5.elf
Finished building: default.size.stdout
 
Finished building: TP4_TP5.list
 
10:59:53 **** Incremental Build of configuration Debug for project TP4_TP5 ****
make -j16 all 
arm-none-eabi-gcc "../Core/Src/main.c" -mcpu=cortex-m4 -std=gnu11 -g3 -DDEBUG -DUSE_HAL_DRIVER -DSTM32L476xx -c -I../Core/Inc -I../Drivers/STM32L4xx_HAL_Driver/Inc -I../Drivers/STM32L4xx_HAL_Driver/Inc/Legacy -I../Drivers/CMSIS/Device/ST/STM32L4xx/Include -I../Drivers/CMSIS/Include -O0 -ffunction-sections -fdata-sections -Wall -fstack-usage -fcyclomatic-complexity -MMD -MP -MF"Core/Src/main.d" -MT"Core/Src/main.o" --specs=nano.specs -mfpu=fpv4-sp-d16 -mfloat-abi=hard -mthumb -o "Core/Src/main.o"
arm-none-eabi-gcc -o "TP4_TP5.elf" @"objects.list"   -mcpu=cortex-m4 -T"C:\Users\franc\OneDrive - ENSEA\S6\uP\Cube Workspace S6\TP4_TP5\STM32L476RGTX_FLASH.ld" --specs=nosys.specs -Wl,-Map="TP4_TP5.map" -Wl,--gc-sections -static --specs=nano.specs -mfpu=fpv4-sp-d16 -mfloat-abi=hard -mthumb -Wl,--start-group -lc -lm -Wl,--end-group
Finished building target: TP4_TP5.elf
 
arm-none-eabi-size  TP4_TP5.elf 
arm-none-eabi-objdump -h -S TP4_TP5.elf  > "TP4_TP5.list"
   text	   data	    bss	    dec	    hex	filename
  17588	    104	   2040	  19732	   4d14	TP4_TP5.elf
Finished building: default.size.stdout
 
Finished building: TP4_TP5.list
 
11:01:11 **** Incremental Build of configuration Debug for project TP4_TP5 ****
make -j16 all 
arm-none-eabi-gcc "../Core/Src/main.c" -mcpu=cortex-m4 -std=gnu11 -g3 -DDEBUG -DUSE_HAL_DRIVER -DSTM32L476xx -c -I../Core/Inc -I../Drivers/STM32L4xx_HAL_Driver/Inc -I../Drivers/STM32L4xx_HAL_Driver/Inc/Legacy -I../Drivers/CMSIS/Device/ST/STM32L4xx/Include -I../Drivers/CMSIS/Include -O0 -ffunction-sections -fdata-sections -Wall -fstack-usage -fcyclomatic-complexity -MMD -MP -MF"Core/Src/main.d" -MT"Core/Src/main.o" --specs=nano.specs -mfpu=fpv4-sp-d16 -mfloat-abi=hard -mthumb -o "Core/Src/main.o"
arm-none-eabi-gcc -o "TP4_TP5.elf" @"objects.list"   -mcpu=cortex-m4 -T"C:\Users\franc\OneDrive - ENSEA\S6\uP\Cube Workspace S6\TP4_TP5\STM32L476RGTX_FLASH.ld" --specs=nosys.specs -Wl,-Map="TP4_TP5.map" -Wl,--gc-sections -static --specs=nano.specs -mfpu=fpv4-sp-d16 -mfloat-abi=hard -mthumb -Wl,--start-group -lc -lm -Wl,--end-group
Finished building target: TP4_TP5.elf
 
arm-none-eabi-size  TP4_TP5.elf 
arm-none-eabi-objdump -h -S TP4_TP5.elf  > "TP4_TP5.list"
   text	   data	    bss	    dec	    hex	filename
  17592	    104	   2040	  19736	   4d18	TP4_TP5.elf
Finished building: default.size.stdout
 
Finished building: TP4_TP5.list
 
11:11:31 **** Incremental Build of configuration Debug for project TP4_TP5 ****
make -j16 all 
arm-none-eabi-gcc "../Core/Src/main.c" -mcpu=cortex-m4 -std=gnu11 -g3 -DDEBUG -DUSE_HAL_DRIVER -DSTM32L476xx -c -I../Core/Inc -I../Drivers/STM32L4xx_HAL_Driver/Inc -I../Drivers/STM32L4xx_HAL_Driver/Inc/Legacy -I../Drivers/CMSIS/Device/ST/STM32L4xx/Include -I../Drivers/CMSIS/Include -O0 -ffunction-sections -fdata-sections -Wall -fstack-usage -fcyclomatic-complexity -MMD -MP -MF"Core/Src/main.d" -MT"Core/Src/main.o" --specs=nano.specs -mfpu=fpv4-sp-d16 -mfloat-abi=hard -mthumb -o "Core/Src/main.o"
arm-none-eabi-gcc -o "TP4_TP5.elf" @"objects.list"   -mcpu=cortex-m4 -T"C:\Users\franc\OneDrive - ENSEA\S6\uP\Cube Workspace S6\TP4_TP5\STM32L476RGTX_FLASH.ld" --specs=nosys.specs -Wl,-Map="TP4_TP5.map" -Wl,--gc-sections -static --specs=nano.specs -mfpu=fpv4-sp-d16 -mfloat-abi=hard -mthumb -Wl,--start-group -lc -lm -Wl,--end-group
Finished building target: TP4_TP5.elf
 
arm-none-eabi-size  TP4_TP5.elf 
arm-none-eabi-objdump -h -S TP4_TP5.elf  > "TP4_TP5.list"
   text	   data	    bss	    dec	    hex	filename
  17588	    104	   2040	  19732	   4d14	TP4_TP5.elf
Finished building: default.size.stdout
 
Finished building: TP4_TP5.list
 
11:22:42 **** Incremental Build of configuration Debug for project TP4_TP5 ****
make -j16 all 
arm-none-eabi-gcc "../Core/Src/algo.c" -mcpu=cortex-m4 -std=gnu11 -g3 -DDEBUG -DUSE_HAL_DRIVER -DSTM32L476xx -c -I../Core/Inc -I../Drivers/STM32L4xx_HAL_Driver/Inc -I../Drivers/STM32L4xx_HAL_Driver/Inc/Legacy -I../Drivers/CMSIS/Device/ST/STM32L4xx/Include -I../Drivers/CMSIS/Include -O0 -ffunction-sections -fdata-sections -Wall -fstack-usage -fcyclomatic-complexity -MMD -MP -MF"Core/Src/algo.d" -MT"Core/Src/algo.o" --specs=nano.specs -mfpu=fpv4-sp-d16 -mfloat-abi=hard -mthumb -o "Core/Src/algo.o"
arm-none-eabi-gcc "../Core/Src/main.c" -mcpu=cortex-m4 -std=gnu11 -g3 -DDEBUG -DUSE_HAL_DRIVER -DSTM32L476xx -c -I../Core/Inc -I../Drivers/STM32L4xx_HAL_Driver/Inc -I../Drivers/STM32L4xx_HAL_Driver/Inc/Legacy -I../Drivers/CMSIS/Device/ST/STM32L4xx/Include -I../Drivers/CMSIS/Include -O0 -ffunction-sections -fdata-sections -Wall -fstack-usage -fcyclomatic-complexity -MMD -MP -MF"Core/Src/main.d" -MT"Core/Src/main.o" --specs=nano.specs -mfpu=fpv4-sp-d16 -mfloat-abi=hard -mthumb -o "Core/Src/main.o"
../Core/Src/algo.c: In function 'setup':
../Core/Src/algo.c:39:28: warning: left shift count >= width of type [-Wshift-count-overflow]
   39 |         GPIOA->MODER &= ~(3<<2*GPIO_PIN_5);
      |                            ^~
../Core/Src/algo.c:40:27: warning: left shift count >= width of type [-Wshift-count-overflow]
   40 |         GPIOA->MODER |= (1<<2*GPIO_PIN_5);
      |                           ^~
../Core/Src/algo.c:41:28: warning: left shift count >= width of type [-Wshift-count-overflow]
   41 |         GPIOC->MODER &= ~(3<<2*GPIO_PIN_8);
      |                            ^~
../Core/Src/algo.c:42:27: warning: left shift count >= width of type [-Wshift-count-overflow]
   42 |         GPIOC->MODER |= (1<<2*GPIO_PIN_8);
      |                           ^~
../Core/Src/main.c: In function 'main':
../Core/Src/main.c:117:18: warning: type defaults to 'int' in declaration of 'PIN_toggle' [-Wimplicit-int]
  117 |           static PIN_toggle = 1
      |                  ^~~~~~~~~~
../Core/Src/main.c:118:11: error: expected ',' or ';' before 'printf'
  118 |           printf("\n\r- - - - - - - - - - -\n\r");
      |           ^~~~~~
make: *** [Core/Src/subdir.mk:37: Core/Src/main.o] Error 1
make: *** Waiting for unfinished jobs....
"make -j16 all" terminated with exit code 2. Build might be incomplete.
11:22:55 **** Incremental Build of configuration Debug for project TP4_TP5 ****
make -j16 all 
arm-none-eabi-gcc "../Core/Src/main.c" -mcpu=cortex-m4 -std=gnu11 -g3 -DDEBUG -DUSE_HAL_DRIVER -DSTM32L476xx -c -I../Core/Inc -I../Drivers/STM32L4xx_HAL_Driver/Inc -I../Drivers/STM32L4xx_HAL_Driver/Inc/Legacy -I../Drivers/CMSIS/Device/ST/STM32L4xx/Include -I../Drivers/CMSIS/Include -O0 -ffunction-sections -fdata-sections -Wall -fstack-usage -fcyclomatic-complexity -MMD -MP -MF"Core/Src/main.d" -MT"Core/Src/main.o" --specs=nano.specs -mfpu=fpv4-sp-d16 -mfloat-abi=hard -mthumb -o "Core/Src/main.o"
../Core/Src/main.c: In function 'main':
../Core/Src/main.c:117:18: warning: type defaults to 'int' in declaration of 'PIN_toggle' [-Wimplicit-int]
  117 |           static PIN_toggle = 1;
      |                  ^~~~~~~~~~
arm-none-eabi-gcc -o "TP4_TP5.elf" @"objects.list"   -mcpu=cortex-m4 -T"C:\Users\franc\OneDrive - ENSEA\S6\uP\Cube Workspace S6\TP4_TP5\STM32L476RGTX_FLASH.ld" --specs=nosys.specs -Wl,-Map="TP4_TP5.map" -Wl,--gc-sections -static --specs=nano.specs -mfpu=fpv4-sp-d16 -mfloat-abi=hard -mthumb -Wl,--start-group -lc -lm -Wl,--end-group
Finished building target: TP4_TP5.elf
 
arm-none-eabi-size  TP4_TP5.elf 
arm-none-eabi-objdump -h -S TP4_TP5.elf  > "TP4_TP5.list"
   text	   data	    bss	    dec	    hex	filename
  17692	    108	   2044	  19844	   4d84	TP4_TP5.elf
Finished building: default.size.stdout
 
Finished building: TP4_TP5.list
 
11:23:07 **** Incremental Build of configuration Debug for project TP4_TP5 ****
make -j16 all 
arm-none-eabi-gcc "../Core/Src/main.c" -mcpu=cortex-m4 -std=gnu11 -g3 -DDEBUG -DUSE_HAL_DRIVER -DSTM32L476xx -c -I../Core/Inc -I../Drivers/STM32L4xx_HAL_Driver/Inc -I../Drivers/STM32L4xx_HAL_Driver/Inc/Legacy -I../Drivers/CMSIS/Device/ST/STM32L4xx/Include -I../Drivers/CMSIS/Include -O0 -ffunction-sections -fdata-sections -Wall -fstack-usage -fcyclomatic-complexity -MMD -MP -MF"Core/Src/main.d" -MT"Core/Src/main.o" --specs=nano.specs -mfpu=fpv4-sp-d16 -mfloat-abi=hard -mthumb -o "Core/Src/main.o"
arm-none-eabi-gcc -o "TP4_TP5.elf" @"objects.list"   -mcpu=cortex-m4 -T"C:\Users\franc\OneDrive - ENSEA\S6\uP\Cube Workspace S6\TP4_TP5\STM32L476RGTX_FLASH.ld" --specs=nosys.specs -Wl,-Map="TP4_TP5.map" -Wl,--gc-sections -static --specs=nano.specs -mfpu=fpv4-sp-d16 -mfloat-abi=hard -mthumb -Wl,--start-group -lc -lm -Wl,--end-group
Finished building target: TP4_TP5.elf
 
arm-none-eabi-size  TP4_TP5.elf 
arm-none-eabi-objdump -h -S TP4_TP5.elf  > "TP4_TP5.list"
   text	   data	    bss	    dec	    hex	filename
  17692	    108	   2044	  19844	   4d84	TP4_TP5.elf
Finished building: default.size.stdout
 
Finished building: TP4_TP5.list
 
11:23:29 **** Incremental Build of configuration Debug for project TP4_TP5 ****
make -j16 all 
arm-none-eabi-gcc "../Core/Src/main.c" -mcpu=cortex-m4 -std=gnu11 -g3 -DDEBUG -DUSE_HAL_DRIVER -DSTM32L476xx -c -I../Core/Inc -I../Drivers/STM32L4xx_HAL_Driver/Inc -I../Drivers/STM32L4xx_HAL_Driver/Inc/Legacy -I../Drivers/CMSIS/Device/ST/STM32L4xx/Include -I../Drivers/CMSIS/Include -O0 -ffunction-sections -fdata-sections -Wall -fstack-usage -fcyclomatic-complexity -MMD -MP -MF"Core/Src/main.d" -MT"Core/Src/main.o" --specs=nano.specs -mfpu=fpv4-sp-d16 -mfloat-abi=hard -mthumb -o "Core/Src/main.o"
arm-none-eabi-gcc -o "TP4_TP5.elf" @"objects.list"   -mcpu=cortex-m4 -T"C:\Users\franc\OneDrive - ENSEA\S6\uP\Cube Workspace S6\TP4_TP5\STM32L476RGTX_FLASH.ld" --specs=nosys.specs -Wl,-Map="TP4_TP5.map" -Wl,--gc-sections -static --specs=nano.specs -mfpu=fpv4-sp-d16 -mfloat-abi=hard -mthumb -Wl,--start-group -lc -lm -Wl,--end-group
Finished building target: TP4_TP5.elf
 
arm-none-eabi-size  TP4_TP5.elf 
arm-none-eabi-objdump -h -S TP4_TP5.elf  > "TP4_TP5.list"
   text	   data	    bss	    dec	    hex	filename
  17696	    108	   2044	  19848	   4d88	TP4_TP5.elf
Finished building: default.size.stdout
 
Finished building: TP4_TP5.list
 
11:23:48 **** Incremental Build of configuration Debug for project TP4_TP5 ****
make -j16 all 
arm-none-eabi-gcc "../Core/Src/main.c" -mcpu=cortex-m4 -std=gnu11 -g3 -DDEBUG -DUSE_HAL_DRIVER -DSTM32L476xx -c -I../Core/Inc -I../Drivers/STM32L4xx_HAL_Driver/Inc -I../Drivers/STM32L4xx_HAL_Driver/Inc/Legacy -I../Drivers/CMSIS/Device/ST/STM32L4xx/Include -I../Drivers/CMSIS/Include -O0 -ffunction-sections -fdata-sections -Wall -fstack-usage -fcyclomatic-complexity -MMD -MP -MF"Core/Src/main.d" -MT"Core/Src/main.o" --specs=nano.specs -mfpu=fpv4-sp-d16 -mfloat-abi=hard -mthumb -o "Core/Src/main.o"
arm-none-eabi-gcc -o "TP4_TP5.elf" @"objects.list"   -mcpu=cortex-m4 -T"C:\Users\franc\OneDrive - ENSEA\S6\uP\Cube Workspace S6\TP4_TP5\STM32L476RGTX_FLASH.ld" --specs=nosys.specs -Wl,-Map="TP4_TP5.map" -Wl,--gc-sections -static --specs=nano.specs -mfpu=fpv4-sp-d16 -mfloat-abi=hard -mthumb -Wl,--start-group -lc -lm -Wl,--end-group
Finished building target: TP4_TP5.elf
 
arm-none-eabi-size  TP4_TP5.elf 
arm-none-eabi-objdump -h -S TP4_TP5.elf  > "TP4_TP5.list"
   text	   data	    bss	    dec	    hex	filename
  17696	    108	   2044	  19848	   4d88	TP4_TP5.elf
Finished building: default.size.stdout
 
Finished building: TP4_TP5.list
 
11:35:22 **** Incremental Build of configuration Debug for project TP4_TP5 ****
make -j16 all 
arm-none-eabi-gcc "../Core/Src/main.c" -mcpu=cortex-m4 -std=gnu11 -g3 -DDEBUG -DUSE_HAL_DRIVER -DSTM32L476xx -c -I../Core/Inc -I../Drivers/STM32L4xx_HAL_Driver/Inc -I../Drivers/STM32L4xx_HAL_Driver/Inc/Legacy -I../Drivers/CMSIS/Device/ST/STM32L4xx/Include -I../Drivers/CMSIS/Include -O0 -ffunction-sections -fdata-sections -Wall -fstack-usage -fcyclomatic-complexity -MMD -MP -MF"Core/Src/main.d" -MT"Core/Src/main.o" --specs=nano.specs -mfpu=fpv4-sp-d16 -mfloat-abi=hard -mthumb -o "Core/Src/main.o"
arm-none-eabi-gcc -o "TP4_TP5.elf" @"objects.list"   -mcpu=cortex-m4 -T"C:\Users\franc\OneDrive - ENSEA\S6\uP\Cube Workspace S6\TP4_TP5\STM32L476RGTX_FLASH.ld" --specs=nosys.specs -Wl,-Map="TP4_TP5.map" -Wl,--gc-sections -static --specs=nano.specs -mfpu=fpv4-sp-d16 -mfloat-abi=hard -mthumb -Wl,--start-group -lc -lm -Wl,--end-group
Finished building target: TP4_TP5.elf
 
arm-none-eabi-size  TP4_TP5.elf 
arm-none-eabi-objdump -h -S TP4_TP5.elf  > "TP4_TP5.list"
   text	   data	    bss	    dec	    hex	filename
  17692	    108	   2044	  19844	   4d84	TP4_TP5.elf
Finished building: default.size.stdout
 
Finished building: TP4_TP5.list
 
11:40:20 **** Incremental Build of configuration Debug for project TP4_TP5 ****
make -j16 all 
arm-none-eabi-size  TP4_TP5.elf 
   text	   data	    bss	    dec	    hex	filename
  17692	    108	   2044	  19844	   4d84	TP4_TP5.elf
Finished building: default.size.stdout
 
