Archive member included to satisfy reference by file (symbol)

C:/ST/STM32CubeIDE_1.19.0/STM32CubeIDE/plugins/com.st.stm32cube.ide.mcu.externaltools.gnu-tools-for-stm32.13.3.rel1.win32_1.0.0.202411081344/tools/bin/../lib/gcc/arm-none-eabi/13.3.1/../../../../arm-none-eabi/lib/thumb/v7e-m+fp/hard\libc_nano.a(libc_a-exit.o)
                              C:/ST/STM32CubeIDE_1.19.0/STM32CubeIDE/plugins/com.st.stm32cube.ide.mcu.externaltools.gnu-tools-for-stm32.13.3.rel1.win32_1.0.0.202411081344/tools/bin/../lib/gcc/arm-none-eabi/13.3.1/../../../../arm-none-eabi/lib/thumb/v7e-m+fp/hard/crt0.o (exit)
C:/ST/STM32CubeIDE_1.19.0/STM32CubeIDE/plugins/com.st.stm32cube.ide.mcu.externaltools.gnu-tools-for-stm32.13.3.rel1.win32_1.0.0.202411081344/tools/bin/../lib/gcc/arm-none-eabi/13.3.1/../../../../arm-none-eabi/lib/thumb/v7e-m+fp/hard\libc_nano.a(libc_a-findfp.o)
                              C:/ST/STM32CubeIDE_1.19.0/STM32CubeIDE/plugins/com.st.stm32cube.ide.mcu.externaltools.gnu-tools-for-stm32.13.3.rel1.win32_1.0.0.202411081344/tools/bin/../lib/gcc/arm-none-eabi/13.3.1/../../../../arm-none-eabi/lib/thumb/v7e-m+fp/hard\libc_nano.a(libc_a-exit.o) (__stdio_exit_handler)
C:/ST/STM32CubeIDE_1.19.0/STM32CubeIDE/plugins/com.st.stm32cube.ide.mcu.externaltools.gnu-tools-for-stm32.13.3.rel1.win32_1.0.0.202411081344/tools/bin/../lib/gcc/arm-none-eabi/13.3.1/../../../../arm-none-eabi/lib/thumb/v7e-m+fp/hard\libc_nano.a(libc_a-fwalk.o)
                              C:/ST/STM32CubeIDE_1.19.0/STM32CubeIDE/plugins/com.st.stm32cube.ide.mcu.externaltools.gnu-tools-for-stm32.13.3.rel1.win32_1.0.0.202411081344/tools/bin/../lib/gcc/arm-none-eabi/13.3.1/../../../../arm-none-eabi/lib/thumb/v7e-m+fp/hard\libc_nano.a(libc_a-findfp.o) (_fwalk_sglue)
C:/ST/STM32CubeIDE_1.19.0/STM32CubeIDE/plugins/com.st.stm32cube.ide.mcu.externaltools.gnu-tools-for-stm32.13.3.rel1.win32_1.0.0.202411081344/tools/bin/../lib/gcc/arm-none-eabi/13.3.1/../../../../arm-none-eabi/lib/thumb/v7e-m+fp/hard\libc_nano.a(libc_a-stdio.o)
                              C:/ST/STM32CubeIDE_1.19.0/STM32CubeIDE/plugins/com.st.stm32cube.ide.mcu.externaltools.gnu-tools-for-stm32.13.3.rel1.win32_1.0.0.202411081344/tools/bin/../lib/gcc/arm-none-eabi/13.3.1/../../../../arm-none-eabi/lib/thumb/v7e-m+fp/hard\libc_nano.a(libc_a-findfp.o) (__sread)
C:/ST/STM32CubeIDE_1.19.0/STM32CubeIDE/plugins/com.st.stm32cube.ide.mcu.externaltools.gnu-tools-for-stm32.13.3.rel1.win32_1.0.0.202411081344/tools/bin/../lib/gcc/arm-none-eabi/13.3.1/../../../../arm-none-eabi/lib/thumb/v7e-m+fp/hard\libc_nano.a(libc_a-memset.o)
                              C:/ST/STM32CubeIDE_1.19.0/STM32CubeIDE/plugins/com.st.stm32cube.ide.mcu.externaltools.gnu-tools-for-stm32.13.3.rel1.win32_1.0.0.202411081344/tools/bin/../lib/gcc/arm-none-eabi/13.3.1/../../../../arm-none-eabi/lib/thumb/v7e-m+fp/hard/crt0.o (memset)
C:/ST/STM32CubeIDE_1.19.0/STM32CubeIDE/plugins/com.st.stm32cube.ide.mcu.externaltools.gnu-tools-for-stm32.13.3.rel1.win32_1.0.0.202411081344/tools/bin/../lib/gcc/arm-none-eabi/13.3.1/../../../../arm-none-eabi/lib/thumb/v7e-m+fp/hard\libc_nano.a(libc_a-closer.o)
                              C:/ST/STM32CubeIDE_1.19.0/STM32CubeIDE/plugins/com.st.stm32cube.ide.mcu.externaltools.gnu-tools-for-stm32.13.3.rel1.win32_1.0.0.202411081344/tools/bin/../lib/gcc/arm-none-eabi/13.3.1/../../../../arm-none-eabi/lib/thumb/v7e-m+fp/hard\libc_nano.a(libc_a-stdio.o) (_close_r)
C:/ST/STM32CubeIDE_1.19.0/STM32CubeIDE/plugins/com.st.stm32cube.ide.mcu.externaltools.gnu-tools-for-stm32.13.3.rel1.win32_1.0.0.202411081344/tools/bin/../lib/gcc/arm-none-eabi/13.3.1/../../../../arm-none-eabi/lib/thumb/v7e-m+fp/hard\libc_nano.a(libc_a-reent.o)
                              C:/ST/STM32CubeIDE_1.19.0/STM32CubeIDE/plugins/com.st.stm32cube.ide.mcu.externaltools.gnu-tools-for-stm32.13.3.rel1.win32_1.0.0.202411081344/tools/bin/../lib/gcc/arm-none-eabi/13.3.1/../../../../arm-none-eabi/lib/thumb/v7e-m+fp/hard\libc_nano.a(libc_a-closer.o) (errno)
C:/ST/STM32CubeIDE_1.19.0/STM32CubeIDE/plugins/com.st.stm32cube.ide.mcu.externaltools.gnu-tools-for-stm32.13.3.rel1.win32_1.0.0.202411081344/tools/bin/../lib/gcc/arm-none-eabi/13.3.1/../../../../arm-none-eabi/lib/thumb/v7e-m+fp/hard\libc_nano.a(libc_a-impure.o)
                              C:/ST/STM32CubeIDE_1.19.0/STM32CubeIDE/plugins/com.st.stm32cube.ide.mcu.externaltools.gnu-tools-for-stm32.13.3.rel1.win32_1.0.0.202411081344/tools/bin/../lib/gcc/arm-none-eabi/13.3.1/../../../../arm-none-eabi/lib/thumb/v7e-m+fp/hard\libc_nano.a(libc_a-reent.o) (_impure_ptr)
C:/ST/STM32CubeIDE_1.19.0/STM32CubeIDE/plugins/com.st.stm32cube.ide.mcu.externaltools.gnu-tools-for-stm32.13.3.rel1.win32_1.0.0.202411081344/tools/bin/../lib/gcc/arm-none-eabi/13.3.1/../../../../arm-none-eabi/lib/thumb/v7e-m+fp/hard\libc_nano.a(libc_a-lseekr.o)
[...]
Memory Configuration

Name             Origin             Length             Attributes
RAM              0x20000000         0x00018000         xrw
RAM2             0x10000000         0x00008000         xrw
FLASH            0x08000000         0x00100000         xr
*default*        0x00000000         0xffffffff

Linker script and memory map

LOAD C:/ST/STM32CubeIDE_1.19.0/STM32CubeIDE/plugins/com.st.stm32cube.ide.mcu.externaltools.gnu-tools-for-stm32.13.3.rel1.win32_1.0.0.202411081344/tools/bin/../lib/gcc/arm-none-eabi/13.3.1/thumb/v7e-m+fp/hard/crti.o
LOAD C:/ST/STM32CubeIDE_1.19.0/STM32CubeIDE/plugins/com.st.stm32cube.ide.mcu.externaltools.gnu-tools-for-stm32.13.3.rel1.win32_1.0.0.202411081344/tools/bin/../lib/gcc/arm-none-eabi/13.3.1/thumb/v7e-m+fp/hard/crtbegin.o
LOAD C:/ST/STM32CubeIDE_1.19.0/STM32CubeIDE/plugins/com.st.stm32cube.ide.mcu.externaltools.gnu-tools-for-stm32.13.3.rel1.win32_1.0.0.202411081344/tools/bin/../lib/gcc/arm-none-eabi/13.3.1/../../../../arm-none-eabi/lib/thumb/v7e-m+fp/hard/crt0.o
LOAD ./Core/Src/main.o
LOAD ./Core/Src/stm32l4xx_hal_msp.o
LOAD ./Core/Src/stm32l4xx_it.o
LOAD ./Core/Src/syscalls.o
LOAD ./Core/Src/sysmem.o
LOAD ./Core/Src/system_stm32l4xx.o
LOAD ./Core/Startup/startup_stm32l476rgtx.o
LOAD ./Drivers/STM32L4xx_HAL_Driver/Src/stm32l4xx_hal.o
LOAD ./Drivers/STM32L4xx_HAL_Driver/Src/stm32l4xx_hal_cortex.o
LOAD ./Drivers/STM32L4xx_HAL_Driver/Src/stm32l4xx_hal_dma.o
LOAD ./Drivers/STM32L4xx_HAL_Driver/Src/stm32l4xx_hal_dma_ex.o
LOAD ./Drivers/STM32L4xx_HAL_Driver/Src/stm32l4xx_hal_exti.o
LOAD ./Drivers/STM32L4xx_HAL_Driver/Src/stm32l4xx_hal_flash.o
LOAD ./Drivers/STM32L4xx_HAL_Driver/Src/stm32l4xx_hal_flash_ex.o
LOAD ./Drivers/STM32L4xx_HAL_Driver/Src/stm32l4xx_hal_flash_ramfunc.o
LOAD ./Drivers/STM32L4xx_HAL_Driver/Src/stm32l4xx_hal_gpio.o
LOAD ./Drivers/STM32L4xx_HAL_Driver/Src/stm32l4xx_hal_i2c.o
LOAD ./Drivers/STM32L4xx_HAL_Driver/Src/stm32l4xx_hal_i2c_ex.o
LOAD ./Drivers/STM32L4xx_HAL_Driver/Src/stm32l4xx_hal_pcd.o
LOAD ./Drivers/STM32L4xx_HAL_Driver/Src/stm32l4xx_hal_pcd_ex.o
LOAD ./Drivers/STM32L4xx_HAL_Driver/Src/stm32l4xx_hal_pwr.o
LOAD ./Drivers/STM32L4xx_HAL_Driver/Src/stm32l4xx_hal_pwr_ex.o
LOAD ./Drivers/STM32L4xx_HAL_Driver/Src/stm32l4xx_hal_rcc.o
LOAD ./Drivers/STM32L4xx_HAL_Driver/Src/stm32l4xx_hal_rcc_ex.o
LOAD ./Drivers/STM32L4xx_HAL_Driver/Src/stm32l4xx_hal_uart.o
LOAD ./Drivers/STM32L4xx_HAL_Driver/Src/stm32l4xx_hal_uart_ex.o
LOAD ./Drivers/STM32L4xx_HAL_Driver/Src/stm32l4xx_ll_usb.o
LOAD ./Middlewares/ST/STM32_USB_Device_Library/Class/HID/Src/usbd_hid.o
LOAD ./Middlewares/ST/STM32_USB_Device_Library/Core/Src/usbd_core.o
LOAD ./Middlewares/ST/STM32_USB_Device_Library/Core/Src/usbd_ctlreq.o
LOAD ./Middlewares/ST/STM32_USB_Device_Library/Core/Src/usbd_ioreq.o
LOAD ./USB_DEVICE/App/usb_device.o
LOAD ./USB_DEVICE/App/usbd_desc.o
LOAD ./USB_DEVICE/Target/usbd_conf.o
START GROUP
LOAD C:/ST/STM32CubeIDE_1.19.0/STM32CubeIDE/plugins/com.st.stm32cube.ide.mcu.externaltools.gnu-tools-for-stm32.13.3.rel1.win32_1.0.0.202411081344/tools/bin/../lib/gcc/arm-none-eabi/13.3.1/../../../../arm-none-eabi/lib/thumb/v7e-m+fp/hard\libc_nano.a
LOAD C:/ST/STM32CubeIDE_1.19.0/STM32CubeIDE/plugins/com.st.stm32cube.ide.mcu.externaltools.gnu-tools-for-stm32.13.3.rel1.win32_1.0.0.202411081344/tools/bin/../lib/gcc/arm-none-eabi/13.3.1/../../../../arm-none-eabi/lib/thumb/v7e-m+fp/hard\libm.a
END GROUP
START GROUP
LOAD C:/ST/STM32CubeIDE_1.19.0/STM32CubeIDE/plugins/com.st.stm32cube.ide.mcu.externaltools.gnu-tools-for-stm32.13.3.rel1.win32_1.0.0.202411081344/tools/bin/../lib/gcc/arm-none-eabi/13.3.1/thumb/v7e-m+fp/hard\libgcc.a
LOAD C:/ST/STM32CubeIDE_1.19.0/STM32CubeIDE/plugins/com.st.stm32cube.ide.mcu.externaltools.gnu-tools-for-stm32.13.3.rel1.win32_1.0.0.202411081344/tools/bin/../lib/gcc/arm-none-eabi/13.3.1/../../../../arm-none-eabi/lib/thumb/v7e-m+fp/hard\libc_nano.a
END GROUP
START GROUP
LOAD C:/ST/STM32CubeIDE_1.19.0/STM32CubeIDE/plugins/com.st.stm32cube.ide.mcu.externaltools.gnu-tools-for-stm32.13.3.rel1.win32_1.0.0.202411081344/tools/bin/../lib/gcc/arm-none-eabi/13.3.1/thumb/v7e-m+fp/hard\libgcc.a
LOAD C:/ST/STM32CubeIDE_1.19.0/STM32CubeIDE/plugins/com.st.stm32cube.ide.mcu.externaltools.gnu-tools-for-stm32.13.3.rel1.win32_1.0.0.202411081344/tools/bin/../lib/gcc/arm-none-eabi/13.3.1/../../../../arm-none-eabi/lib/thumb/v7e-m+fp/hard\libc_nano.a
LOAD C:/ST/STM32CubeIDE_1.19.0/STM32CubeIDE/plugins/com.st.stm32cube.ide.mcu.externaltools.gnu-tools-for-stm32.13.3.rel1.win32_1.0.0.202411081344/tools/bin/../lib/gcc/arm-none-eabi/13.3.1/../../../../arm-none-eabi/lib/thumb/v7e-m+fp/hard\libnosys.a
END GROUP
START GROUP
LOAD C:/ST/STM32CubeIDE_1.19.0/STM32CubeIDE/plugins/com.st.stm32cube.ide.mcu.externaltools.gnu-tools-for-stm32.13.3.rel1.win32_1.0.0.202411081344/tools/bin/../lib/gcc/arm-none-eabi/13.3.1/thumb/v7e-m+fp/hard\libgcc.a
LOAD C:/ST/STM32CubeIDE_1.19.0/STM32CubeIDE/plugins/com.st.stm32cube.ide.mcu.externaltools.gnu-tools-for-stm32.13.3.rel1.win32_1.0.0.202411081344/tools/bin/../lib/gcc/arm-none-eabi/13.3.1/../../../../arm-none-eabi/lib/thumb/v7e-m+fp/hard\libc_nano.a
LOAD C:/ST/STM32CubeIDE_1.19.0/STM32CubeIDE/plugins/com.st.stm32cube.ide.mcu.externaltools.gnu-tools-for-stm32.13.3.rel1.win32_1.0.0.202411081344/tools/bin/../lib/gcc/arm-none-eabi/13.3.1/../../../../arm-none-eabi/lib/thumb/v7e-m+fp/hard\libnosys.a
END GROUP
LOAD C:/ST/STM32CubeIDE_1.19.0/STM32CubeIDE/plugins/com.st.stm32cube.ide.mcu.externaltools.gnu-tools-for-stm32.13.3.rel1.win32_1.0.0.202411081344/tools/bin/../lib/gcc/arm-none-eabi/13.3.1/thumb/v7e-m+fp/hard/crtend.o
LOAD C:/ST/STM32CubeIDE_1.19.0/STM32CubeIDE/plugins/com.st.stm32cube.ide.mcu.externaltools.gnu-tools-for-stm32.13.3.rel1.win32_1.0.0.202411081344/tools/bin/../lib/gcc/arm-none-eabi/13.3.1/thumb/v7e-m+fp/hard/crtn.o
                0x20018000                        _estack = (ORIGIN (RAM) + LENGTH (RAM))
                0x00000200                        _Min_Heap_Size = 0x200
                0x00000400                        _Min_Stack_Size = 0x400

.isr_vector     0x08000000      0x188
                0x08000000                        . = ALIGN (0x4)
 *(.isr_vector)
 .isr_vector    0x08000000      0x188 ./Core/Startup/startup_stm32l476rgtx.o
                0x08000000                g_pfnVectors
                0x08000188                        . = ALIGN (0x4)

.text           0x08000188     0x7eb0
                0x08000188                        . = ALIGN (0x4)
 *(.text)
 .text          0x08000188       0x40 C:/ST/STM32CubeIDE_1.19.0/STM32CubeIDE/plugins/com.st.stm32cube.ide.mcu.externaltools.gnu-tools-for-stm32.13.3.rel1.win32_1.0.0.202411081344/tools/bin/../lib/gcc/arm-none-eabi/13.3.1/thumb/v7e-m+fp/hard/crtbegin.o
 .text          0x080001c8       0x30 C:/ST/STM32CubeIDE_1.19.0/STM32CubeIDE/plugins/com.st.stm32cube.ide.mcu.externaltools.gnu-tools-for-stm32.13.3.rel1.win32_1.0.0.202411081344/tools/bin/../lib/gcc/arm-none-eabi/13.3.1/thumb/v7e-m+fp/hard\libgcc.a(_aeabi_uldivmod.o)
                0x080001c8                __aeabi_uldivmod
 .text          0x080001f8      0x2f8 C:/ST/STM32CubeIDE_1.19.0/STM32CubeIDE/plugins/com.st.stm32cube.ide.mcu.externaltools.gnu-tools-for-stm32.13.3.rel1.win32_1.0.0.202411081344/tools/bin/../lib/gcc/arm-none-eabi/13.3.1/thumb/v7e-m+fp/hard\libgcc.a(_udivmoddi4.o)
                0x080001f8                __udivmoddi4
 .text          0x080004f0        0x4 C:/ST/STM32CubeIDE_1.19.0/STM32CubeIDE/plugins/com.st.stm32cube.ide.mcu.externaltools.gnu-tools-for-stm32.13.3.rel1.win32_1.0.0.202411081344/tools/bin/../lib/gcc/arm-none-eabi/13.3.1/thumb/v7e-m+fp/hard\libgcc.a(_dvmd_tls.o)
                0x080004f0                __aeabi_idiv0
                0x080004f0                __aeabi_ldiv0
 *(.text*)
 .text.main     0x080004f4       0x54 ./Core/Src/main.o
                0x080004f4                main
 .text.SystemClock_Config
                0x08000548       0xc4 ./Core/Src/main.o
                0x08000548                SystemClock_Config
 .text.MX_USART2_UART_Init
                0x0800060c       0x60 ./Core/Src/main.o
 .text.MX_GPIO_Init
                0x0800066c       0xd0 ./Core/Src/main.o
 .text.Error_Handler
                0x0800073c        0xc ./Core/Src/main.o
                0x0800073c                Error_Handler
 .text.HAL_MspInit
                0x08000748       0x48 ./Core/Src/stm32l4xx_hal_msp.o
                0x08000748                HAL_MspInit
 .text.HAL_UART_MspInit
                0x08000790       0xb8 ./Core/Src/stm32l4xx_hal_msp.o
                0x08000790                HAL_UART_MspInit
 .text.NMI_Handler
                0x08000848        0x8 ./Core/Src/stm32l4xx_it.o
                0x08000848                NMI_Handler
 .text.HardFault_Handler
                0x08000850        0x8 ./Core/Src/stm32l4xx_it.o
                0x08000850                HardFault_Handler
 .text.MemManage_Handler
                0x08000858        0x8 ./Core/Src/stm32l4xx_it.o
                0x08000858                MemManage_Handler
 .text.BusFault_Handler
                0x08000860        0x8 ./Core/Src/stm32l4xx_it.o
                0x08000860                BusFault_Handler
 .text.UsageFault_Handler
                0x08000868        0x8 ./Core/Src/stm32l4xx_it.o
                0x08000868                UsageFault_Handler
 .text.SVC_Handler
                0x08000870        0xe ./Core/Src/stm32l4xx_it.o
                0x08000870                SVC_Handler
 .text.DebugMon_Handler
                0x0800087e        0xe ./Core/Src/stm32l4xx_it.o
                0x0800087e                DebugMon_Handler
 .text.PendSV_Handler
                0x0800088c        0xe ./Core/Src/stm32l4xx_it.o
                0x0800088c                PendSV_Handler
 .text.SysTick_Handler
                0x0800089a        0xc ./Core/Src/stm32l4xx_it.o
                0x0800089a                SysTick_Handler
 *fill*         0x080008a6        0x2 
 .text.OTG_FS_IRQHandler
                0x080008a8       0x14 ./Core/Src/stm32l4xx_it.o
                0x080008a8                OTG_FS_IRQHandler
 .text.SystemInit
                0x080008bc       0x24 ./Core/Src/system_stm32l4xx.o
                0x080008bc                SystemInit
 .text.Reset_Handler
                0x080008e0       0x50 ./Core/Startup/startup_stm32l476rgtx.o
                0x080008e0                Reset_Handler
 .text.Default_Handler
                0x08000930        0x2 ./Core/Startup/startup_stm32l476rgtx.o
                0x08000930                RTC_Alarm_IRQHandler
                0x08000930                EXTI2_IRQHandler
                0x08000930                TIM8_TRG_COM_IRQHandler
                0x08000930                TIM8_CC_IRQHandler
                0x08000930                TIM1_CC_IRQHandler
                0x08000930                TSC_IRQHandler
                0x08000930                TAMP_STAMP_IRQHandler
                0x08000930                EXTI3_IRQHandler
                0x08000930                LPTIM2_IRQHandler
                0x08000930                DFSDM1_FLT1_IRQHandler
                0x08000930                I2C3_ER_IRQHandler
                0x08000930                DFSDM1_FLT2_IRQHandler
                0x08000930                EXTI0_IRQHandler
                0x08000930                I2C2_EV_IRQHandler
                0x08000930                CAN1_RX0_IRQHandler
                0x08000930                FPU_IRQHandler
                0x08000930                TIM1_UP_TIM16_IRQHandler
                0x08000930                ADC1_2_IRQHandler
                0x08000930                SPI1_IRQHandler
                0x08000930                TIM6_DAC_IRQHandler
                0x08000930                TIM8_UP_IRQHandler
                0x08000930                DMA2_Channel2_IRQHandler
                0x08000930                DMA1_Channel4_IRQHandler
                0x08000930                SAI2_IRQHandler
                0x08000930                DFSDM1_FLT3_IRQHandler
                0x08000930                USART3_IRQHandler
                0x08000930                DMA1_Channel7_IRQHandler
                0x08000930                CAN1_RX1_IRQHandler
                0x08000930                LCD_IRQHandler
                0x08000930                UART5_IRQHandler
                0x08000930                ADC3_IRQHandler
                0x08000930                TIM4_IRQHandler
                0x08000930                DMA2_Channel1_IRQHandler
                0x08000930                QUADSPI_IRQHandler
                0x08000930                I2C1_EV_IRQHandler
                0x08000930                DMA1_Channel6_IRQHandler
                0x08000930                UART4_IRQHandler
                0x08000930                DMA2_Channel4_IRQHandler
                0x08000930                TIM3_IRQHandler
                0x08000930                RCC_IRQHandler
                0x08000930                DMA1_Channel1_IRQHandler
                0x08000930                Default_Handler
                0x08000930                DMA2_Channel7_IRQHandler
                0x08000930                EXTI15_10_IRQHandler
                0x08000930                TIM7_IRQHandler
                0x08000930                SDMMC1_IRQHandler
                0x08000930                TIM5_IRQHandler
                0x08000930                I2C3_EV_IRQHandler
                0x08000930                EXTI9_5_IRQHandler
                0x08000930                RTC_WKUP_IRQHandler
                0x08000930                PVD_PVM_IRQHandler
                0x08000930                SPI2_IRQHandler
                0x08000930                CAN1_TX_IRQHandler
                0x08000930                DMA2_Channel5_IRQHandler
                0x08000930                DMA1_Channel5_IRQHandler
                0x08000930                EXTI4_IRQHandler
                0x08000930                RNG_IRQHandler
                0x08000930                TIM1_TRG_COM_TIM17_IRQHandler
                0x08000930                DMA1_Channel3_IRQHandler
                0x08000930                COMP_IRQHandler
                0x08000930                WWDG_IRQHandler
                0x08000930                LPUART1_IRQHandler
                0x08000930                DMA2_Channel6_IRQHandler
                0x08000930                TIM2_IRQHandler
                0x08000930                EXTI1_IRQHandler
                0x08000930                USART2_IRQHandler
                0x08000930                DFSDM1_FLT0_IRQHandler
                0x08000930                I2C2_ER_IRQHandler
                0x08000930                DMA1_Channel2_IRQHandler
                0x08000930                TIM8_BRK_IRQHandler
                0x08000930                CAN1_SCE_IRQHandler
                0x08000930                FLASH_IRQHandler
                0x08000930                USART1_IRQHandler
                0x08000930                SPI3_IRQHandler
                0x08000930                I2C1_ER_IRQHandler
                0x08000930                FMC_IRQHandler
                0x08000930                SWPMI1_IRQHandler
                0x08000930                LPTIM1_IRQHandler
                0x08000930                SAI1_IRQHandler
                0x08000930                DMA2_Channel3_IRQHandler
                0x08000930                TIM1_BRK_TIM15_IRQHandler
 .text.HAL_Init
                0x08000932       0x30 ./Drivers/STM32L4xx_HAL_Driver/Src/stm32l4xx_hal.o
                0x08000932                HAL_Init
 *fill*         0x08000962        0x2 
 .text.HAL_InitTick
                0x08000964       0x78 ./Drivers/STM32L4xx_HAL_Driver/Src/stm32l4xx_hal.o
                0x08000964                HAL_InitTick
 .text.HAL_IncTick
                0x080009dc       0x28 ./Drivers/STM32L4xx_HAL_Driver/Src/stm32l4xx_hal.o
                0x080009dc                HAL_IncTick
 .text.HAL_GetTick
                0x08000a04       0x18 ./Drivers/STM32L4xx_HAL_Driver/Src/stm32l4xx_hal.o
                0x08000a04                HAL_GetTick
 .text.HAL_Delay
                0x08000a1c       0x48 ./Drivers/STM32L4xx_HAL_Driver/Src/stm32l4xx_hal.o
                0x08000a1c                HAL_Delay
 .text.__NVIC_SetPriorityGrouping
                0x08000a64       0x48 ./Drivers/STM32L4xx_HAL_Driver/Src/stm32l4xx_hal_cortex.o
 .text.__NVIC_GetPriorityGrouping
                0x08000aac       0x1c ./Drivers/STM32L4xx_HAL_Driver/Src/stm32l4xx_hal_cortex.o
 .text.__NVIC_EnableIRQ
                0x08000ac8       0x3c ./Drivers/STM32L4xx_HAL_Driver/Src/stm32l4xx_hal_cortex.o
 .text.__NVIC_SetPriority
                0x08000b04       0x54 ./Drivers/STM32L4xx_HAL_Driver/Src/stm32l4xx_hal_cortex.o
 .text.NVIC_EncodePriority
                0x08000b58       0x66 ./Drivers/STM32L4xx_HAL_Driver/Src/stm32l4xx_hal_cortex.o
 *fill*         0x08000bbe        0x2 
 .text.SysTick_Config
                0x08000bc0       0x44 ./Drivers/STM32L4xx_HAL_Driver/Src/stm32l4xx_hal_cortex.o
 .text.HAL_NVIC_SetPriorityGrouping
                0x08000c04       0x16 ./Drivers/STM32L4xx_HAL_Driver/Src/stm32l4xx_hal_cortex.o
                0x08000c04                HAL_NVIC_SetPriorityGrouping
 .text.HAL_NVIC_SetPriority
                0x08000c1a       0x38 ./Drivers/STM32L4xx_HAL_Driver/Src/stm32l4xx_hal_cortex.o
                0x08000c1a                HAL_NVIC_SetPriority
 .text.HAL_NVIC_EnableIRQ
                0x08000c52       0x1c ./Drivers/STM32L4xx_HAL_Driver/Src/stm32l4xx_hal_cortex.o
                0x08000c52                HAL_NVIC_EnableIRQ
 .text.HAL_SYSTICK_Config
                0x08000c6e       0x18 ./Drivers/STM32L4xx_HAL_Driver/Src/stm32l4xx_hal_cortex.o
                0x08000c6e                HAL_SYSTICK_Config
 *fill*         0x08000c86        0x2 
 .text.HAL_GPIO_Init
                0x08000c88      0x354 ./Drivers/STM32L4xx_HAL_Driver/Src/stm32l4xx_hal_gpio.o
                0x08000c88                HAL_GPIO_Init
 .text.HAL_GPIO_ReadPin
                0x08000fdc       0x30 ./Drivers/STM32L4xx_HAL_Driver/Src/stm32l4xx_hal_gpio.o
                0x08000fdc                HAL_GPIO_ReadPin
 .text.HAL_GPIO_WritePin
                0x0800100c       0x30 ./Drivers/STM32L4xx_HAL_Driver/Src/stm32l4xx_hal_gpio.o
                0x0800100c                HAL_GPIO_WritePin
 .text.HAL_PCD_Init
                0x0800103c      0x21e ./Drivers/STM32L4xx_HAL_Driver/Src/stm32l4xx_hal_pcd.o
                0x0800103c                HAL_PCD_Init
 .text.HAL_PCD_Start
                0x0800125a       0x5e ./Drivers/STM32L4xx_HAL_Driver/Src/stm32l4xx_hal_pcd.o
                0x0800125a                HAL_PCD_Start
 .text.HAL_PCD_IRQHandler
                0x080012b8      0x960 ./Drivers/STM32L4xx_HAL_Driver/Src/stm32l4xx_hal_pcd.o
                0x080012b8                HAL_PCD_IRQHandler
 .text.HAL_PCD_SetAddress
                0x08001c18       0x48 ./Drivers/STM32L4xx_HAL_Driver/Src/stm32l4xx_hal_pcd.o
                0x08001c18                HAL_PCD_SetAddress
 .text.HAL_PCD_EP_Open
                0x08001c60       0xd4 ./Drivers/STM32L4xx_HAL_Driver/Src/stm32l4xx_hal_pcd.o
                0x08001c60                HAL_PCD_EP_Open
 .text.HAL_PCD_EP_Close
                0x08001d34       0x94 ./Drivers/STM32L4xx_HAL_Driver/Src/stm32l4xx_hal_pcd.o
                0x08001d34                HAL_PCD_EP_Close
 .text.HAL_PCD_EP_Receive
                0x08001dc8       0x64 ./Drivers/STM32L4xx_HAL_Driver/Src/stm32l4xx_hal_pcd.o
                0x08001dc8                HAL_PCD_EP_Receive
 .text.HAL_PCD_EP_Transmit
                0x08001e2c       0x62 ./Drivers/STM32L4xx_HAL_Driver/Src/stm32l4xx_hal_pcd.o
                0x08001e2c                HAL_PCD_EP_Transmit
 .text.HAL_PCD_EP_SetStall
                0x08001e8e       0xc4 ./Drivers/STM32L4xx_HAL_Driver/Src/stm32l4xx_hal_pcd.o
                0x08001e8e                HAL_PCD_EP_SetStall
 .text.HAL_PCD_EP_ClrStall
                0x08001f52       0xac ./Drivers/STM32L4xx_HAL_Driver/Src/stm32l4xx_hal_pcd.o
                0x08001f52                HAL_PCD_EP_ClrStall
 .text.HAL_PCD_EP_Abort
                0x08001ffe       0x62 ./Drivers/STM32L4xx_HAL_Driver/Src/stm32l4xx_hal_pcd.o
                0x08001ffe                HAL_PCD_EP_Abort
 .text.PCD_WriteEmptyTxFifo
                0x08002060      0x110 ./Drivers/STM32L4xx_HAL_Driver/Src/stm32l4xx_hal_pcd.o
 .text.PCD_EP_OutXfrComplete_int
                0x08002170       0x9c ./Drivers/STM32L4xx_HAL_Driver/Src/stm32l4xx_hal_pcd.o
 .text.PCD_EP_OutSetupPacket_int
                0x0800220c       0x68 ./Drivers/STM32L4xx_HAL_Driver/Src/stm32l4xx_hal_pcd.o
 .text.HAL_PCDEx_SetTxFiFo
                0x08002274       0x8e ./Drivers/STM32L4xx_HAL_Driver/Src/stm32l4xx_hal_pcd_ex.o
                0x08002274                HAL_PCDEx_SetTxFiFo
 .text.HAL_PCDEx_SetRxFiFo
                0x08002302       0x22 ./Drivers/STM32L4xx_HAL_Driver/Src/stm32l4xx_hal_pcd_ex.o
                0x08002302                HAL_PCDEx_SetRxFiFo
 .text.HAL_PCDEx_ActivateLPM
                0x08002324       0x48 ./Drivers/STM32L4xx_HAL_Driver/Src/stm32l4xx_hal_pcd_ex.o
                0x08002324                HAL_PCDEx_ActivateLPM
 .text.HAL_PWR_EnableBkUpAccess
                0x0800236c       0x20 ./Drivers/STM32L4xx_HAL_Driver/Src/stm32l4xx_hal_pwr.o
                0x0800236c                HAL_PWR_EnableBkUpAccess
 .text.HAL_PWREx_GetVoltageRange
                0x0800238c       0x1c ./Drivers/STM32L4xx_HAL_Driver/Src/stm32l4xx_hal_pwr_ex.o
                0x0800238c                HAL_PWREx_GetVoltageRange
 .text.HAL_PWREx_ControlVoltageScaling
                0x080023a8       0xac ./Drivers/STM32L4xx_HAL_Driver/Src/stm32l4xx_hal_pwr_ex.o
                0x080023a8                HAL_PWREx_ControlVoltageScaling
 .text.HAL_PWREx_EnableVddUSB
                0x08002454       0x20 ./Drivers/STM32L4xx_HAL_Driver/Src/stm32l4xx_hal_pwr_ex.o
                0x08002454                HAL_PWREx_EnableVddUSB
 .text.HAL_RCC_OscConfig
                0x08002474      0x7b8 ./Drivers/STM32L4xx_HAL_Driver/Src/stm32l4xx_hal_rcc.o
                0x08002474                HAL_RCC_OscConfig
 .text.HAL_RCC_ClockConfig
                0x08002c2c      0x200 ./Drivers/STM32L4xx_HAL_Driver/Src/stm32l4xx_hal_rcc.o
                0x08002c2c                HAL_RCC_ClockConfig
 .text.HAL_RCC_GetSysClockFreq
                0x08002e2c      0x118 ./Drivers/STM32L4xx_HAL_Driver/Src/stm32l4xx_hal_rcc.o
                0x08002e2c                HAL_RCC_GetSysClockFreq
 .text.HAL_RCC_GetHCLKFreq
                0x08002f44       0x18 ./Drivers/STM32L4xx_HAL_Driver/Src/stm32l4xx_hal_rcc.o
                0x08002f44                HAL_RCC_GetHCLKFreq
 .text.HAL_RCC_GetPCLK1Freq
                0x08002f5c       0x2c ./Drivers/STM32L4xx_HAL_Driver/Src/stm32l4xx_hal_rcc.o
                0x08002f5c                HAL_RCC_GetPCLK1Freq
 .text.HAL_RCC_GetPCLK2Freq
                0x08002f88       0x2c ./Drivers/STM32L4xx_HAL_Driver/Src/stm32l4xx_hal_rcc.o
                0x08002f88                HAL_RCC_GetPCLK2Freq
 .text.RCC_SetFlashLatencyFromMSIRange
                0x08002fb4       0xc0 ./Drivers/STM32L4xx_HAL_Driver/Src/stm32l4xx_hal_rcc.o
 .text.HAL_RCCEx_PeriphCLKConfig
                0x08003074      0x5d4 ./Drivers/STM32L4xx_HAL_Driver/Src/stm32l4xx_hal_rcc_ex.o
                0x08003074                HAL_RCCEx_PeriphCLKConfig
 .text.HAL_RCCEx_EnableMSIPLLMode
                0x08003648       0x20 ./Drivers/STM32L4xx_HAL_Driver/Src/stm32l4xx_hal_rcc_ex.o
                0x08003648                HAL_RCCEx_EnableMSIPLLMode
 .text.RCCEx_PLLSAI1_Config
                0x08003668      0x1e8 ./Drivers/STM32L4xx_HAL_Driver/Src/stm32l4xx_hal_rcc_ex.o
 .text.RCCEx_PLLSAI2_Config
                0x08003850      0x1bc ./Drivers/STM32L4xx_HAL_Driver/Src/stm32l4xx_hal_rcc_ex.o
 .text.HAL_UART_Init
                0x08003a0c       0x9c ./Drivers/STM32L4xx_HAL_Driver/Src/stm32l4xx_hal_uart.o
                0x08003a0c                HAL_UART_Init
 .text.UART_SetConfig
                0x08003aa8      0x570 ./Drivers/STM32L4xx_HAL_Driver/Src/stm32l4xx_hal_uart.o
                0x08003aa8                UART_SetConfig
 .text.UART_AdvFeatureConfig
                0x08004018      0x144 ./Drivers/STM32L4xx_HAL_Driver/Src/stm32l4xx_hal_uart.o
                0x08004018                UART_AdvFeatureConfig
 .text.UART_CheckIdleState
                0x0800415c      0x150 ./Drivers/STM32L4xx_HAL_Driver/Src/stm32l4xx_hal_uart.o
                0x0800415c                UART_CheckIdleState
 .text.UART_WaitOnFlagUntilTimeout
                0x080042ac       0xda ./Drivers/STM32L4xx_HAL_Driver/Src/stm32l4xx_hal_uart.o
                0x080042ac                UART_WaitOnFlagUntilTimeout
 .text.UART_EndRxTransfer
                0x08004386       0xc8 ./Drivers/STM32L4xx_HAL_Driver/Src/stm32l4xx_hal_uart.o
 .text.USB_CoreInit
                0x0800444e       0x5a ./Drivers/STM32L4xx_HAL_Driver/Src/stm32l4xx_ll_usb.o
                0x0800444e                USB_CoreInit
 .text.USB_SetTurnaroundTime
                0x080044a8      0x138 ./Drivers/STM32L4xx_HAL_Driver/Src/stm32l4xx_ll_usb.o
                0x080044a8                USB_SetTurnaroundTime
 .text.USB_EnableGlobalInt
                0x080045e0       0x22 ./Drivers/STM32L4xx_HAL_Driver/Src/stm32l4xx_ll_usb.o
                0x080045e0                USB_EnableGlobalInt
 .text.USB_DisableGlobalInt
                0x08004602       0x22 ./Drivers/STM32L4xx_HAL_Driver/Src/stm32l4xx_ll_usb.o
                0x08004602                USB_DisableGlobalInt
 .text.USB_SetCurrentMode
                0x08004624       0x98 ./Drivers/STM32L4xx_HAL_Driver/Src/stm32l4xx_ll_usb.o
                0x08004624                USB_SetCurrentMode
 .text.USB_DevInit
                0x080046bc      0x290 ./Drivers/STM32L4xx_HAL_Driver/Src/stm32l4xx_ll_usb.o
                0x080046bc                USB_DevInit
 .text.USB_FlushTxFifo
                0x0800494c       0x64 ./Drivers/STM32L4xx_HAL_Driver/Src/stm32l4xx_ll_usb.o
                0x0800494c                USB_FlushTxFifo
 .text.USB_FlushRxFifo
                0x080049b0       0x5c ./Drivers/STM32L4xx_HAL_Driver/Src/stm32l4xx_ll_usb.o
                0x080049b0                USB_FlushRxFifo
 .text.USB_SetDevSpeed
                0x08004a0c       0x32 ./Drivers/STM32L4xx_HAL_Driver/Src/stm32l4xx_ll_usb.o
                0x08004a0c                USB_SetDevSpeed
 .text.USB_GetDevSpeed
                0x08004a3e       0x3e ./Drivers/STM32L4xx_HAL_Driver/Src/stm32l4xx_ll_usb.o
                0x08004a3e                USB_GetDevSpeed
 .text.USB_ActivateEndpoint
                0x08004a7c      0x10e ./Drivers/STM32L4xx_HAL_Driver/Src/stm32l4xx_ll_usb.o
                0x08004a7c                USB_ActivateEndpoint
 *fill*         0x08004b8a        0x2 
 .text.USB_DeactivateEndpoint
                0x08004b8c      0x1b8 ./Drivers/STM32L4xx_HAL_Driver/Src/stm32l4xx_ll_usb.o
                0x08004b8c                USB_DeactivateEndpoint
 .text.USB_EPStartXfer
                0x08004d44      0x470 ./Drivers/STM32L4xx_HAL_Driver/Src/stm32l4xx_ll_usb.o
                0x08004d44                USB_EPStartXfer
 .text.USB_EPStopXfer
                0x080051b4      0x1fa ./Drivers/STM32L4xx_HAL_Driver/Src/stm32l4xx_ll_usb.o
                0x080051b4                USB_EPStopXfer
 .text.USB_EPSetStall
                0x080053ae       0xdc ./Drivers/STM32L4xx_HAL_Driver/Src/stm32l4xx_ll_usb.o
                0x080053ae                USB_EPSetStall
 .text.USB_EPClearStall
                0x0800548a       0xcc ./Drivers/STM32L4xx_HAL_Driver/Src/stm32l4xx_ll_usb.o
                0x0800548a                USB_EPClearStall
 .text.USB_WritePacket
                0x08005556       0x74 ./Drivers/STM32L4xx_HAL_Driver/Src/stm32l4xx_ll_usb.o
                0x08005556                USB_WritePacket
 .text.USB_ReadPacket
                0x080055ca       0xb0 ./Drivers/STM32L4xx_HAL_Driver/Src/stm32l4xx_ll_usb.o
                0x080055ca                USB_ReadPacket
 .text.USB_SetDevAddress
                0x0800567a       0x4c ./Drivers/STM32L4xx_HAL_Driver/Src/stm32l4xx_ll_usb.o
                0x0800567a                USB_SetDevAddress
 .text.USB_DevConnect
                0x080056c6       0x42 ./Drivers/STM32L4xx_HAL_Driver/Src/stm32l4xx_ll_usb.o
                0x080056c6                USB_DevConnect
 .text.USB_DevDisconnect
                0x08005708       0x42 ./Drivers/STM32L4xx_HAL_Driver/Src/stm32l4xx_ll_usb.o
                0x08005708                USB_DevDisconnect
 .text.USB_ReadInterrupts
                0x0800574a       0x26 ./Drivers/STM32L4xx_HAL_Driver/Src/stm32l4xx_ll_usb.o
                0x0800574a                USB_ReadInterrupts
 .text.USB_ReadDevAllOutEpInterrupt
                0x08005770       0x34 ./Drivers/STM32L4xx_HAL_Driver/Src/stm32l4xx_ll_usb.o
                0x08005770                USB_ReadDevAllOutEpInterrupt
 .text.USB_ReadDevAllInEpInterrupt
                0x080057a4       0x34 ./Drivers/STM32L4xx_HAL_Driver/Src/stm32l4xx_ll_usb.o
                0x080057a4                USB_ReadDevAllInEpInterrupt
 .text.USB_ReadDevOutEPInterrupt
                0x080057d8       0x3c ./Drivers/STM32L4xx_HAL_Driver/Src/stm32l4xx_ll_usb.o
                0x080057d8                USB_ReadDevOutEPInterrupt
 .text.USB_ReadDevInEPInterrupt
                0x08005814       0x5c ./Drivers/STM32L4xx_HAL_Driver/Src/stm32l4xx_ll_usb.o
                0x08005814                USB_ReadDevInEPInterrupt
 .text.USB_GetMode
                0x08005870       0x1c ./Drivers/STM32L4xx_HAL_Driver/Src/stm32l4xx_ll_usb.o
                0x08005870                USB_GetMode
 .text.USB_ActivateSetup
                0x0800588c       0x46 ./Drivers/STM32L4xx_HAL_Driver/Src/stm32l4xx_ll_usb.o
                0x0800588c                USB_ActivateSetup
 *fill*         0x080058d2        0x2 
 .text.USB_EP0_OutStart
                0x080058d4       0x90 ./Drivers/STM32L4xx_HAL_Driver/Src/stm32l4xx_ll_usb.o
                0x080058d4                USB_EP0_OutStart
 .text.USB_CoreReset
                0x08005964       0x70 ./Drivers/STM32L4xx_HAL_Driver/Src/stm32l4xx_ll_usb.o
 .text.USBD_HID_Init
                0x080059d4       0xcc ./Middlewares/ST/STM32_USB_Device_Library/Class/HID/Src/usbd_hid.o
 .text.USBD_HID_DeInit
                0x08005aa0       0x90 ./Middlewares/ST/STM32_USB_Device_Library/Class/HID/Src/usbd_hid.o
 .text.USBD_HID_Setup
                0x08005b30      0x210 ./Middlewares/ST/STM32_USB_Device_Library/Class/HID/Src/usbd_hid.o
 .text.USBD_HID_SendReport
                0x08005d40       0x60 ./Middlewares/ST/STM32_USB_Device_Library/Class/HID/Src/usbd_hid.o
                0x08005d40                USBD_HID_SendReport
 .text.USBD_HID_GetFSCfgDesc
                0x08005da0       0x34 ./Middlewares/ST/STM32_USB_Device_Library/Class/HID/Src/usbd_hid.o
 .text.USBD_HID_GetHSCfgDesc
                0x08005dd4       0x34 ./Middlewares/ST/STM32_USB_Device_Library/Class/HID/Src/usbd_hid.o
 .text.USBD_HID_GetOtherSpeedCfgDesc
                0x08005e08       0x34 ./Middlewares/ST/STM32_USB_Device_Library/Class/HID/Src/usbd_hid.o
 .text.USBD_HID_DataIn
                0x08005e3c       0x2c ./Middlewares/ST/STM32_USB_Device_Library/Class/HID/Src/usbd_hid.o
 .text.USBD_HID_GetDeviceQualifierDesc
                0x08005e68       0x20 ./Middlewares/ST/STM32_USB_Device_Library/Class/HID/Src/usbd_hid.o
 .text.USBD_Init
                0x08005e88       0x60 ./Middlewares/ST/STM32_USB_Device_Library/Core/Src/usbd_core.o
                0x08005e88                USBD_Init
 .text.USBD_RegisterClass
                0x08005ee8       0x6c ./Middlewares/ST/STM32_USB_Device_Library/Core/Src/usbd_core.o
                0x08005ee8                USBD_RegisterClass
 .text.USBD_Start
                0x08005f54       0x18 ./Middlewares/ST/STM32_USB_Device_Library/Core/Src/usbd_core.o
                0x08005f54                USBD_Start
 .text.USBD_RunTestMode
                0x08005f6c       0x16 ./Middlewares/ST/STM32_USB_Device_Library/Core/Src/usbd_core.o
                0x08005f6c                USBD_RunTestMode
 .text.USBD_SetClassConfig
                0x08005f82       0x38 ./Middlewares/ST/STM32_USB_Device_Library/Core/Src/usbd_core.o
                0x08005f82                USBD_SetClassConfig
 .text.USBD_ClrClassConfig
                0x08005fba       0x34 ./Middlewares/ST/STM32_USB_Device_Library/Core/Src/usbd_core.o
                0x08005fba                USBD_ClrClassConfig
 .text.USBD_LL_SetupStage
                0x08005fee       0xaa ./Middlewares/ST/STM32_USB_Device_Library/Core/Src/usbd_core.o
                0x08005fee                USBD_LL_SetupStage
 .text.USBD_LL_DataOutStage
                0x08006098      0x178 ./Middlewares/ST/STM32_USB_Device_Library/Core/Src/usbd_core.o
                0x08006098                USBD_LL_DataOutStage
 .text.USBD_LL_DataInStage
                0x08006210      0x176 ./Middlewares/ST/STM32_USB_Device_Library/Core/Src/usbd_core.o
                0x08006210                USBD_LL_DataInStage
 .text.USBD_LL_Reset
                0x08006386       0xa6 ./Middlewares/ST/STM32_USB_Device_Library/Core/Src/usbd_core.o
                0x08006386                USBD_LL_Reset
 .text.USBD_LL_SetSpeed
                0x0800642c       0x20 ./Middlewares/ST/STM32_USB_Device_Library/Core/Src/usbd_core.o
                0x0800642c                USBD_LL_SetSpeed
 .text.USBD_LL_Suspend
                0x0800644c       0x38 ./Middlewares/ST/STM32_USB_Device_Library/Core/Src/usbd_core.o
                0x0800644c                USBD_LL_Suspend
 .text.USBD_LL_Resume
                0x08006484       0x30 ./Middlewares/ST/STM32_USB_Device_Library/Core/Src/usbd_core.o
                0x08006484                USBD_LL_Resume
 .text.USBD_LL_SOF
                0x080064b4       0x40 ./Middlewares/ST/STM32_USB_Device_Library/Core/Src/usbd_core.o
                0x080064b4                USBD_LL_SOF
 .text.USBD_LL_IsoINIncomplete
                0x080064f4       0x64 ./Middlewares/ST/STM32_USB_Device_Library/Core/Src/usbd_core.o
                0x080064f4                USBD_LL_IsoINIncomplete
 .text.USBD_LL_IsoOUTIncomplete
                0x08006558       0x64 ./Middlewares/ST/STM32_USB_Device_Library/Core/Src/usbd_core.o
                0x08006558                USBD_LL_IsoOUTIncomplete
 .text.USBD_LL_DevConnected
                0x080065bc       0x16 ./Middlewares/ST/STM32_USB_Device_Library/Core/Src/usbd_core.o
                0x080065bc                USBD_LL_DevConnected
 .text.USBD_LL_DevDisconnected
                0x080065d2       0x46 ./Middlewares/ST/STM32_USB_Device_Library/Core/Src/usbd_core.o
                0x080065d2                USBD_LL_DevDisconnected
 .text.USBD_CoreFindIF
                0x08006618       0x1a ./Middlewares/ST/STM32_USB_Device_Library/Core/Src/usbd_core.o
                0x08006618                USBD_CoreFindIF
 .text.USBD_CoreFindEP
                0x08006632       0x1a ./Middlewares/ST/STM32_USB_Device_Library/Core/Src/usbd_core.o
                0x08006632                USBD_CoreFindEP
 .text.USBD_GetEpDesc
                0x0800664c       0x70 ./Middlewares/ST/STM32_USB_Device_Library/Core/Src/usbd_core.o
                0x0800664c                USBD_GetEpDesc
 .text.USBD_GetNextDesc
                0x080066bc       0x38 ./Middlewares/ST/STM32_USB_Device_Library/Core/Src/usbd_core.o
                0x080066bc                USBD_GetNextDesc
 .text.SWAPBYTE
                0x080066f4       0x3e ./Middlewares/ST/STM32_USB_Device_Library/Core/Src/usbd_ctlreq.o
 *fill*         0x08006732        0x2 
 .text.USBD_StdDevReq
                0x08006734       0xe4 ./Middlewares/ST/STM32_USB_Device_Library/Core/Src/usbd_ctlreq.o
                0x08006734                USBD_StdDevReq
 .text.USBD_StdItfReq
                0x08006818       0xd8 ./Middlewares/ST/STM32_USB_Device_Library/Core/Src/usbd_ctlreq.o
                0x08006818                USBD_StdItfReq
 .text.USBD_StdEPReq
                0x080068f0      0x33e ./Middlewares/ST/STM32_USB_Device_Library/Core/Src/usbd_ctlreq.o
                0x080068f0                USBD_StdEPReq
 *fill*         0x08006c2e        0x2 
 .text.USBD_GetDescriptor
                0x08006c30      0x328 ./Middlewares/ST/STM32_USB_Device_Library/Core/Src/usbd_ctlreq.o
 .text.USBD_SetAddress
                0x08006f58       0x88 ./Middlewares/ST/STM32_USB_Device_Library/Core/Src/usbd_ctlreq.o
 .text.USBD_SetConfig
                0x08006fe0      0x154 ./Middlewares/ST/STM32_USB_Device_Library/Core/Src/usbd_ctlreq.o
 .text.USBD_GetConfig
                0x08007134       0x6c ./Middlewares/ST/STM32_USB_Device_Library/Core/Src/usbd_ctlreq.o
 .text.USBD_GetStatus
                0x080071a0       0x68 ./Middlewares/ST/STM32_USB_Device_Library/Core/Src/usbd_ctlreq.o
 .text.USBD_SetFeature
                0x08007208       0x52 ./Middlewares/ST/STM32_USB_Device_Library/Core/Src/usbd_ctlreq.o
 .text.USBD_ClrFeature
                0x0800725a       0x44 ./Middlewares/ST/STM32_USB_Device_Library/Core/Src/usbd_ctlreq.o
 .text.USBD_ParseSetupRequest
                0x0800729e       0x74 ./Middlewares/ST/STM32_USB_Device_Library/Core/Src/usbd_ctlreq.o
                0x0800729e                USBD_ParseSetupRequest
 .text.USBD_CtlError
                0x08007312       0x22 ./Middlewares/ST/STM32_USB_Device_Library/Core/Src/usbd_ctlreq.o
                0x08007312                USBD_CtlError
 .text.USBD_GetString
                0x08007334       0xa4 ./Middlewares/ST/STM32_USB_Device_Library/Core/Src/usbd_ctlreq.o
                0x08007334                USBD_GetString
 .text.USBD_GetLen
                0x080073d8       0x34 ./Middlewares/ST/STM32_USB_Device_Library/Core/Src/usbd_ctlreq.o
 .text.USBD_CtlSendData
                0x0800740c       0x3c ./Middlewares/ST/STM32_USB_Device_Library/Core/Src/usbd_ioreq.o
                0x0800740c                USBD_CtlSendData
 .text.USBD_CtlContinueSendData
                0x08007448       0x22 ./Middlewares/ST/STM32_USB_Device_Library/Core/Src/usbd_ioreq.o
                0x08007448                USBD_CtlContinueSendData
 .text.USBD_CtlContinueRx
                0x0800746a       0x22 ./Middlewares/ST/STM32_USB_Device_Library/Core/Src/usbd_ioreq.o
                0x0800746a                USBD_CtlContinueRx
 .text.USBD_CtlSendStatus
                0x0800748c       0x26 ./Middlewares/ST/STM32_USB_Device_Library/Core/Src/usbd_ioreq.o
                0x0800748c                USBD_CtlSendStatus
 .text.USBD_CtlReceiveStatus
                0x080074b2       0x26 ./Middlewares/ST/STM32_USB_Device_Library/Core/Src/usbd_ioreq.o
                0x080074b2                USBD_CtlReceiveStatus
 .text.MX_USB_DEVICE_Init
                0x080074d8       0x4c ./USB_DEVICE/App/usb_device.o
                0x080074d8                MX_USB_DEVICE_Init
 .text.USBD_FS_DeviceDescriptor
                0x08007524       0x24 ./USB_DEVICE/App/usbd_desc.o
                0x08007524                USBD_FS_DeviceDescriptor
 .text.USBD_FS_LangIDStrDescriptor
                0x08007548       0x24 ./USB_DEVICE/App/usbd_desc.o
                0x08007548                USBD_FS_LangIDStrDescriptor
 .text.USBD_FS_ProductStrDescriptor
                0x0800756c       0x3c ./USB_DEVICE/App/usbd_desc.o
                0x0800756c                USBD_FS_ProductStrDescriptor
 .text.USBD_FS_ManufacturerStrDescriptor
                0x080075a8       0x28 ./USB_DEVICE/App/usbd_desc.o
                0x080075a8                USBD_FS_ManufacturerStrDescriptor
 .text.USBD_FS_SerialStrDescriptor
                0x080075d0       0x24 ./USB_DEVICE/App/usbd_desc.o
                0x080075d0                USBD_FS_SerialStrDescriptor
 .text.USBD_FS_ConfigStrDescriptor
                0x080075f4       0x3c ./USB_DEVICE/App/usbd_desc.o
                0x080075f4                USBD_FS_ConfigStrDescriptor
 .text.USBD_FS_InterfaceStrDescriptor
                0x08007630       0x3c ./USB_DEVICE/App/usbd_desc.o
                0x08007630                USBD_FS_InterfaceStrDescriptor
 .text.USBD_FS_USR_BOSDescriptor
                0x0800766c       0x24 ./USB_DEVICE/App/usbd_desc.o
                0x0800766c                USBD_FS_USR_BOSDescriptor
 .text.Get_SerialNum
                0x08007690       0x58 ./USB_DEVICE/App/usbd_desc.o
 .text.IntToUnicode
                0x080076e8       0x7e ./USB_DEVICE/App/usbd_desc.o
 *fill*         0x08007766        0x2 
 .text.HAL_PCD_MspInit
                0x08007768      0x124 ./USB_DEVICE/Target/usbd_conf.o
                0x08007768                HAL_PCD_MspInit
 .text.HAL_PCD_SetupStageCallback
                0x0800788c       0x24 ./USB_DEVICE/Target/usbd_conf.o
                0x0800788c                HAL_PCD_SetupStageCallback
 .text.HAL_PCD_DataOutStageCallback
                0x080078b0       0x36 ./USB_DEVICE/Target/usbd_conf.o
                0x080078b0                HAL_PCD_DataOutStageCallback
 .text.HAL_PCD_DataInStageCallback
                0x080078e6       0x34 ./USB_DEVICE/Target/usbd_conf.o
                0x080078e6                HAL_PCD_DataInStageCallback
 .text.HAL_PCD_SOFCallback
                0x0800791a       0x1c ./USB_DEVICE/Target/usbd_conf.o
                0x0800791a                HAL_PCD_SOFCallback
 .text.HAL_PCD_ResetCallback
                0x08007936       0x3c ./USB_DEVICE/Target/usbd_conf.o
                0x08007936                HAL_PCD_ResetCallback
 *fill*         0x08007972        0x2 
 .text.HAL_PCD_SuspendCallback
                0x08007974       0x4c ./USB_DEVICE/Target/usbd_conf.o
                0x08007974                HAL_PCD_SuspendCallback
 .text.HAL_PCD_ResumeCallback
                0x080079c0       0x50 ./USB_DEVICE/Target/usbd_conf.o
                0x080079c0                HAL_PCD_ResumeCallback
 .text.HAL_PCD_ISOOUTIncompleteCallback
                0x08007a10       0x24 ./USB_DEVICE/Target/usbd_conf.o
                0x08007a10                HAL_PCD_ISOOUTIncompleteCallback
 .text.HAL_PCD_ISOINIncompleteCallback
                0x08007a34       0x24 ./USB_DEVICE/Target/usbd_conf.o
                0x08007a34                HAL_PCD_ISOINIncompleteCallback
 .text.HAL_PCD_ConnectCallback
                0x08007a58       0x1c ./USB_DEVICE/Target/usbd_conf.o
                0x08007a58                HAL_PCD_ConnectCallback
 .text.HAL_PCD_DisconnectCallback
                0x08007a74       0x1c ./USB_DEVICE/Target/usbd_conf.o
                0x08007a74                HAL_PCD_DisconnectCallback
 .text.USBD_LL_Init
                0x08007a90       0x98 ./USB_DEVICE/Target/usbd_conf.o
                0x08007a90                USBD_LL_Init
 .text.USBD_LL_Start
                0x08007b28       0x64 ./USB_DEVICE/Target/usbd_conf.o
                0x08007b28                USBD_LL_Start
 .text.USBD_LL_OpenEP
                0x08007b8c       0x7c ./USB_DEVICE/Target/usbd_conf.o
                0x08007b8c                USBD_LL_OpenEP
 .text.USBD_LL_CloseEP
                0x08007c08       0x6c ./USB_DEVICE/Target/usbd_conf.o
                0x08007c08                USBD_LL_CloseEP
 .text.USBD_LL_StallEP
                0x08007c74       0x6c ./USB_DEVICE/Target/usbd_conf.o
                0x08007c74                USBD_LL_StallEP
 .text.USBD_LL_ClearStallEP
                0x08007ce0       0x6c ./USB_DEVICE/Target/usbd_conf.o
                0x08007ce0                USBD_LL_ClearStallEP
 .text.USBD_LL_IsStallEP
                0x08007d4c       0x58 ./USB_DEVICE/Target/usbd_conf.o
                0x08007d4c                USBD_LL_IsStallEP
 .text.USBD_LL_SetUSBAddress
                0x08007da4       0x6c ./USB_DEVICE/Target/usbd_conf.o
                0x08007da4                USBD_LL_SetUSBAddress
 .text.USBD_LL_Transmit
                0x08007e10       0x70 ./USB_DEVICE/Target/usbd_conf.o
                0x08007e10                USBD_LL_Transmit
 .text.USBD_LL_PrepareReceive
                0x08007e80       0x70 ./USB_DEVICE/Target/usbd_conf.o
                0x08007e80                USBD_LL_PrepareReceive
 .text.HAL_PCDEx_LPM_Callback
                0x08007ef0       0x9c ./USB_DEVICE/Target/usbd_conf.o
                0x08007ef0                HAL_PCDEx_LPM_Callback
 .text.USBD_static_malloc
                0x08007f8c       0x1c ./USB_DEVICE/Target/usbd_conf.o
                0x08007f8c                USBD_static_malloc
 .text.USBD_static_free
                0x08007fa8       0x14 ./USB_DEVICE/Target/usbd_conf.o
                0x08007fa8                USBD_static_free
 .text.SystemClockConfig_Resume
                0x08007fbc        0xc ./USB_DEVICE/Target/usbd_conf.o
 .text.memset   0x08007fc8       0x10 C:/ST/STM32CubeIDE_1.19.0/STM32CubeIDE/plugins/com.st.stm32cube.ide.mcu.externaltools.gnu-tools-for-stm32.13.3.rel1.win32_1.0.0.202411081344/tools/bin/../lib/gcc/arm-none-eabi/13.3.1/../../../../arm-none-eabi/lib/thumb/v7e-m+fp/hard\libc_nano.a(libc_a-memset.o)
                0x08007fc8                memset
 .text.__libc_init_array
                0x08007fd8       0x48 C:/ST/STM32CubeIDE_1.19.0/STM32CubeIDE/plugins/com.st.stm32cube.ide.mcu.externaltools.gnu-tools-for-stm32.13.3.rel1.win32_1.0.0.202411081344/tools/bin/../lib/gcc/arm-none-eabi/13.3.1/../../../../arm-none-eabi/lib/thumb/v7e-m+fp/hard\libc_nano.a(libc_a-init.o)
                0x08007fd8                __libc_init_array
 *(.glue_7)
 .glue_7        0x08008020        0x0 linker stubs
 *(.glue_7t)
 .glue_7t       0x08008020        0x0 linker stubs
 *(.eh_frame)
 .eh_frame      0x08008020        0x0 C:/ST/STM32CubeIDE_1.19.0/STM32CubeIDE/plugins/com.st.stm32cube.ide.mcu.externaltools.gnu-tools-for-stm32.13.3.rel1.win32_1.0.0.202411081344/tools/bin/../lib/gcc/arm-none-eabi/13.3.1/thumb/v7e-m+fp/hard/crtbegin.o
 *(.init)
 .init          0x08008020        0x4 C:/ST/STM32CubeIDE_1.19.0/STM32CubeIDE/plugins/com.st.stm32cube.ide.mcu.externaltools.gnu-tools-for-stm32.13.3.rel1.win32_1.0.0.202411081344/tools/bin/../lib/gcc/arm-none-eabi/13.3.1/thumb/v7e-m+fp/hard/crti.o
                0x08008020                _init
 .init          0x08008024        0x8 C:/ST/STM32CubeIDE_1.19.0/STM32CubeIDE/plugins/com.st.stm32cube.ide.mcu.externaltools.gnu-tools-for-stm32.13.3.rel1.win32_1.0.0.202411081344/tools/bin/../lib/gcc/arm-none-eabi/13.3.1/thumb/v7e-m+fp/hard/crtn.o
 *(.fini)
 .fini          0x0800802c        0x4 C:/ST/STM32CubeIDE_1.19.0/STM32CubeIDE/plugins/com.st.stm32cube.ide.mcu.externaltools.gnu-tools-for-stm32.13.3.rel1.win32_1.0.0.202411081344/tools/bin/../lib/gcc/arm-none-eabi/13.3.1/thumb/v7e-m+fp/hard/crti.o
                0x0800802c                _fini
 .fini          0x08008030        0x8 C:/ST/STM32CubeIDE_1.19.0/STM32CubeIDE/plugins/com.st.stm32cube.ide.mcu.externaltools.gnu-tools-for-stm32.13.3.rel1.win32_1.0.0.202411081344/tools/bin/../lib/gcc/arm-none-eabi/13.3.1/thumb/v7e-m+fp/hard/crtn.o
                0x08008038                        . = ALIGN (0x4)
                0x08008038                        _etext = .

.vfp11_veneer   0x08008038        0x0
 .vfp11_veneer  0x08008038        0x0 linker stubs

.v4_bx          0x08008038        0x0
 .v4_bx         0x08008038        0x0 linker stubs

.iplt           0x08008038        0x0
 .iplt          0x08008038        0x0 C:/ST/STM32CubeIDE_1.19.0/STM32CubeIDE/plugins/com.st.stm32cube.ide.mcu.externaltools.gnu-tools-for-stm32.13.3.rel1.win32_1.0.0.202411081344/tools/bin/../lib/gcc/arm-none-eabi/13.3.1/thumb/v7e-m+fp/hard/crtbegin.o

.rodata         0x08008038       0x90
                0x08008038                        . = ALIGN (0x4)
 *(.rodata)
 .rodata        0x08008038       0x46 ./USB_DEVICE/App/usbd_desc.o
 *(.rodata*)
 *fill*         0x0800807e        0x2 
 .rodata.AHBPrescTable
                0x08008080       0x10 ./Core/Src/system_stm32l4xx.o
                0x08008080                AHBPrescTable
 .rodata.APBPrescTable
                0x08008090        0x8 ./Core/Src/system_stm32l4xx.o
                0x08008090                APBPrescTable
 .rodata.MSIRangeTable
                0x08008098       0x30 ./Core/Src/system_stm32l4xx.o
                0x08008098                MSIRangeTable
                0x080080c8                        . = ALIGN (0x4)

.ARM.extab      0x080080c8        0x0
                0x080080c8                        . = ALIGN (0x4)
 *(.ARM.extab* .gnu.linkonce.armextab.*)
                0x080080c8                        . = ALIGN (0x4)

.ARM            0x080080c8        0x8
                0x080080c8                        . = ALIGN (0x4)
                0x080080c8                        __exidx_start = .
 *(.ARM.exidx*)
 .ARM.exidx     0x080080c8        0x8 C:/ST/STM32CubeIDE_1.19.0/STM32CubeIDE/plugins/com.st.stm32cube.ide.mcu.externaltools.gnu-tools-for-stm32.13.3.rel1.win32_1.0.0.202411081344/tools/bin/../lib/gcc/arm-none-eabi/13.3.1/thumb/v7e-m+fp/hard\libgcc.a(_udivmoddi4.o)
                0x080080d0                        __exidx_end = .
                0x080080d0                        . = ALIGN (0x4)

.preinit_array  0x080080d0        0x0
                0x080080d0                        . = ALIGN (0x4)
                0x080080d0                        PROVIDE (__preinit_array_start = .)
 *(.preinit_array*)
                0x080080d0                        PROVIDE (__preinit_array_end = .)
                0x080080d0                        . = ALIGN (0x4)

.init_array     0x080080d0        0x4
                0x080080d0                        . = ALIGN (0x4)
                0x080080d0                        PROVIDE (__init_array_start = .)
 *(SORT_BY_NAME(.init_array.*))
 *(.init_array*)
 .init_array    0x080080d0        0x4 C:/ST/STM32CubeIDE_1.19.0/STM32CubeIDE/plugins/com.st.stm32cube.ide.mcu.externaltools.gnu-tools-for-stm32.13.3.rel1.win32_1.0.0.202411081344/tools/bin/../lib/gcc/arm-none-eabi/13.3.1/thumb/v7e-m+fp/hard/crtbegin.o
                0x080080d4                        PROVIDE (__init_array_end = .)
                0x080080d4                        . = ALIGN (0x4)

.fini_array     0x080080d4        0x4
                0x080080d4                        . = ALIGN (0x4)
                [!provide]                        PROVIDE (__fini_array_start = .)
 *(SORT_BY_NAME(.fini_array.*))
 *(.fini_array*)
 .fini_array    0x080080d4        0x4 C:/ST/STM32CubeIDE_1.19.0/STM32CubeIDE/plugins/com.st.stm32cube.ide.mcu.externaltools.gnu-tools-for-stm32.13.3.rel1.win32_1.0.0.202411081344/tools/bin/../lib/gcc/arm-none-eabi/13.3.1/thumb/v7e-m+fp/hard/crtbegin.o
                [!provide]                        PROVIDE (__fini_array_end = .)
                0x080080d8                        . = ALIGN (0x4)
                0x080080d8                        _sidata = LOADADDR (.data)

.rel.dyn        0x080080d8        0x0
 .rel.iplt      0x080080d8        0x0 C:/ST/STM32CubeIDE_1.19.0/STM32CubeIDE/plugins/com.st.stm32cube.ide.mcu.externaltools.gnu-tools-for-stm32.13.3.rel1.win32_1.0.0.202411081344/tools/bin/../lib/gcc/arm-none-eabi/13.3.1/thumb/v7e-m+fp/hard/crtbegin.o

.data           0x20000000      0x12c load address 0x080080d8
                0x20000000                        . = ALIGN (0x4)
                0x20000000                        _sdata = .
 *(.data)
 *(.data*)
 .data.SystemCoreClock
                0x20000000        0x4 ./Core/Src/system_stm32l4xx.o
                0x20000000                SystemCoreClock
 .data.uwTickPrio
                0x20000004        0x4 ./Drivers/STM32L4xx_HAL_Driver/Src/stm32l4xx_hal.o
                0x20000004                uwTickPrio
 .data.uwTickFreq
                0x20000008        0x1 ./Drivers/STM32L4xx_HAL_Driver/Src/stm32l4xx_hal.o
                0x20000008                uwTickFreq
 *fill*         0x20000009        0x3 
 .data.USBD_HID
                0x2000000c       0x38 ./Middlewares/ST/STM32_USB_Device_Library/Class/HID/Src/usbd_hid.o
                0x2000000c                USBD_HID
 .data.USBD_HID_CfgDesc
                0x20000044       0x22 ./Middlewares/ST/STM32_USB_Device_Library/Class/HID/Src/usbd_hid.o
 *fill*         0x20000066        0x2 
 .data.USBD_HID_Desc
                0x20000068        0x9 ./Middlewares/ST/STM32_USB_Device_Library/Class/HID/Src/usbd_hid.o
 *fill*         0x20000071        0x3 
 .data.USBD_HID_DeviceQualifierDesc
                0x20000074        0xa ./Middlewares/ST/STM32_USB_Device_Library/Class/HID/Src/usbd_hid.o
 *fill*         0x2000007e        0x2 
 .data.HID_MOUSE_ReportDesc
                0x20000080       0x4a ./Middlewares/ST/STM32_USB_Device_Library/Class/HID/Src/usbd_hid.o
 .data.HIDInEpAdd
                0x200000ca        0x1 ./Middlewares/ST/STM32_USB_Device_Library/Class/HID/Src/usbd_hid.o
 *fill*         0x200000cb        0x1 
 .data.FS_Desc  0x200000cc       0x20 ./USB_DEVICE/App/usbd_desc.o
                0x200000cc                FS_Desc
 .data.USBD_FS_DeviceDesc
                0x200000ec       0x12 ./USB_DEVICE/App/usbd_desc.o
                0x200000ec                USBD_FS_DeviceDesc
 *fill*         0x200000fe        0x2 
 .data.USBD_FS_BOSDesc
                0x20000100        0xc ./USB_DEVICE/App/usbd_desc.o
                0x20000100                USBD_FS_BOSDesc
 .data.USBD_LangIDDesc
                0x2000010c        0x4 ./USB_DEVICE/App/usbd_desc.o
                0x2000010c                USBD_LangIDDesc
 .data.USBD_StringSerial
                0x20000110       0x1a ./USB_DEVICE/App/usbd_desc.o
                0x20000110                USBD_StringSerial
 *(.RamFunc)
 *(.RamFunc*)
                0x2000012c                        . = ALIGN (0x4)
 *fill*         0x2000012a        0x2 
                0x2000012c                        _edata = .

.igot.plt       0x2000012c        0x0 load address 0x08008204
 .igot.plt      0x2000012c        0x0 C:/ST/STM32CubeIDE_1.19.0/STM32CubeIDE/plugins/com.st.stm32cube.ide.mcu.externaltools.gnu-tools-for-stm32.13.3.rel1.win32_1.0.0.202411081344/tools/bin/../lib/gcc/arm-none-eabi/13.3.1/thumb/v7e-m+fp/hard/crtbegin.o
                0x2000012c                        . = ALIGN (0x4)

.bss            0x2000012c      0xa84 load address 0x08008204
                0x2000012c                        _sbss = .
                0x2000012c                        __bss_start__ = _sbss
 *(.bss)
 .bss           0x2000012c       0x1c C:/ST/STM32CubeIDE_1.19.0/STM32CubeIDE/plugins/com.st.stm32cube.ide.mcu.externaltools.gnu-tools-for-stm32.13.3.rel1.win32_1.0.0.202411081344/tools/bin/../lib/gcc/arm-none-eabi/13.3.1/thumb/v7e-m+fp/hard/crtbegin.o
 *(.bss*)
 .bss.huart2    0x20000148       0x88 ./Core/Src/main.o
                0x20000148                huart2
 .bss.mouseReport
                0x200001d0        0x4 ./Core/Src/main.o
                0x200001d0                mouseReport
 .bss.uwTick    0x200001d4        0x4 ./Drivers/STM32L4xx_HAL_Driver/Src/stm32l4xx_hal.o
                0x200001d4                uwTick
 .bss.cfgidx.0  0x200001d8        0x1 ./Middlewares/ST/STM32_USB_Device_Library/Core/Src/usbd_ctlreq.o
 *fill*         0x200001d9        0x3 
 .bss.hUsbDeviceFS
                0x200001dc      0x2dc ./USB_DEVICE/App/usb_device.o
                0x200001dc                hUsbDeviceFS
 .bss.USBD_StrDesc
                0x200004b8      0x200 ./USB_DEVICE/App/usbd_desc.o
                0x200004b8                USBD_StrDesc
 .bss.hpcd_USB_OTG_FS
                0x200006b8      0x4e4 ./USB_DEVICE/Target/usbd_conf.o
                0x200006b8                hpcd_USB_OTG_FS
 .bss.mem.0     0x20000b9c       0x14 ./USB_DEVICE/Target/usbd_conf.o
 *(COMMON)
                0x20000bb0                        . = ALIGN (0x4)
                0x20000bb0                        _ebss = .
                0x20000bb0                        __bss_end__ = _ebss

._user_heap_stack
                0x20000bb0      0x600 load address 0x08008204
                0x20000bb0                        . = ALIGN (0x8)
                [!provide]                        PROVIDE (end = .)
                0x20000bb0                        PROVIDE (_end = .)
                0x20000db0                        . = (. + _Min_Heap_Size)
 *fill*         0x20000bb0      0x200 
                0x200011b0                        . = (. + _Min_Stack_Size)
 *fill*         0x20000db0      0x400 
                0x200011b0                        . = ALIGN (0x8)

/DISCARD/
 libc.a(*)
 libm.a(*)
 libgcc.a(*)

.ARM.attributes
                0x00000000       0x30
 *(.ARM.attributes)
 .ARM.attributes
                0x00000000       0x22 C:/ST/STM32CubeIDE_1.19.0/STM32CubeIDE/plugins/com.st.stm32cube.ide.mcu.externaltools.gnu-tools-for-stm32.13.3.rel1.win32_1.0.0.202411081344/tools/bin/../lib/gcc/arm-none-eabi/13.3.1/thumb/v7e-m+fp/hard/crti.o
 .ARM.attributes
                0x00000022       0x34 C:/ST/STM32CubeIDE_1.19.0/STM32CubeIDE/plugins/com.st.stm32cube.ide.mcu.externaltools.gnu-tools-for-stm32.13.3.rel1.win32_1.0.0.202411081344/tools/bin/../lib/gcc/arm-none-eabi/13.3.1/thumb/v7e-m+fp/hard/crtbegin.o
 .ARM.attributes
                0x00000056       0x34 ./Core/Src/main.o
 .ARM.attributes
                0x0000008a       0x34 ./Core/Src/stm32l4xx_hal_msp.o
 .ARM.attributes
                0x000000be       0x34 ./Core/Src/stm32l4xx_it.o
 .ARM.attributes
                0x000000f2       0x34 ./Core/Src/system_stm32l4xx.o
 .ARM.attributes
                0x00000126       0x21 ./Core/Startup/startup_stm32l476rgtx.o
 .ARM.attributes
                0x00000147       0x34 ./Drivers/STM32L4xx_HAL_Driver/Src/stm32l4xx_hal.o
 .ARM.attributes
                0x0000017b       0x34 ./Drivers/STM32L4xx_HAL_Driver/Src/stm32l4xx_hal_cortex.o
 .ARM.attributes
                0x000001af       0x34 ./Drivers/STM32L4xx_HAL_Driver/Src/stm32l4xx_hal_gpio.o
 .ARM.attributes
                0x000001e3       0x34 ./Drivers/STM32L4xx_HAL_Driver/Src/stm32l4xx_hal_pcd.o
 .ARM.attributes
                0x00000217       0x34 ./Drivers/STM32L4xx_HAL_Driver/Src/stm32l4xx_hal_pcd_ex.o
 .ARM.attributes
                0x0000024b       0x34 ./Drivers/STM32L4xx_HAL_Driver/Src/stm32l4xx_hal_pwr.o
 .ARM.attributes
                0x0000027f       0x34 ./Drivers/STM32L4xx_HAL_Driver/Src/stm32l4xx_hal_pwr_ex.o
 .ARM.attributes
                0x000002b3       0x34 ./Drivers/STM32L4xx_HAL_Driver/Src/stm32l4xx_hal_rcc.o
 .ARM.attributes
                0x000002e7       0x34 ./Drivers/STM32L4xx_HAL_Driver/Src/stm32l4xx_hal_rcc_ex.o
 .ARM.attributes
                0x0000031b       0x34 ./Drivers/STM32L4xx_HAL_Driver/Src/stm32l4xx_hal_uart.o
 .ARM.attributes
                0x0000034f       0x34 ./Drivers/STM32L4xx_HAL_Driver/Src/stm32l4xx_ll_usb.o
 .ARM.attributes
                0x00000383       0x34 ./Middlewares/ST/STM32_USB_Device_Library/Class/HID/Src/usbd_hid.o
 .ARM.attributes
                0x000003b7       0x34 ./Middlewares/ST/STM32_USB_Device_Library/Core/Src/usbd_core.o
 .ARM.attributes
                0x000003eb       0x34 ./Middlewares/ST/STM32_USB_Device_Library/Core/Src/usbd_ctlreq.o
 .ARM.attributes
                0x0000041f       0x34 ./Middlewares/ST/STM32_USB_Device_Library/Core/Src/usbd_ioreq.o
 .ARM.attributes
                0x00000453       0x34 ./USB_DEVICE/App/usb_device.o
 .ARM.attributes
                0x00000487       0x34 ./USB_DEVICE/App/usbd_desc.o
 .ARM.attributes
                0x000004bb       0x34 ./USB_DEVICE/Target/usbd_conf.o
 .ARM.attributes
                0x000004ef       0x34 C:/ST/STM32CubeIDE_1.19.0/STM32CubeIDE/plugins/com.st.stm32cube.ide.mcu.externaltools.gnu-tools-for-stm32.13.3.rel1.win32_1.0.0.202411081344/tools/bin/../lib/gcc/arm-none-eabi/13.3.1/../../../../arm-none-eabi/lib/thumb/v7e-m+fp/hard\libc_nano.a(libc_a-memset.o)
 .ARM.attributes
                0x00000523       0x34 C:/ST/STM32CubeIDE_1.19.0/STM32CubeIDE/plugins/com.st.stm32cube.ide.mcu.externaltools.gnu-tools-for-stm32.13.3.rel1.win32_1.0.0.202411081344/tools/bin/../lib/gcc/arm-none-eabi/13.3.1/../../../../arm-none-eabi/lib/thumb/v7e-m+fp/hard\libc_nano.a(libc_a-init.o)
 .ARM.attributes
                0x00000557       0x22 C:/ST/STM32CubeIDE_1.19.0/STM32CubeIDE/plugins/com.st.stm32cube.ide.mcu.externaltools.gnu-tools-for-stm32.13.3.rel1.win32_1.0.0.202411081344/tools/bin/../lib/gcc/arm-none-eabi/13.3.1/thumb/v7e-m+fp/hard\libgcc.a(_aeabi_uldivmod.o)
 .ARM.attributes
                0x00000579       0x34 C:/ST/STM32CubeIDE_1.19.0/STM32CubeIDE/plugins/com.st.stm32cube.ide.mcu.externaltools.gnu-tools-for-stm32.13.3.rel1.win32_1.0.0.202411081344/tools/bin/../lib/gcc/arm-none-eabi/13.3.1/thumb/v7e-m+fp/hard\libgcc.a(_udivmoddi4.o)
 .ARM.attributes
                0x000005ad       0x22 C:/ST/STM32CubeIDE_1.19.0/STM32CubeIDE/plugins/com.st.stm32cube.ide.mcu.externaltools.gnu-tools-for-stm32.13.3.rel1.win32_1.0.0.202411081344/tools/bin/../lib/gcc/arm-none-eabi/13.3.1/thumb/v7e-m+fp/hard\libgcc.a(_dvmd_tls.o)
 .ARM.attributes
                0x000005cf       0x22 C:/ST/STM32CubeIDE_1.19.0/STM32CubeIDE/plugins/com.st.stm32cube.ide.mcu.externaltools.gnu-tools-for-stm32.13.3.rel1.win32_1.0.0.202411081344/tools/bin/../lib/gcc/arm-none-eabi/13.3.1/thumb/v7e-m+fp/hard/crtn.o
OUTPUT(Projet_PAD_DDR.elf elf32-littlearm)
LOAD linker stubs
LOAD C:/ST/STM32CubeIDE_1.19.0/STM32CubeIDE/plugins/com.st.stm32cube.ide.mcu.externaltools.gnu-tools-for-stm32.13.3.rel1.win32_1.0.0.202411081344/tools/bin/../lib/gcc/arm-none-eabi/13.3.1/../../../../arm-none-eabi/lib/thumb/v7e-m+fp/hard\libc.a
LOAD C:/ST/STM32CubeIDE_1.19.0/STM32CubeIDE/plugins/com.st.stm32cube.ide.mcu.externaltools.gnu-tools-for-stm32.13.3.rel1.win32_1.0.0.202411081344/tools/bin/../lib/gcc/arm-none-eabi/13.3.1/../../../../arm-none-eabi/lib/thumb/v7e-m+fp/hard\libm.a
LOAD C:/ST/STM32CubeIDE_1.19.0/STM32CubeIDE/plugins/com.st.stm32cube.ide.mcu.externaltools.gnu-tools-for-stm32.13.3.rel1.win32_1.0.0.202411081344/tools/bin/../lib/gcc/arm-none-eabi/13.3.1/thumb/v7e-m+fp/hard\libgcc.a

.debug_info     0x00000000    0x14190
 .debug_info    0x00000000     0x12a2 ./Core/Src/main.o
 .debug_info    0x000012a2      0xd15 ./Core/Src/stm32l4xx_hal_msp.o
 .debug_info    0x00001fb7      0x6cb ./Core/Src/stm32l4xx_it.o
 .debug_info    0x00002682      0x5e2 ./Core/Src/system_stm32l4xx.o
 .debug_info    0x00002c64       0x30 ./Core/Startup/startup_stm32l476rgtx.o
 .debug_info    0x00002c94      0xb2d ./Drivers/STM32L4xx_HAL_Driver/Src/stm32l4xx_hal.o
 .debug_info    0x000037c1      0xdad ./Drivers/STM32L4xx_HAL_Driver/Src/stm32l4xx_hal_cortex.o
 .debug_info    0x0000456e      0x79f ./Drivers/STM32L4xx_HAL_Driver/Src/stm32l4xx_hal_gpio.o
 .debug_info    0x00004d0d     0x14fd ./Drivers/STM32L4xx_HAL_Driver/Src/stm32l4xx_hal_pcd.o
 .debug_info    0x0000620a      0x8d2 ./Drivers/STM32L4xx_HAL_Driver/Src/stm32l4xx_hal_pcd_ex.o
 .debug_info    0x00006adc      0x94a ./Drivers/STM32L4xx_HAL_Driver/Src/stm32l4xx_hal_pwr.o
 .debug_info    0x00007426      0x9ca ./Drivers/STM32L4xx_HAL_Driver/Src/stm32l4xx_hal_pwr_ex.o
 .debug_info    0x00007df0      0xc45 ./Drivers/STM32L4xx_HAL_Driver/Src/stm32l4xx_hal_rcc.o
 .debug_info    0x00008a35      0xe58 ./Drivers/STM32L4xx_HAL_Driver/Src/stm32l4xx_hal_rcc_ex.o
 .debug_info    0x0000988d     0x3b8e ./Drivers/STM32L4xx_HAL_Driver/Src/stm32l4xx_hal_uart.o
 .debug_info    0x0000d41b     0x15ed ./Drivers/STM32L4xx_HAL_Driver/Src/stm32l4xx_ll_usb.o
 .debug_info    0x0000ea08      0xaca ./Middlewares/ST/STM32_USB_Device_Library/Class/HID/Src/usbd_hid.o
 .debug_info    0x0000f4d2      0xe4b ./Middlewares/ST/STM32_USB_Device_Library/Core/Src/usbd_core.o
 .debug_info    0x0001031d      0xb24 ./Middlewares/ST/STM32_USB_Device_Library/Core/Src/usbd_ctlreq.o
 .debug_info    0x00010e41      0x79b ./Middlewares/ST/STM32_USB_Device_Library/Core/Src/usbd_ioreq.o
 .debug_info    0x000115dc      0x635 ./USB_DEVICE/App/usb_device.o
 .debug_info    0x00011c11      0x4e6 ./USB_DEVICE/App/usbd_desc.o
 .debug_info    0x000120f7     0x2099 ./USB_DEVICE/Target/usbd_conf.o

.debug_abbrev   0x00000000     0x3395
 .debug_abbrev  0x00000000      0x2e7 ./Core/Src/main.o
 .debug_abbrev  0x000002e7      0x1d1 ./Core/Src/stm32l4xx_hal_msp.o
 .debug_abbrev  0x000004b8      0x1bc ./Core/Src/stm32l4xx_it.o
 .debug_abbrev  0x00000674      0x117 ./Core/Src/system_stm32l4xx.o
 .debug_abbrev  0x0000078b       0x24 ./Core/Startup/startup_stm32l476rgtx.o
 .debug_abbrev  0x000007af      0x243 ./Drivers/STM32L4xx_HAL_Driver/Src/stm32l4xx_hal.o
 .debug_abbrev  0x000009f2      0x31c ./Drivers/STM32L4xx_HAL_Driver/Src/stm32l4xx_hal_cortex.o
 .debug_abbrev  0x00000d0e      0x1d1 ./Drivers/STM32L4xx_HAL_Driver/Src/stm32l4xx_hal_gpio.o
 .debug_abbrev  0x00000edf      0x2eb ./Drivers/STM32L4xx_HAL_Driver/Src/stm32l4xx_hal_pcd.o
 .debug_abbrev  0x000011ca      0x25c ./Drivers/STM32L4xx_HAL_Driver/Src/stm32l4xx_hal_pcd_ex.o
 .debug_abbrev  0x00001426      0x1e5 ./Drivers/STM32L4xx_HAL_Driver/Src/stm32l4xx_hal_pwr.o
 .debug_abbrev  0x0000160b      0x1f9 ./Drivers/STM32L4xx_HAL_Driver/Src/stm32l4xx_hal_pwr_ex.o
 .debug_abbrev  0x00001804      0x2dc ./Drivers/STM32L4xx_HAL_Driver/Src/stm32l4xx_hal_rcc.o
 .debug_abbrev  0x00001ae0      0x2a5 ./Drivers/STM32L4xx_HAL_Driver/Src/stm32l4xx_hal_rcc_ex.o
 .debug_abbrev  0x00001d85      0x2f3 ./Drivers/STM32L4xx_HAL_Driver/Src/stm32l4xx_hal_uart.o
 .debug_abbrev  0x00002078      0x2b1 ./Drivers/STM32L4xx_HAL_Driver/Src/stm32l4xx_ll_usb.o
 .debug_abbrev  0x00002329      0x2ba ./Middlewares/ST/STM32_USB_Device_Library/Class/HID/Src/usbd_hid.o
 .debug_abbrev  0x000025e3      0x294 ./Middlewares/ST/STM32_USB_Device_Library/Core/Src/usbd_core.o
 .debug_abbrev  0x00002877      0x276 ./Middlewares/ST/STM32_USB_Device_Library/Core/Src/usbd_ctlreq.o
 .debug_abbrev  0x00002aed      0x1b2 ./Middlewares/ST/STM32_USB_Device_Library/Core/Src/usbd_ioreq.o
 .debug_abbrev  0x00002c9f      0x1a8 ./USB_DEVICE/App/usb_device.o
 .debug_abbrev  0x00002e47      0x1fb ./USB_DEVICE/App/usbd_desc.o
 .debug_abbrev  0x00003042      0x353 ./USB_DEVICE/Target/usbd_conf.o

.debug_aranges  0x00000000     0x1020
 .debug_aranges
                0x00000000       0x40 ./Core/Src/main.o
 .debug_aranges
                0x00000040       0x30 ./Core/Src/stm32l4xx_hal_msp.o
 .debug_aranges
                0x00000070       0x68 ./Core/Src/stm32l4xx_it.o
 .debug_aranges
                0x000000d8       0x28 ./Core/Src/system_stm32l4xx.o
 .debug_aranges
                0x00000100       0x28 ./Core/Startup/startup_stm32l476rgtx.o
 .debug_aranges
                0x00000128      0x130 ./Drivers/STM32L4xx_HAL_Driver/Src/stm32l4xx_hal.o
 .debug_aranges
                0x00000258      0x128 ./Drivers/STM32L4xx_HAL_Driver/Src/stm32l4xx_hal_cortex.o
 .debug_aranges
                0x00000380       0x58 ./Drivers/STM32L4xx_HAL_Driver/Src/stm32l4xx_hal_gpio.o
 .debug_aranges
                0x000003d8      0x138 ./Drivers/STM32L4xx_HAL_Driver/Src/stm32l4xx_hal_pcd.o
 .debug_aranges
                0x00000510       0x60 ./Drivers/STM32L4xx_HAL_Driver/Src/stm32l4xx_hal_pcd_ex.o
 .debug_aranges
                0x00000570       0x98 ./Drivers/STM32L4xx_HAL_Driver/Src/stm32l4xx_hal_pwr.o
 .debug_aranges
                0x00000608      0x160 ./Drivers/STM32L4xx_HAL_Driver/Src/stm32l4xx_hal_pwr_ex.o
 .debug_aranges
                0x00000768       0x90 ./Drivers/STM32L4xx_HAL_Driver/Src/stm32l4xx_hal_rcc.o
 .debug_aranges
                0x000007f8       0xc0 ./Drivers/STM32L4xx_HAL_Driver/Src/stm32l4xx_hal_rcc_ex.o
 .debug_aranges
                0x000008b8      0x228 ./Drivers/STM32L4xx_HAL_Driver/Src/stm32l4xx_hal_uart.o
 .debug_aranges
                0x00000ae0      0x180 ./Drivers/STM32L4xx_HAL_Driver/Src/stm32l4xx_ll_usb.o
 .debug_aranges
                0x00000c60       0x68 ./Middlewares/ST/STM32_USB_Device_Library/Class/HID/Src/usbd_hid.o
 .debug_aranges
                0x00000cc8       0xd8 ./Middlewares/ST/STM32_USB_Device_Library/Core/Src/usbd_core.o
 .debug_aranges
                0x00000da0       0x90 ./Middlewares/ST/STM32_USB_Device_Library/Core/Src/usbd_ctlreq.o
 .debug_aranges
                0x00000e30       0x50 ./Middlewares/ST/STM32_USB_Device_Library/Core/Src/usbd_ioreq.o
 .debug_aranges
                0x00000e80       0x20 ./USB_DEVICE/App/usb_device.o
 .debug_aranges
                0x00000ea0       0x68 ./USB_DEVICE/App/usbd_desc.o
 .debug_aranges
                0x00000f08      0x118 ./USB_DEVICE/Target/usbd_conf.o

.debug_rnglists
                0x00000000      0xc2f
 .debug_rnglists
                0x00000000       0x2d ./Core/Src/main.o
 .debug_rnglists
                0x0000002d       0x20 ./Core/Src/stm32l4xx_hal_msp.o
 .debug_rnglists
                0x0000004d       0x49 ./Core/Src/stm32l4xx_it.o
 .debug_rnglists
                0x00000096       0x1a ./Core/Src/system_stm32l4xx.o
 .debug_rnglists
                0x000000b0       0x19 ./Core/Startup/startup_stm32l476rgtx.o
 .debug_rnglists
                0x000000c9       0xdf ./Drivers/STM32L4xx_HAL_Driver/Src/stm32l4xx_hal.o
 .debug_rnglists
                0x000001a8       0xda ./Drivers/STM32L4xx_HAL_Driver/Src/stm32l4xx_hal_cortex.o
 .debug_rnglists
                0x00000282       0x3f ./Drivers/STM32L4xx_HAL_Driver/Src/stm32l4xx_hal_gpio.o
 .debug_rnglists
                0x000002c1       0xed ./Drivers/STM32L4xx_HAL_Driver/Src/stm32l4xx_hal_pcd.o
 .debug_rnglists
                0x000003ae       0x45 ./Drivers/STM32L4xx_HAL_Driver/Src/stm32l4xx_hal_pcd_ex.o
 .debug_rnglists
                0x000003f3       0x6e ./Drivers/STM32L4xx_HAL_Driver/Src/stm32l4xx_hal_pwr.o
 .debug_rnglists
                0x00000461      0x109 ./Drivers/STM32L4xx_HAL_Driver/Src/stm32l4xx_hal_pwr_ex.o
 .debug_rnglists
                0x0000056a       0x6d ./Drivers/STM32L4xx_HAL_Driver/Src/stm32l4xx_hal_rcc.o
 .debug_rnglists
                0x000005d7       0x95 ./Drivers/STM32L4xx_HAL_Driver/Src/stm32l4xx_hal_rcc_ex.o
 .debug_rnglists
                0x0000066c      0x1da ./Drivers/STM32L4xx_HAL_Driver/Src/stm32l4xx_hal_uart.o
 .debug_rnglists
                0x00000846      0x12b ./Drivers/STM32L4xx_HAL_Driver/Src/stm32l4xx_ll_usb.o
 .debug_rnglists
                0x00000971       0x4c ./Middlewares/ST/STM32_USB_Device_Library/Class/HID/Src/usbd_hid.o
 .debug_rnglists
                0x000009bd       0xa1 ./Middlewares/ST/STM32_USB_Device_Library/Core/Src/usbd_core.o
 .debug_rnglists
                0x00000a5e       0x6e ./Middlewares/ST/STM32_USB_Device_Library/Core/Src/usbd_ctlreq.o
 .debug_rnglists
                0x00000acc       0x37 ./Middlewares/ST/STM32_USB_Device_Library/Core/Src/usbd_ioreq.o
 .debug_rnglists
                0x00000b03       0x13 ./USB_DEVICE/App/usb_device.o
 .debug_rnglists
                0x00000b16       0x49 ./USB_DEVICE/App/usbd_desc.o
 .debug_rnglists
                0x00000b5f       0xd0 ./USB_DEVICE/Target/usbd_conf.o

.debug_macro    0x00000000    0x2872d
 .debug_macro   0x00000000      0x352 ./Core/Src/main.o
 .debug_macro   0x00000352      0xad8 ./Core/Src/main.o
 .debug_macro   0x00000e2a      0x1a7 ./Core/Src/main.o
 .debug_macro   0x00000fd1       0x2e ./Core/Src/main.o
 .debug_macro   0x00000fff       0x28 ./Core/Src/main.o
 .debug_macro   0x00001027       0x22 ./Core/Src/main.o
 .debug_macro   0x00001049       0x8e ./Core/Src/main.o
 .debug_macro   0x000010d7       0x51 ./Core/Src/main.o
 .debug_macro   0x00001128      0x103 ./Core/Src/main.o
 .debug_macro   0x0000122b       0x6a ./Core/Src/main.o
 .debug_macro   0x00001295      0x1df ./Core/Src/main.o
 .debug_macro   0x00001474       0x1c ./Core/Src/main.o
 .debug_macro   0x00001490       0x22 ./Core/Src/main.o
 .debug_macro   0x000014b2       0xfb ./Core/Src/main.o
 .debug_macro   0x000015ad     0x1011 ./Core/Src/main.o
 .debug_macro   0x000025be      0x11f ./Core/Src/main.o
 .debug_macro   0x000026dd    0x1a192 ./Core/Src/main.o
 .debug_macro   0x0001c86f       0x6d ./Core/Src/main.o
 .debug_macro   0x0001c8dc     0x38fb ./Core/Src/main.o
 .debug_macro   0x000201d7      0x190 ./Core/Src/main.o
 .debug_macro   0x00020367       0x5c ./Core/Src/main.o
 .debug_macro   0x000203c3     0x159e ./Core/Src/main.o
 .debug_macro   0x00021961      0x5a5 ./Core/Src/main.o
 .debug_macro   0x00021f06      0x1b9 ./Core/Src/main.o
 .debug_macro   0x000220bf      0x18b ./Core/Src/main.o
 .debug_macro   0x0002224a      0x2c4 ./Core/Src/main.o
 .debug_macro   0x0002250e      0x27a ./Core/Src/main.o
 .debug_macro   0x00022788      0x23d ./Core/Src/main.o
 .debug_macro   0x000229c5      0x241 ./Core/Src/main.o
 .debug_macro   0x00022c06      0x37c ./Core/Src/main.o
 .debug_macro   0x00022f82       0xd6 ./Core/Src/main.o
 .debug_macro   0x00023058      0x215 ./Core/Src/main.o
 .debug_macro   0x0002326d       0x97 ./Core/Src/main.o
 .debug_macro   0x00023304      0x122 ./Core/Src/main.o
 .debug_macro   0x00023426      0x3ef ./Core/Src/main.o
 .debug_macro   0x00023815      0x5cf ./Core/Src/main.o
 .debug_macro   0x00023de4       0x44 ./Core/Src/main.o
 .debug_macro   0x00023e28      0x330 ./Core/Src/main.o
 .debug_macro   0x00024158       0x4c ./Core/Src/main.o
 .debug_macro   0x000241a4       0x61 ./Core/Src/main.o
 .debug_macro   0x00024205       0x2a ./Core/Src/main.o
 .debug_macro   0x0002422f       0x43 ./Core/Src/main.o
 .debug_macro   0x00024272       0x34 ./Core/Src/main.o
 .debug_macro   0x000242a6       0x16 ./Core/Src/main.o
 .debug_macro   0x000242bc       0x3c ./Core/Src/main.o
 .debug_macro   0x000242f8      0x370 ./Core/Src/main.o
 .debug_macro   0x00024668       0x10 ./Core/Src/main.o
 .debug_macro   0x00024678       0x16 ./Core/Src/main.o
 .debug_macro   0x0002468e       0x4a ./Core/Src/main.o
 .debug_macro   0x000246d8       0x34 ./Core/Src/main.o
 .debug_macro   0x0002470c       0x10 ./Core/Src/main.o
 .debug_macro   0x0002471c       0x58 ./Core/Src/main.o
 .debug_macro   0x00024774       0x8e ./Core/Src/main.o
 .debug_macro   0x00024802       0x1c ./Core/Src/main.o
 .debug_macro   0x0002481e      0x185 ./Core/Src/main.o
 .debug_macro   0x000249a3       0x16 ./Core/Src/main.o
 .debug_macro   0x000249b9       0x16 ./Core/Src/main.o
 .debug_macro   0x000249cf      0x146 ./Core/Src/main.o
 .debug_macro   0x00024b15       0x16 ./Core/Src/main.o
 .debug_macro   0x00024b2b       0x16 ./Core/Src/main.o
 .debug_macro   0x00024b41       0x29 ./Core/Src/main.o
 .debug_macro   0x00024b6a       0x16 ./Core/Src/main.o
 .debug_macro   0x00024b80       0x20 ./Core/Src/main.o
 .debug_macro   0x00024ba0       0x65 ./Core/Src/main.o
 .debug_macro   0x00024c05      0x20f ./Core/Src/main.o
 .debug_macro   0x00024e14      0x1ee ./Core/Src/stm32l4xx_hal_msp.o
 .debug_macro   0x00025002      0x1f8 ./Core/Src/stm32l4xx_it.o
 .debug_macro   0x000251fa      0x1df ./Core/Src/system_stm32l4xx.o
 .debug_macro   0x000253d9      0x22d ./Drivers/STM32L4xx_HAL_Driver/Src/stm32l4xx_hal.o
 .debug_macro   0x00025606      0x1df ./Drivers/STM32L4xx_HAL_Driver/Src/stm32l4xx_hal_cortex.o
 .debug_macro   0x000257e5      0x1e6 ./Drivers/STM32L4xx_HAL_Driver/Src/stm32l4xx_hal_gpio.o
 .debug_macro   0x000259cb      0x1eb ./Drivers/STM32L4xx_HAL_Driver/Src/stm32l4xx_hal_pcd.o
 .debug_macro   0x00025bb6      0x1df ./Drivers/STM32L4xx_HAL_Driver/Src/stm32l4xx_hal_pcd_ex.o
 .debug_macro   0x00025d95      0x1f7 ./Drivers/STM32L4xx_HAL_Driver/Src/stm32l4xx_hal_pwr.o
 .debug_macro   0x00025f8c      0x203 ./Drivers/STM32L4xx_HAL_Driver/Src/stm32l4xx_hal_pwr_ex.o
 .debug_macro   0x0002618f      0x221 ./Drivers/STM32L4xx_HAL_Driver/Src/stm32l4xx_hal_rcc.o
 .debug_macro   0x000263b0      0x215 ./Drivers/STM32L4xx_HAL_Driver/Src/stm32l4xx_hal_rcc_ex.o
 .debug_macro   0x000265c5      0x20a ./Drivers/STM32L4xx_HAL_Driver/Src/stm32l4xx_hal_uart.o
 .debug_macro   0x000267cf      0x1df ./Drivers/STM32L4xx_HAL_Driver/Src/stm32l4xx_ll_usb.o
 .debug_macro   0x000269ae      0x37d ./Middlewares/ST/STM32_USB_Device_Library/Class/HID/Src/usbd_hid.o
 .debug_macro   0x00026d2b       0x9e ./Middlewares/ST/STM32_USB_Device_Library/Class/HID/Src/usbd_hid.o
 .debug_macro   0x00026dc9      0x112 ./Middlewares/ST/STM32_USB_Device_Library/Class/HID/Src/usbd_hid.o
 .debug_macro   0x00026edb       0x56 ./Middlewares/ST/STM32_USB_Device_Library/Class/HID/Src/usbd_hid.o
 .debug_macro   0x00026f31       0x5f ./Middlewares/ST/STM32_USB_Device_Library/Class/HID/Src/usbd_hid.o
 .debug_macro   0x00026f90      0x364 ./Middlewares/ST/STM32_USB_Device_Library/Core/Src/usbd_core.o
 .debug_macro   0x000272f4      0x215 ./Middlewares/ST/STM32_USB_Device_Library/Core/Src/usbd_core.o
 .debug_macro   0x00027509      0x36e ./Middlewares/ST/STM32_USB_Device_Library/Core/Src/usbd_ctlreq.o
 .debug_macro   0x00027877      0x36a ./Middlewares/ST/STM32_USB_Device_Library/Core/Src/usbd_ioreq.o
 .debug_macro   0x00027be1      0x394 ./USB_DEVICE/App/usb_device.o
 .debug_macro   0x00027f75       0x52 ./USB_DEVICE/App/usb_device.o
 .debug_macro   0x00027fc7       0x22 ./USB_DEVICE/App/usb_device.o
 .debug_macro   0x00027fe9      0x3a7 ./USB_DEVICE/App/usbd_desc.o
 .debug_macro   0x00028390       0x1c ./USB_DEVICE/App/usbd_desc.o
 .debug_macro   0x000283ac      0x381 ./USB_DEVICE/Target/usbd_conf.o

.debug_line     0x00000000    0x14490
 .debug_line    0x00000000      0xac5 ./Core/Src/main.o
 .debug_line    0x00000ac5      0x7d6 ./Core/Src/stm32l4xx_hal_msp.o
 .debug_line    0x0000129b      0x83a ./Core/Src/stm32l4xx_it.o
 .debug_line    0x00001ad5      0x811 ./Core/Src/system_stm32l4xx.o
 .debug_line    0x000022e6       0x7a ./Core/Startup/startup_stm32l476rgtx.o
 .debug_line    0x00002360      0xb79 ./Drivers/STM32L4xx_HAL_Driver/Src/stm32l4xx_hal.o
 .debug_line    0x00002ed9      0xd14 ./Drivers/STM32L4xx_HAL_Driver/Src/stm32l4xx_hal_cortex.o
 .debug_line    0x00003bed      0xbcd ./Drivers/STM32L4xx_HAL_Driver/Src/stm32l4xx_hal_gpio.o
 .debug_line    0x000047ba     0x135a ./Drivers/STM32L4xx_HAL_Driver/Src/stm32l4xx_hal_pcd.o
 .debug_line    0x00005b14      0x979 ./Drivers/STM32L4xx_HAL_Driver/Src/stm32l4xx_hal_pcd_ex.o
 .debug_line    0x0000648d      0x944 ./Drivers/STM32L4xx_HAL_Driver/Src/stm32l4xx_hal_pwr.o
 .debug_line    0x00006dd1      0xd5b ./Drivers/STM32L4xx_HAL_Driver/Src/stm32l4xx_hal_pwr_ex.o
 .debug_line    0x00007b2c     0x10ce ./Drivers/STM32L4xx_HAL_Driver/Src/stm32l4xx_hal_rcc.o
 .debug_line    0x00008bfa     0x159c ./Drivers/STM32L4xx_HAL_Driver/Src/stm32l4xx_hal_rcc_ex.o
 .debug_line    0x0000a196     0x2dac ./Drivers/STM32L4xx_HAL_Driver/Src/stm32l4xx_hal_uart.o
 .debug_line    0x0000cf42     0x17e6 ./Drivers/STM32L4xx_HAL_Driver/Src/stm32l4xx_ll_usb.o
 .debug_line    0x0000e728      0xca0 ./Middlewares/ST/STM32_USB_Device_Library/Class/HID/Src/usbd_hid.o
 .debug_line    0x0000f3c8      0xf8a ./Middlewares/ST/STM32_USB_Device_Library/Core/Src/usbd_core.o
 .debug_line    0x00010352     0x1169 ./Middlewares/ST/STM32_USB_Device_Library/Core/Src/usbd_ctlreq.o
 .debug_line    0x000114bb      0xa91 ./Middlewares/ST/STM32_USB_Device_Library/Core/Src/usbd_ioreq.o
 .debug_line    0x00011f4c      0xa39 ./USB_DEVICE/App/usb_device.o
 .debug_line    0x00012985      0xb1b ./USB_DEVICE/App/usbd_desc.o
 .debug_line    0x000134a0      0xff0 ./USB_DEVICE/Target/usbd_conf.o

.debug_str      0x00000000    0xecc8c
 .debug_str     0x00000000    0xecc8c ./Core/Src/main.o
                              0xe87b3 (size before relaxing)
 .debug_str     0x000ecc8c    0xe40d5 ./Core/Src/stm32l4xx_hal_msp.o
 .debug_str     0x000ecc8c    0xe3cb5 ./Core/Src/stm32l4xx_it.o
 .debug_str     0x000ecc8c    0xe38cc ./Core/Src/system_stm32l4xx.o
 .debug_str     0x000ecc8c       0x91 ./Core/Startup/startup_stm32l476rgtx.o
 .debug_str     0x000ecc8c    0xe4474 ./Drivers/STM32L4xx_HAL_Driver/Src/stm32l4xx_hal.o
 .debug_str     0x000ecc8c    0xe4145 ./Drivers/STM32L4xx_HAL_Driver/Src/stm32l4xx_hal_cortex.o
 .debug_str     0x000ecc8c    0xe3a57 ./Drivers/STM32L4xx_HAL_Driver/Src/stm32l4xx_hal_gpio.o
 .debug_str     0x000ecc8c    0xe434d ./Drivers/STM32L4xx_HAL_Driver/Src/stm32l4xx_hal_pcd.o
 .debug_str     0x000ecc8c    0xe3d1b ./Drivers/STM32L4xx_HAL_Driver/Src/stm32l4xx_hal_pcd_ex.o
 .debug_str     0x000ecc8c    0xe3c37 ./Drivers/STM32L4xx_HAL_Driver/Src/stm32l4xx_hal_pwr.o
 .debug_str     0x000ecc8c    0xe3e27 ./Drivers/STM32L4xx_HAL_Driver/Src/stm32l4xx_hal_pwr_ex.o
 .debug_str     0x000ecc8c    0xe3f12 ./Drivers/STM32L4xx_HAL_Driver/Src/stm32l4xx_hal_rcc.o
 .debug_str     0x000ecc8c    0xe409d ./Drivers/STM32L4xx_HAL_Driver/Src/stm32l4xx_hal_rcc_ex.o
 .debug_str     0x000ecc8c    0xe4624 ./Drivers/STM32L4xx_HAL_Driver/Src/stm32l4xx_hal_uart.o
 .debug_str     0x000ecc8c    0xe4007 ./Drivers/STM32L4xx_HAL_Driver/Src/stm32l4xx_ll_usb.o
 .debug_str     0x000ecc8c    0xe83e6 ./Middlewares/ST/STM32_USB_Device_Library/Class/HID/Src/usbd_hid.o
 .debug_str     0x000ecc8c    0xe8351 ./Middlewares/ST/STM32_USB_Device_Library/Core/Src/usbd_core.o
 .debug_str     0x000ecc8c    0xe817c ./Middlewares/ST/STM32_USB_Device_Library/Core/Src/usbd_ctlreq.o
 .debug_str     0x000ecc8c    0xe8051 ./Middlewares/ST/STM32_USB_Device_Library/Core/Src/usbd_ioreq.o
 .debug_str     0x000ecc8c    0xe81e4 ./USB_DEVICE/App/usb_device.o
 .debug_str     0x000ecc8c    0xe7f73 ./USB_DEVICE/App/usbd_desc.o
 .debug_str     0x000ecc8c    0xe94b9 ./USB_DEVICE/Target/usbd_conf.o

.comment        0x00000000       0x43
 .comment       0x00000000       0x43 ./Core/Src/main.o
                                 0x44 (size before relaxing)
 .comment       0x00000043       0x44 ./Core/Src/stm32l4xx_hal_msp.o
 .comment       0x00000043       0x44 ./Core/Src/stm32l4xx_it.o
 .comment       0x00000043       0x44 ./Core/Src/system_stm32l4xx.o
 .comment       0x00000043       0x44 ./Drivers/STM32L4xx_HAL_Driver/Src/stm32l4xx_hal.o
 .comment       0x00000043       0x44 ./Drivers/STM32L4xx_HAL_Driver/Src/stm32l4xx_hal_cortex.o
 .comment       0x00000043       0x44 ./Drivers/STM32L4xx_HAL_Driver/Src/stm32l4xx_hal_gpio.o
 .comment       0x00000043       0x44 ./Drivers/STM32L4xx_HAL_Driver/Src/stm32l4xx_hal_pcd.o
 .comment       0x00000043       0x44 ./Drivers/STM32L4xx_HAL_Driver/Src/stm32l4xx_hal_pcd_ex.o
 .comment       0x00000043       0x44 ./Drivers/STM32L4xx_HAL_Driver/Src/stm32l4xx_hal_pwr.o
 .comment       0x00000043       0x44 ./Drivers/STM32L4xx_HAL_Driver/Src/stm32l4xx_hal_pwr_ex.o
 .comment       0x00000043       0x44 ./Drivers/STM32L4xx_HAL_Driver/Src/stm32l4xx_hal_rcc.o
 .comment       0x00000043       0x44 ./Drivers/STM32L4xx_HAL_Driver/Src/stm32l4xx_hal_rcc_ex.o
 .comment       0x00000043       0x44 ./Drivers/STM32L4xx_HAL_Driver/Src/stm32l4xx_hal_uart.o
 .comment       0x00000043       0x44 ./Drivers/STM32L4xx_HAL_Driver/Src/stm32l4xx_ll_usb.o
 .comment       0x00000043       0x44 ./Middlewares/ST/STM32_USB_Device_Library/Class/HID/Src/usbd_hid.o
 .comment       0x00000043       0x44 ./Middlewares/ST/STM32_USB_Device_Library/Core/Src/usbd_core.o
 .comment       0x00000043       0x44 ./Middlewares/ST/STM32_USB_Device_Library/Core/Src/usbd_ctlreq.o
 .comment       0x00000043       0x44 ./Middlewares/ST/STM32_USB_Device_Library/Core/Src/usbd_ioreq.o
 .comment       0x00000043       0x44 ./USB_DEVICE/App/usb_device.o
 .comment       0x00000043       0x44 ./USB_DEVICE/App/usbd_desc.o
 .comment       0x00000043       0x44 ./USB_DEVICE/Target/usbd_conf.o

.debug_frame    0x00000000     0x417c
 .debug_frame   0x00000000       0xa8 ./Core/Src/main.o
 .debug_frame   0x000000a8       0x84 ./Core/Src/stm32l4xx_hal_msp.o
 .debug_frame   0x0000012c      0x120 ./Core/Src/stm32l4xx_it.o
 .debug_frame   0x0000024c       0x58 ./Core/Src/system_stm32l4xx.o
 .debug_frame   0x000002a4      0x498 ./Drivers/STM32L4xx_HAL_Driver/Src/stm32l4xx_hal.o
 .debug_frame   0x0000073c      0x4e8 ./Drivers/STM32L4xx_HAL_Driver/Src/stm32l4xx_hal_cortex.o
 .debug_frame   0x00000c24      0x14c ./Drivers/STM32L4xx_HAL_Driver/Src/stm32l4xx_hal_gpio.o
 .debug_frame   0x00000d70      0x564 ./Drivers/STM32L4xx_HAL_Driver/Src/stm32l4xx_hal_pcd.o
 .debug_frame   0x000012d4      0x174 ./Drivers/STM32L4xx_HAL_Driver/Src/stm32l4xx_hal_pcd_ex.o
 .debug_frame   0x00001448      0x230 ./Drivers/STM32L4xx_HAL_Driver/Src/stm32l4xx_hal_pwr.o
 .debug_frame   0x00001678      0x584 ./Drivers/STM32L4xx_HAL_Driver/Src/stm32l4xx_hal_pwr_ex.o
 .debug_frame   0x00001bfc      0x21c ./Drivers/STM32L4xx_HAL_Driver/Src/stm32l4xx_hal_rcc.o
 .debug_frame   0x00001e18      0x2fc ./Drivers/STM32L4xx_HAL_Driver/Src/stm32l4xx_hal_rcc_ex.o
 .debug_frame   0x00002114      0x9f4 ./Drivers/STM32L4xx_HAL_Driver/Src/stm32l4xx_hal_uart.o
 .debug_frame   0x00002b08      0x720 ./Drivers/STM32L4xx_HAL_Driver/Src/stm32l4xx_ll_usb.o
 .debug_frame   0x00003228      0x184 ./Middlewares/ST/STM32_USB_Device_Library/Class/HID/Src/usbd_hid.o
 .debug_frame   0x000033ac      0x390 ./Middlewares/ST/STM32_USB_Device_Library/Core/Src/usbd_core.o
 .debug_frame   0x0000373c      0x23c ./Middlewares/ST/STM32_USB_Device_Library/Core/Src/usbd_ctlreq.o
 .debug_frame   0x00003978      0x10c ./Middlewares/ST/STM32_USB_Device_Library/Core/Src/usbd_ioreq.o
 .debug_frame   0x00003a84       0x2c ./USB_DEVICE/App/usb_device.o
 .debug_frame   0x00003ab0      0x188 ./USB_DEVICE/App/usbd_desc.o
 .debug_frame   0x00003c38      0x498 ./USB_DEVICE/Target/usbd_conf.o
 .debug_frame   0x000040d0       0x20 C:/ST/STM32CubeIDE_1.19.0/STM32CubeIDE/plugins/com.st.stm32cube.ide.mcu.externaltools.gnu-tools-for-stm32.13.3.rel1.win32_1.0.0.202411081344/tools/bin/../lib/gcc/arm-none-eabi/13.3.1/../../../../arm-none-eabi/lib/thumb/v7e-m+fp/hard\libc_nano.a(libc_a-memset.o)
 .debug_frame   0x000040f0       0x2c C:/ST/STM32CubeIDE_1.19.0/STM32CubeIDE/plugins/com.st.stm32cube.ide.mcu.externaltools.gnu-tools-for-stm32.13.3.rel1.win32_1.0.0.202411081344/tools/bin/../lib/gcc/arm-none-eabi/13.3.1/../../../../arm-none-eabi/lib/thumb/v7e-m+fp/hard\libc_nano.a(libc_a-init.o)
 .debug_frame   0x0000411c       0x2c C:/ST/STM32CubeIDE_1.19.0/STM32CubeIDE/plugins/com.st.stm32cube.ide.mcu.externaltools.gnu-tools-for-stm32.13.3.rel1.win32_1.0.0.202411081344/tools/bin/../lib/gcc/arm-none-eabi/13.3.1/thumb/v7e-m+fp/hard\libgcc.a(_aeabi_uldivmod.o)
 .debug_frame   0x00004148       0x34 C:/ST/STM32CubeIDE_1.19.0/STM32CubeIDE/plugins/com.st.stm32cube.ide.mcu.externaltools.gnu-tools-for-stm32.13.3.rel1.win32_1.0.0.202411081344/tools/bin/../lib/gcc/arm-none-eabi/13.3.1/thumb/v7e-m+fp/hard\libgcc.a(_udivmoddi4.o)

.debug_line_str
                0x00000000       0x75
 .debug_line_str
                0x00000000       0x75 ./Core/Startup/startup_stm32l476rgtx.o
